Log started for experiment: naive_adjacency, waste_collection_area, 56, P=4, Shots=512

--- Running Experiment: Method=naive_adjacency, Cluster=waste_collection_area, ID=56, P=4, Shots=512 ---

STEP 0: Loading VRP data for waste_collection_area ID 56...
VRP data loaded successfully for Waste Collection Area ID 56.
Nodes: [33, 34, 56, 789]
Depot: 56
Customers: [33, 34, 789]

STEP 1: Qubit Allocation (QUBO Encoding)
Total Qubits required (N^2): 16

STEP 2: Loading IBM Quantum credentials and choosing a backend...
Backend selected: ibm_brisbane
Sampler initialized.

STEP 3: Starting classical optimization for QAOA (p=4 layers)...
  [QAOA Obj] Current parameters: gamma=[0.086 0.135 0.543 0.695], beta=[1.526 1.397 1.759 3.056]
  [QAOA Obj] Expected Cost calculated: 11078.125
  [QAOA Obj] Current parameters: gamma=[1.086 0.135 0.543 0.695], beta=[1.526 1.397 1.759 3.056]
  [QAOA Obj] Expected Cost calculated: 11080.078
  [QAOA Obj] Current parameters: gamma=[0.086 1.135 0.543 0.695], beta=[1.526 1.397 1.759 3.056]
  [QAOA Obj] Expected Cost calculated: 11083.984
  [QAOA Obj] Current parameters: gamma=[0.086 0.135 1.543 0.695], beta=[1.526 1.397 1.759 3.056]
  [QAOA Obj] Expected Cost calculated: 11107.422
  [QAOA Obj] Current parameters: gamma=[0.086 0.135 0.543 1.695], beta=[1.526 1.397 1.759 3.056]
  [QAOA Obj] Expected Cost calculated: 10978.516
  [QAOA Obj] Current parameters: gamma=[0.086 0.135 0.543 1.695], beta=[2.526 1.397 1.759 3.056]
  [QAOA Obj] Expected Cost calculated: 11046.875
  [QAOA Obj] Current parameters: gamma=[0.086 0.135 0.543 1.695], beta=[1.526 2.397 1.759 3.056]
  [QAOA Obj] Expected Cost calculated: 11019.531
  [QAOA Obj] Current parameters: gamma=[0.086 0.135 0.543 1.695], beta=[1.526 1.397 2.759 3.056]
  [QAOA Obj] Expected Cost calculated: 11050.781
  [QAOA Obj] Current parameters: gamma=[0.086 0.135 0.543 1.695], beta=[1.526 1.397 1.759 4.056]
  [QAOA Obj] Expected Cost calculated: 11050.781
  [QAOA Obj] Current parameters: gamma=[0.072 0.091 0.323 0.785], beta=[1.014 1.09  1.218 2.515]
  [QAOA Obj] Expected Cost calculated: 10871.094
  [QAOA Obj] Current parameters: gamma=[0.052 0.031 0.024 0.785], beta=[0.    0.334 0.144 1.441]
  [QAOA Obj] Expected Cost calculated: 11003.906

Optimization finished.
Optimal Parameters: gamma=[0.072 0.091 0.323 0.785], beta=[1.014 1.09  1.218 2.515]
Minimum Expected Cost found: 10871.094

STEP 4: Running QAOA circuit with optimal parameters...

STEP 5: Processing results and saving to CSV...
All measurement counts from 512 shots:
{'0101101110010101': 1, '0001001101111101': 1, '0000001010001011': 1, '1110001001000001': 1, '0011001001000001': 1, '0100001110011100': 1, '0100000010001001': 1, '1110001011110010': 1, '0000011111110000': 1, '1001111110010010': 1, '0100111101010001': 1, '1000011010010100': 1, '1111001000101001': 1, '1110100100000000': 1, '0010000100011000': 1, '1101111011110010': 1, '0111110010000110': 1, '0111001010001010': 1, '0000101101010000': 1, '1101101110000011': 1, '0111110001010010': 1, '0011000001001111': 1, '1101001111100111': 1, '1000001011001111': 1, '1010100001010011': 1, '0100100010010010': 1, '1011010011001001': 1, '1011111110011110': 1, '0100000000001000': 1, '1011010100110001': 1, '1110101001111100': 1, '1111110101100000': 1, '1000100010110100': 1, '1000110011111100': 1, '1000000110111011': 1, '1011110001100001': 1, '0001100011100000': 1, '1010100011000110': 1, '1000110010111001': 1, '0111100100001010': 1, '0101001000000110': 1, '1001111111100010': 1, '0001000111001100': 1, '1010111011001000': 1, '1011001101101101': 1, '0101111101011001': 1, '0101000001110011': 1, '1111101011101101': 1, '0110001001101011': 1, '0011101011000011': 1, '0110000010011011': 1, '1001010111011111': 1, '1100100010000101': 1, '1011010001101011': 1, '0011000111110001': 1, '0011110111101000': 1, '0110111111011011': 1, '0011011101010000': 1, '1011110010111000': 1, '1010111111101001': 1, '1000111011001101': 1, '1010101011101001': 1, '1111110011010000': 1, '1111101111011011': 1, '1100010010011111': 1, '0011101011000000': 1, '0011010001000001': 1, '0010000011110010': 1, '0011001101111000': 1, '1011011011000001': 1, '1110010001000001': 1, '0001010101011010': 1, '0001010010010101': 1, '1010110101000000': 1, '0100101101000101': 1, '0111111101000010': 1, '1110000001010010': 1, '0111100111110100': 1, '0101001011101110': 1, '0010111101000011': 1, '0100111110101000': 1, '1011001111010010': 1, '1111011110010001': 1, '0001000001010001': 1, '0110011000001110': 1, '0000011011100101': 1, '0000000111100011': 1, '1111101010100111': 1, '0111011000101001': 1, '1101111110001011': 1, '1001000010100010': 1, '1011001010110111': 1, '1111100001110110': 1, '0110001001000011': 1, '1001101000011110': 1, '0110010100010010': 1, '0011010001000011': 1, '0111001010011000': 1, '1100010000010000': 1, '0101101101111010': 1, '0010001100010000': 1, '1101101001100011': 1, '0000111000100100': 1, '0011001011011000': 1, '1110001001110110': 1, '0111000000111101': 1, '1001001010100110': 1, '1010110011001010': 1, '0100010100010011': 1, '0101111010111110': 1, '0010001010110001': 1, '1101001010001011': 1, '1011010010110001': 1, '1000001111110011': 1, '0101011000001011': 1, '1100100010111110': 1, '0100011110000001': 1, '1111111011111001': 1, '0111001011100010': 1, '0000111000000111': 1, '0111001101010000': 1, '1010111011100010': 1, '0111101010010011': 1, '0101110001010010': 1, '0000011111100100': 1, '1000000100001011': 1, '1011110000001001': 1, '1000000100010000': 1, '0110100101100010': 1, '1111100001111001': 1, '0010100010010001': 1, '1110111111100011': 1, '0110010011101011': 1, '1101110111000001': 1, '0011000011000000': 1, '0101001000110000': 1, '0011000101110001': 1, '1100000011001000': 1, '0111110011111001': 1, '1101101000100010': 1, '1000100000100000': 1, '0101101000110001': 1, '1011101011100001': 1, '0101010001100001': 1, '0000011110011010': 1, '0010100000000011': 1, '1100001001111110': 1, '0110011011101010': 1, '0110000000101101': 1, '0110110011000001': 1, '0011011001100010': 1, '1000100100100010': 1, '1001001100100101': 1, '1010111010010100': 1, '1000110100011110': 1, '0111000111100000': 1, '1001101110001110': 1, '0111101110000000': 1, '1110111010101001': 1, '0000111001001110': 1, '1001101010110011': 1, '1101100011100010': 1, '1010000111000010': 1, '0101101111110001': 1, '1111100011010101': 1, '0010010010111100': 1, '1010010101100000': 1, '0100010010001000': 1, '0011110001000000': 1, '0010111001110111': 1, '0010000000010010': 1, '0100010000111011': 1, '0011101010100000': 1, '0011110111010010': 1, '1000000001110001': 1, '0100111010000010': 1, '0010110101100001': 1, '1011000101010010': 1, '0110011010001101': 1, '1001111001100100': 1, '1000001111000110': 1, '1100001010001000': 1, '0111101010100011': 1, '1101011011110110': 1, '0100101110000010': 1, '1010011001100110': 1, '1110011110011100': 1, '1101000011110110': 1, '0110101100000011': 1, '0011010010100111': 1, '1011101110011011': 1, '0000001001010000': 1, '0100000010111001': 1, '0001000011001100': 1, '1110010001100000': 1, '0110010011110101': 1, '0010001101100010': 1, '0111100001010011': 1, '1001000110101011': 1, '1110001011000100': 1, '0111110100001110': 1, '1101010011000100': 1, '1100010010110101': 1, '1000010010000001': 1, '1111000010010101': 1, '0100011011100010': 1, '1000001001010100': 1, '0111110111110001': 1, '0110100011001011': 1, '1010011111000000': 1, '0111011010000010': 1, '1111101101100010': 1, '1101110010001100': 1, '1110100111000001': 1, '0000001001000101': 1, '0000001011000010': 1, '0010001010110000': 1, '1110110111001001': 1, '1100100011101000': 1, '1101000001000011': 1, '0011110110110111': 1, '1110111001010010': 1, '0100011110001000': 1, '1101000000001110': 1, '1011110010100110': 1, '1100100000100011': 1, '1100111011100111': 1, '1011100001111010': 1, '1010101011100110': 1, '1111000110001110': 1, '0101001000001110': 1, '1111010110100001': 1, '1011101100010110': 1, '0101010000110010': 1, '1101010000100010': 1, '1000011111000110': 1, '0010000000111111': 1, '0111111011101000': 1, '0011010010111111': 1, '0101011100101110': 1, '1011111010110011': 1, '1110011010010010': 1, '1011101011001010': 1, '0110100000000001': 1, '1000101000011000': 1, '1011011010101011': 1, '0100001001100010': 1, '1111100011101000': 1, '1101100011101010': 1, '0011000011000100': 1, '0111110111010001': 1, '1001110000010011': 1, '1101000011010001': 1, '1110111011111100': 1, '1111000010100000': 2, '0101001111001011': 1, '0100101011011011': 1, '1000011011111101': 1, '1010101000000110': 1, '0111001011010010': 1, '1111100111000011': 1, '1111110011001110': 1, '0001110010010101': 1, '1111100000010010': 1, '0010111001000010': 1, '0110110010010011': 1, '0001101000010011': 1, '1111100010111010': 1, '1001111110100011': 1, '0001000010010001': 1, '1110111011110000': 1, '1100001101010011': 1, '0000100011100111': 1, '1000101001000001': 1, '0011101000100010': 1, '1101100100010000': 1, '0101101100010001': 1, '1001000010000101': 1, '0100100011000010': 1, '0001100011111000': 1, '0000101001110110': 1, '0111110001000101': 1, '0001100000000011': 1, '0000000100100000': 1, '0000101010101011': 1, '1000011001110001': 1, '1101011001110100': 1, '1000110001001011': 1, '1011101011011101': 1, '0111001011011000': 1, '1110110111111010': 1, '0111000111101111': 1, '0101101000001000': 1, '0010110011100101': 1, '1111111010111100': 1, '0110110000100100': 1, '1001111011001010': 1, '0111110010111011': 1, '1111101001000001': 1, '0110011010000011': 1, '1010001001100011': 1, '0001000101010011': 1, '1111100000101110': 1, '1101000110001111': 1, '1100010010000000': 1, '1110100010010110': 1, '1101101100111001': 1, '1111101101110010': 1, '0000001010011101': 1, '0010110110000111': 1, '0110011010010100': 1, '0011111011101110': 1, '1000111110110101': 1, '0100000110101001': 1, '0010000011011000': 1, '1110010100100101': 1, '1100000010000010': 1, '1100000001110010': 1, '1100000001101011': 1, '0001000010000110': 1, '0111011001010001': 1, '1111110101101010': 1, '0000110101100100': 1, '0100100001110000': 1, '0100011001100110': 1, '1100101101100101': 1, '1101111011001010': 1, '1011100000100100': 1, '0111011001010110': 1, '1011011010000010': 1, '0001011110110110': 1, '1011100011001110': 1, '0111110100000010': 1, '0001010001100100': 1, '0100010011101111': 1, '0010011110000000': 1, '0110110011010000': 1, '0000110101111101': 1, '1110001001000000': 1, '0100100011000000': 1, '1011011010101001': 1, '0110010000001001': 1, '1100011011000111': 1, '0100010101100011': 1, '0110100010100110': 1, '1000100101000001': 1, '0100100111001110': 1, '1001100100101001': 1, '0111000011001010': 1, '1001011110011100': 1, '0101000111000000': 1, '1011011010110111': 1, '1011001100000000': 1, '0100001100100001': 1, '0100010011010101': 1, '0101011011000011': 1, '0101100100000111': 1, '1111000100000010': 1, '1101111100100011': 1, '1001111001000110': 1, '0100000101111011': 1, '0111111010110011': 1, '1011101100111011': 1, '0010111010110011': 1, '1101100111100000': 1, '1100000101111011': 1, '0100111100110100': 1, '1100100111000010': 1, '0111111001111010': 1, '0101010111001110': 1, '0111110000100111': 1, '0001111001000000': 1, '0110011011010001': 1, '1100110001000011': 1, '1001100011001101': 1, '1001101011000011': 1, '0001110111101010': 1, '0000010100011011': 1, '0000110010001000': 1, '0101100101000011': 1, '1000101110011100': 1, '0001110110000001': 1, '0010100011000000': 1, '1000010110001011': 1, '1111001011101000': 1, '0110001100110001': 1, '1101101000010010': 1, '0000010110100110': 1, '1111110101111010': 1, '0100011111000010': 1, '1101000100110011': 1, '0100000011001000': 1, '0100001001000011': 1, '1010000101110110': 1, '0010001001001010': 1, '0111111010000000': 1, '1001010000111000': 1, '1000010111010001': 1, '0101001000111111': 1, '0111100000101000': 1, '0011010100001000': 1, '1111000010000100': 1, '0001110011000011': 1, '0101001110011001': 1, '0010100110000010': 1, '1101101100010111': 1, '1100110011001000': 1, '1111001001000000': 1, '0100111111001110': 1, '1110100101111110': 1, '1111101010110001': 1, '0101000110001001': 1, '1000101101100111': 1, '1111011100001011': 1, '1011111011001101': 1, '0110111011010010': 1, '1100101101111110': 1, '0000011101000010': 1, '0000000011001100': 1, '1111100011011000': 1, '1001100100100101': 1, '0000000010000001': 1, '1101000011100100': 1, '0101100100000011': 1, '0000100010111010': 1, '0000100110100111': 1, '1001000101110001': 1, '1101000001001001': 1, '1011111000100010': 1, '1001101010110000': 1, '1110011111101111': 1, '1010010001000011': 1, '0011001110001111': 1, '0011011001110000': 1, '0000011110010010': 1, '0110001001001000': 1, '0101110010001100': 1, '0100010000100010': 1, '0001100101101110': 1, '0010101110110010': 1, '0111111100010000': 1, '1001111011110001': 1, '1000111000011110': 1, '1100011100111110': 1, '1011110110000101': 1, '1101010010100001': 1, '0110001000001000': 1, '0111001110110111': 1, '1010101100100111': 1, '0001111011100100': 1, '0011000010111001': 1, '1001101011011110': 1, '1011010001001000': 1, '1101100001000001': 1, '0011110111110000': 1, '0000111011000001': 1, '0010110011000100': 1, '0111000000110100': 1, '1010100001111010': 1, '1111001000011010': 1, '1001101011000001': 1, '1010001111101100': 1, '0100011111011001': 1, '1000101100111111': 1, '1111011010111011': 1, '0100101010110011': 1, '1000110001101100': 1, '0101010000101100': 1, '0000011100100001': 1, '0000010101100000': 1, '0101010011000001': 1, '1000001111111010': 1, '1101000001010001': 1, '1110010011110010': 1, '1101111010100001': 1, '1010100001000010': 1, '0000011011000111': 1, '1101100001000011': 1, '1011110110111010': 1, '0111000010101100': 1, '1010110010010000': 1, '1100000111101111': 1, '1011000111100001': 1, '1111110000001100': 1, '0011011101000011': 1, '0111110011000110': 1, '0110011011111100': 1, '1100000010100101': 1, '1001000101010010': 1, '1100101010110011': 1, '1000000011010000': 1, '0110011100110001': 1, '0010010110110000': 1, '0100111010000001': 1, '1001011010101110': 1, '0001110101000010': 1, '1010101001000101': 1, '0101101110000010': 1, '0010001000000101': 1, '0001010000100001': 1, '0000001111000011': 1, '0110101111000111': 1, '0111110010010011': 1, '1101110011101010': 1, '1010011101011010': 1, '1101100100101110': 1, '0010111011101010': 1, '0111100010010111': 1, '0010010101110010': 1, '1010010101010001': 1, '1010001101000011': 1}

Calculating classical benchmark costs (brute-force for QUBO)...
Classical minimum cost found: 17.974
Classical average cost: 18.946
Classical maximum cost: 19.877

Results for this run have been appended to 'out.csv'
Experiment finished successfully!
Experiment for entry 19 marked as 'done'.
Checkpoint saved to 'out_20250828_083632.csv'
