Log started for experiment: naive_adjacency, waste_collection_area, 108, P=2, Shots=512

--- Running Experiment: Method=naive_adjacency, Cluster=waste_collection_area, ID=108, P=2, Shots=512 ---

STEP 0: Loading VRP data for waste_collection_area ID 108...
VRP data loaded successfully for Waste Collection Area ID 108.
Nodes: [108, 129, 294]
Depot: 108
Customers: [129, 294]

STEP 1: Qubit Allocation (QUBO Encoding)
Total Qubits required (N^2): 9

STEP 2: Loading IBM Quantum credentials and choosing a backend...
Backend selected: ibm_brisbane
Sampler initialized.

STEP 3: Starting classical optimization for QAOA (p=2 layers)...
  [QAOA Obj] Current parameters: gamma=[0.059 0.043], beta=[4.589 6.17 ]
  [QAOA Obj] Expected Cost calculated: 7810.547
  [QAOA Obj] Current parameters: gamma=[1.059 0.043], beta=[4.589 6.17 ]
  [QAOA Obj] Expected Cost calculated: 7892.578
  [QAOA Obj] Current parameters: gamma=[0.059 1.043], beta=[4.589 6.17 ]
  [QAOA Obj] Expected Cost calculated: 7779.297
  [QAOA Obj] Current parameters: gamma=[0.059 1.043], beta=[5.589 6.17 ]
  [QAOA Obj] Expected Cost calculated: 7875.000
  [QAOA Obj] Current parameters: gamma=[0.059 1.043], beta=[4.589 7.17 ]
  [QAOA Obj] Expected Cost calculated: 7808.594
  [QAOA Obj] Current parameters: gamma=[-0.     0.785], beta=[3.666 5.887]
  [QAOA Obj] Expected Cost calculated: 7841.797
  [QAOA Obj] Current parameters: gamma=[-0.     0.785], beta=[4.983 6.012]
  [QAOA Obj] Expected Cost calculated: 7837.891

Optimization finished.
Optimal Parameters: gamma=[0.059 0.043], beta=[4.589 6.17 ]
Minimum Expected Cost found: 7810.547

STEP 4: Running QAOA circuit with optimal parameters...

STEP 5: Processing results and saving to CSV...
All measurement counts from 512 shots:
{'110111110': 1, '000101111': 1, '001001100': 2, '100110010': 1, '110010011': 1, '111100001': 2, '111110111': 2, '010010010': 1, '100000110': 2, '010111000': 2, '101111100': 3, '010110001': 2, '100101111': 2, '001000001': 3, '101011101': 1, '011011111': 1, '001101110': 4, '011000001': 1, '111010000': 2, '010100001': 1, '100111000': 2, '100011000': 2, '000111101': 2, '110001111': 1, '101111001': 3, '101110000': 3, '101010000': 2, '110000010': 1, '001001010': 3, '101001000': 4, '011110001': 2, '011010010': 1, '000001100': 1, '000110110': 2, '101111111': 3, '101010101': 1, '100011100': 2, '101000111': 1, '001111000': 3, '010101101': 1, '111110100': 3, '001010110': 2, '011000101': 1, '010001001': 1, '000000101': 2, '101000000': 3, '101010110': 3, '110011100': 3, '101001100': 2, '011011001': 1, '001000010': 1, '001011101': 3, '000001000': 1, '100011010': 3, '111000011': 1, '111110000': 2, '101001011': 6, '101111110': 1, '011111010': 2, '011111000': 3, '101010001': 1, '101011110': 2, '001111010': 2, '001100110': 2, '010111110': 2, '011100000': 2, '101010111': 3, '001100101': 1, '001001101': 2, '001000111': 2, '001110001': 2, '110010010': 1, '101111011': 4, '100111100': 3, '000010111': 1, '001001011': 1, '110000001': 1, '000111100': 2, '100110001': 1, '101100010': 4, '101110110': 4, '101010010': 2, '100001101': 2, '101101111': 3, '100111110': 2, '001000000': 1, '000100011': 1, '001110000': 1, '100110011': 3, '001011000': 3, '100001100': 1, '001100111': 2, '000000100': 2, '001100100': 3, '001101001': 2, '000001010': 1, '100111011': 1, '001111111': 1, '000001110': 1, '101101101': 2, '101001101': 2, '100010000': 1, '001111100': 2, '111001100': 2, '101000100': 1, '000100000': 2, '001100001': 1, '101100011': 2, '100000011': 2, '011111001': 1, '111011001': 2, '111001010': 1, '001001110': 2, '010011011': 2, '101111000': 3, '111111101': 1, '001000101': 5, '001001000': 1, '010111001': 2, '101101001': 3, '011110000': 3, '001010000': 4, '100010011': 4, '101101100': 1, '001011001': 1, '000110101': 2, '001111011': 3, '111101100': 1, '100011101': 2, '001101111': 2, '001011111': 1, '100101000': 1, '110110010': 1, '011110100': 1, '011001100': 1, '100000001': 1, '011110101': 2, '001111001': 2, '001011100': 2, '100010010': 2, '001010100': 2, '011111100': 2, '110101111': 1, '100000000': 2, '100001011': 2, '000010101': 1, '011111011': 2, '011000011': 1, '101110111': 2, '111010110': 1, '000101110': 1, '111010010': 1, '110010100': 1, '000110111': 2, '101110001': 2, '110110101': 1, '000010100': 2, '111100010': 2, '010011001': 1, '101010011': 1, '111101010': 1, '111100111': 1, '001110101': 2, '111001101': 1, '000100110': 2, '110110111': 1, '001111110': 2, '100000100': 1, '110100011': 1, '011001010': 1, '000111011': 3, '011010001': 1, '011100100': 3, '001010101': 3, '100101110': 2, '100110101': 3, '000110001': 3, '111111111': 2, '100000101': 1, '111101001': 1, '111100100': 1, '010101010': 2, '101111101': 2, '110100111': 1, '100110000': 1, '100101010': 1, '101011011': 2, '111111110': 2, '000010110': 2, '011011000': 1, '000011101': 2, '100101101': 2, '101101000': 1, '001110111': 3, '101100100': 1, '101011100': 1, '011001110': 4, '101101011': 1, '011101000': 2, '000010001': 1, '001100010': 3, '101010100': 2, '101000001': 2, '010111101': 2, '101100001': 3, '010101100': 1, '001101010': 3, '110101000': 1, '000011111': 2, '000111001': 1, '101000010': 1, '010110011': 2, '010110101': 1, '001011110': 1, '001101100': 4, '011110111': 1, '001000100': 2, '011010101': 1, '101110011': 1, '000111110': 1, '011100101': 1, '011000100': 2, '010001011': 1, '011010111': 1, '101100000': 1, '011111101': 1, '010000110': 1, '001101011': 1, '111000100': 1, '000111000': 1, '111111001': 2, '001010011': 2, '111110001': 2, '001110110': 1, '001001001': 1, '111011100': 1, '110001110': 1, '011010000': 3, '011000000': 2, '100011011': 1, '000001001': 1, '010001111': 1, '001110011': 2, '011011011': 1, '011101011': 1, '110110011': 1, '101000011': 1, '011001000': 1, '000110000': 1, '100100011': 1, '101110101': 1, '110011000': 1, '100110110': 1, '000000011': 1, '111110011': 1, '001110100': 2, '101001110': 2, '111111011': 2, '111000010': 1, '011110011': 1, '010011101': 1, '111011010': 3, '111000000': 1, '101100110': 1, '000011100': 1, '111110101': 1, '100100010': 1, '010011100': 1, '101000101': 1, '011100010': 1, '101011010': 3, '001101101': 3, '000100111': 1, '100101100': 1, '101110010': 1, '100111010': 1, '000100101': 1, '110000011': 1, '111001001': 1, '110010111': 1, '100011001': 1, '010001101': 1, '110111111': 1, '100100101': 1, '010000111': 1, '100011110': 1, '110010001': 1, '010010000': 1, '110111010': 1, '011001001': 1, '001001111': 1, '111010101': 1, '010011000': 1, '010100011': 1, '000010011': 1, '111011110': 1, '100100111': 1, '000011000': 1, '101110100': 1, '011101100': 1, '000100100': 1, '001100000': 1, '100100110': 1, '110011101': 1, '010111111': 1, '001010010': 1, '100101011': 1, '000101010': 1, '011011010': 1, '011100111': 1, '010111011': 1}

Calculating classical benchmark costs (brute-force for QUBO)...
Classical minimum cost found: 14.050
Classical average cost: 14.050
Classical maximum cost: 14.050

Results for this run have been appended to 'out.csv'
Experiment finished successfully!
Experiment for entry 3 marked as 'done'.
Checkpoint saved to 'out_20250828_082011.csv'
