Log started for experiment: naive_adjacency, waste_collection_area, 56, P=5, Shots=512

--- Running Experiment: Method=naive_adjacency, Cluster=waste_collection_area, ID=56, P=5, Shots=512 ---

STEP 0: Loading VRP data for waste_collection_area ID 56...
VRP data loaded successfully for Waste Collection Area ID 56.
Nodes: [33, 34, 56, 789]
Depot: 56
Customers: [33, 34, 789]

STEP 1: Qubit Allocation (QUBO Encoding)
Total Qubits required (N^2): 16

STEP 2: Loading IBM Quantum credentials and choosing a backend...
Backend selected: ibm_brisbane
Sampler initialized.

STEP 3: Starting classical optimization for QAOA (p=5 layers)...
  [QAOA Obj] Current parameters: gamma=[0.458 0.196 0.189 0.655 0.327], beta=[3.446 0.345 4.139 4.181 2.726]
  [QAOA Obj] Expected Cost calculated: 11062.500
  [QAOA Obj] Current parameters: gamma=[1.458 0.196 0.189 0.655 0.327], beta=[3.446 0.345 4.139 4.181 2.726]
  [QAOA Obj] Expected Cost calculated: 10859.375
  [QAOA Obj] Current parameters: gamma=[1.458 1.196 0.189 0.655 0.327], beta=[3.446 0.345 4.139 4.181 2.726]
  [QAOA Obj] Expected Cost calculated: 11029.297
  [QAOA Obj] Current parameters: gamma=[1.458 0.196 1.189 0.655 0.327], beta=[3.446 0.345 4.139 4.181 2.726]
  [QAOA Obj] Expected Cost calculated: 10871.094
  [QAOA Obj] Current parameters: gamma=[1.458 0.196 0.189 1.655 0.327], beta=[3.446 0.345 4.139 4.181 2.726]
  [QAOA Obj] Expected Cost calculated: 10925.781
  [QAOA Obj] Current parameters: gamma=[1.458 0.196 0.189 0.655 1.327], beta=[3.446 0.345 4.139 4.181 2.726]
  [QAOA Obj] Expected Cost calculated: 10984.375
  [QAOA Obj] Current parameters: gamma=[1.458 0.196 0.189 0.655 0.327], beta=[4.446 0.345 4.139 4.181 2.726]
  [QAOA Obj] Expected Cost calculated: 10939.453
  [QAOA Obj] Current parameters: gamma=[1.458 0.196 0.189 0.655 0.327], beta=[3.446 1.345 4.139 4.181 2.726]
  [QAOA Obj] Expected Cost calculated: 10853.516
  [QAOA Obj] Current parameters: gamma=[1.458 0.196 0.189 0.655 0.327], beta=[3.446 1.345 5.139 4.181 2.726]
  [QAOA Obj] Expected Cost calculated: 10857.422
  [QAOA Obj] Current parameters: gamma=[1.458 0.196 0.189 0.655 0.327], beta=[3.446 1.345 4.139 5.181 2.726]
  [QAOA Obj] Expected Cost calculated: 10982.422
  [QAOA Obj] Current parameters: gamma=[1.458 0.196 0.189 0.655 0.327], beta=[3.446 1.345 4.139 4.181 3.726]
  [QAOA Obj] Expected Cost calculated: 11091.797
  [QAOA Obj] Current parameters: gamma=[ 0.785 -0.     0.163  0.506  0.045], beta=[3.265 1.358 4.13  3.89  2.189]
  [QAOA Obj] Expected Cost calculated: 11015.625
  [QAOA Obj] Current parameters: gamma=[ 0.785 -0.     0.143  0.392 -0.   ], beta=[3.128 1.368 4.123 3.669 1.78 ]
  [QAOA Obj] Expected Cost calculated: 10933.594

Optimization finished.
Optimal Parameters: gamma=[ 0.785 -0.     0.143  0.392 -0.   ], beta=[3.128 1.368 4.123 3.669 1.78 ]
Minimum Expected Cost found: 10933.594

STEP 4: Running QAOA circuit with optimal parameters...

STEP 5: Processing results and saving to CSV...
All measurement counts from 512 shots:
{'1001000100000100': 1, '1001010101010111': 1, '0110101011111101': 1, '1100110110001000': 1, '1111010111100011': 1, '1111000000010111': 1, '1011100011101100': 1, '1000001110011101': 1, '1011110001111100': 1, '1000000001110101': 1, '1111000100011010': 1, '0001011110101110': 1, '1111001010101010': 1, '0000001000101001': 1, '1100111101001110': 1, '0011000101111001': 1, '0111100010111110': 1, '1111100100111000': 1, '1010000100011011': 1, '0111010100001001': 1, '0111111001110010': 1, '0011001100110001': 1, '1110101000001111': 1, '1011111101001110': 1, '0100011101111011': 1, '0000001010110110': 1, '0000001000111001': 1, '1000111011110101': 1, '0101000101011001': 1, '0010110101001010': 1, '1011111100101101': 1, '0111110111011111': 1, '1011111011110100': 1, '0100010100001000': 1, '1101100100001010': 1, '0010000100011000': 1, '0100111000011111': 1, '0000010011111010': 1, '1110000011000011': 1, '1010000101110101': 1, '0100010001001111': 1, '0111010011011110': 1, '1010100001111100': 1, '0110111011101011': 1, '1001100011000101': 1, '1011100111110100': 1, '0100010000111001': 1, '0001100100000010': 1, '0001000010011100': 1, '1111000011110000': 1, '1001001000010101': 1, '0101011111100111': 1, '1011111111101001': 1, '0110111001111001': 1, '0111110001101000': 1, '1110011101011001': 1, '0111010100111111': 1, '0000110010001001': 1, '0001100001010101': 1, '1011110001011001': 1, '1110001001100000': 1, '1011000111001111': 1, '0100001000111111': 1, '0010101001101011': 1, '1110110011100100': 1, '1000011010111111': 1, '1101111000011110': 1, '1111100000100010': 1, '1000011011010110': 1, '0011001100000010': 1, '0111010011001011': 1, '1101111011100001': 1, '0000010000011100': 1, '1010101011110101': 1, '0100010110101111': 1, '0010001101001001': 1, '0100100011000001': 1, '0011111000001111': 1, '1110110101011011': 1, '0001101100110101': 1, '1001011110011111': 2, '1110011101011101': 1, '0110010101111111': 1, '1111000011010110': 1, '0011000110001011': 1, '0000101001010111': 1, '1001010110011111': 1, '0101001001101110': 1, '0111101111101011': 1, '1010100101111111': 1, '0011111011000001': 1, '0101010111110000': 1, '1010111101010000': 1, '1110111001101010': 1, '1011011101111111': 1, '0000100101000111': 1, '1000110111000010': 1, '1110011101000100': 1, '0011000001111101': 1, '1101101100001101': 1, '0001101101101100': 1, '1000011101111100': 1, '1111100001111111': 1, '1000000111010101': 1, '0010111011110101': 1, '0100011110001110': 1, '1011101101111011': 1, '0001011110110100': 1, '1111111011010101': 1, '1110011101000011': 1, '0000000001001101': 1, '0101011010001101': 1, '0001000100001011': 1, '0101110100101101': 1, '0110111011001111': 1, '1010100100011111': 1, '0010000100001111': 1, '1010001110011000': 1, '1011000010001010': 1, '1001110101110001': 1, '1111100111111111': 1, '0111011011110100': 1, '0011001001000110': 1, '1111111110011001': 1, '0110010111010101': 1, '0101100011010110': 1, '0000000001011010': 1, '1011101111000011': 1, '0110111100001111': 1, '0001100110001011': 1, '0001110101001110': 1, '0110010011101011': 1, '1011110101101110': 1, '0010111111111011': 1, '0000100001110101': 1, '1000101110111100': 1, '1111010010000110': 1, '1001000111100111': 1, '0111101111111101': 1, '0000101000011111': 1, '1001101010010000': 1, '0010110001000001': 1, '0001111011111001': 1, '1011001000010111': 1, '0111001101100111': 1, '0111110110111111': 1, '0100001101100100': 1, '0100010001100100': 1, '0100101001001100': 1, '0110001010010010': 1, '0011000010110111': 1, '0010011010001111': 1, '1000100011010101': 1, '1001010101011111': 1, '0111101000111110': 1, '1101100011011110': 1, '0101111011110111': 1, '1010000100011100': 1, '0110011111101010': 1, '1000000001110110': 1, '1010001001010010': 1, '1000110011010110': 1, '0101000111111111': 1, '0011100100100111': 1, '0001110001101001': 1, '1000100001100110': 1, '0101100001110001': 1, '1001000001100101': 1, '0011000000111100': 1, '0111110100000011': 1, '1011001100111110': 1, '1110100100011110': 1, '1111110010101101': 1, '1000011011001101': 1, '1010101101110011': 1, '0000000111100101': 1, '0000001010100110': 1, '0011110101000000': 1, '1000010100111111': 1, '1100011110011101': 1, '1011111001010111': 1, '1000000110111111': 1, '0011001110010100': 1, '1100111010101110': 1, '0110100100100001': 1, '1000000011001110': 1, '1110011101011111': 1, '1110101101110111': 1, '0111000110100100': 1, '0000100110000110': 1, '1111001010001110': 1, '1010011111010011': 1, '1010111010011111': 1, '0010111111011111': 1, '1011110000101100': 1, '0011011111110101': 1, '1000010110101110': 1, '1011100011000000': 1, '0011100110000110': 1, '1011111001111010': 1, '1010111000011101': 1, '0111010110101111': 1, '1100000101111010': 1, '1011011000101110': 1, '0001010111100001': 1, '1000011110011011': 1, '0011010110101111': 1, '0011011111001101': 1, '1001011101101001': 1, '0111110001101011': 1, '0000100000011101': 1, '1110010101001100': 1, '0110101011101001': 1, '0001011111010000': 1, '1010110011001111': 1, '0011001000011111': 1, '1001010111111110': 1, '1101111111011110': 1, '1100001011101111': 1, '0100100111111011': 1, '1101010111010111': 1, '1011000010100111': 1, '0010111000101010': 1, '0100001001011011': 1, '1010111111111011': 1, '0110010011110111': 1, '1100000101110001': 1, '0011011111011011': 1, '1110000110101111': 1, '0010000100101011': 1, '0101001011000001': 1, '1100111000011111': 1, '0101100101001100': 1, '0110010101110110': 1, '1111001011010110': 1, '0110001001100111': 1, '1101001110111110': 1, '0111000001001101': 1, '0001100010000001': 1, '0111101010001111': 1, '0001011000011101': 1, '1101101001111101': 1, '1010101011111011': 1, '1010110101001011': 1, '0011001110011010': 1, '1100100011011111': 1, '1011011100111011': 1, '1100010100111111': 1, '0100000100000001': 1, '0010010010011111': 1, '0001100110011101': 1, '0000101000001001': 1, '1110001110000100': 1, '1010100110111100': 1, '1101010011011100': 1, '0100011010010000': 1, '1000100111111111': 1, '0001100001111001': 1, '0001010100110110': 1, '1101010101100000': 1, '1001000100101001': 1, '0010101101001001': 1, '0001110101110110': 1, '0100111100111100': 1, '1110101111010011': 1, '0011011010001111': 1, '1111100100100110': 1, '0011111000111000': 1, '0111000101010110': 1, '1100111111001101': 1, '0101010111000010': 1, '0100111110100001': 1, '1011110010100011': 1, '1001110000011010': 1, '0011110001001100': 1, '0010011010100101': 1, '0001101010111101': 1, '1010111000101011': 1, '1101110001000110': 1, '0110001101011000': 1, '1011010111110110': 1, '1101010001011010': 1, '0011001000010101': 1, '1111111111001101': 1, '0111001111010100': 1, '1100001101001010': 1, '1111111000111010': 1, '1100100100011101': 1, '0110110100100100': 1, '0010000001101001': 1, '0010111011111100': 1, '1111110010101110': 1, '1100111011111110': 1, '1100010011011000': 1, '1010010001111111': 1, '0101010101010001': 1, '0110101111011010': 1, '0110011010001100': 1, '1111000100111111': 1, '1011011001010011': 1, '0011100010111001': 1, '1111010101110101': 1, '0100011110011101': 1, '0111101011111111': 1, '1000110001001010': 1, '1010111001000101': 1, '1101110111110101': 2, '0101000010111001': 1, '1000110111100011': 1, '1111111101011101': 1, '1010100111011101': 1, '0000011111001100': 1, '1000111100000111': 1, '1100011110001011': 1, '0011001011001001': 1, '1011011101011110': 1, '0111101110111101': 1, '0010011011010011': 1, '0000011110100110': 1, '0101101101001110': 1, '0001000101110100': 1, '0101110101010111': 1, '0011110000100001': 1, '1110100100100001': 1, '1000011100001100': 1, '0011011011001001': 1, '1100110010101011': 1, '0000000000011111': 1, '1110011101010001': 1, '0010000100011001': 1, '0110001001111110': 1, '1001101101000100': 1, '0111010101101111': 1, '1000000111101011': 1, '1110011111100110': 1, '1010110111100001': 1, '1111100110101001': 1, '0000010000010101': 1, '1000011010011000': 1, '0110011101111101': 1, '0100001001110001': 1, '0110100111010010': 1, '1011011000111100': 1, '0110101110101101': 1, '1111110111001001': 1, '0110001100100001': 1, '1000100110110100': 1, '1101110010001100': 1, '1000000010101110': 1, '1011011010001110': 1, '1010111001000011': 1, '0010100100011001': 1, '1011101110011111': 1, '1011111101001111': 1, '1111110100011100': 1, '1001110111111101': 1, '0111100111011111': 1, '1111101011101111': 1, '1000010101001000': 1, '1001111110101011': 1, '0011101001000110': 1, '1100000111111001': 1, '0000011100001110': 1, '1001111101111111': 1, '1111000010101111': 1, '1100110001100101': 1, '1001000011001001': 1, '0110011111111001': 1, '0001101010000111': 1, '0110111010110011': 1, '0001000000011111': 1, '0110000000010001': 1, '0000000001010110': 1, '1001011010001011': 1, '1101011111110011': 1, '1111111100101011': 1, '0111110111001111': 1, '0101000100001011': 1, '1000000111011011': 1, '0010111111111110': 1, '1111011101001111': 1, '0001110101101001': 1, '1000001101001000': 1, '1110001101110101': 1, '0100011111010101': 1, '0110111001000000': 1, '1000111111001001': 1, '0101011111101001': 1, '0001010110101011': 1, '0111011101100101': 1, '0011001001000100': 1, '1110010110011001': 1, '1000100100100101': 1, '1000011100011101': 1, '1000111110110111': 1, '0001110110111100': 1, '1101101110010001': 1, '1101000010011111': 1, '0011001100000111': 1, '1101010110001100': 1, '1011000000010010': 1, '0001001011010110': 1, '0011111101010000': 1, '1111101001001110': 1, '0110000110011011': 1, '1011010001011011': 1, '0101011011011101': 1, '1100010010011000': 1, '1110100100110000': 1, '0001010001101000': 1, '1001011101001100': 1, '1011011111011011': 1, '0101010101010101': 1, '0000010011011111': 1, '0011100101000100': 1, '0001101001111011': 1, '0000010100010110': 1, '1110111000111010': 1, '1111001011010111': 1, '1000101011000101': 1, '0101000010001110': 1, '1001011111011001': 1, '1101111111011101': 1, '0100100110001100': 1, '0000011101000100': 1, '1110001010001110': 1, '1101110010111001': 1, '1110101101111010': 1, '0010000010011101': 1, '1011010010010101': 1, '1000100000001000': 1, '1100011110001111': 1, '0001001110111100': 1, '0010101100001111': 1, '0011110100100011': 1, '0000000111011010': 1, '0111100110001001': 1, '1101000001000100': 1, '0111100011011110': 1, '0111001011000001': 1, '0101010110010010': 1, '1011110000111101': 1, '1110001101110100': 1, '0100100011011100': 1, '1101110010010110': 1, '0110001111101011': 1, '1111001001011001': 1, '0000111110111010': 1, '0100111111001100': 1, '1101111010111110': 1, '0110010100111011': 1, '1000011101011100': 1, '0111011111111000': 1, '1100100011011000': 1, '1001111100000100': 1, '1101001001101111': 1, '0101110100111110': 1, '0001010011111101': 1, '0100100110101001': 1, '0101100100011111': 1, '0010110101011110': 1, '1000011110100111': 1, '0011111011101111': 1, '0010000010011000': 1, '1001010101111101': 1, '1100101101111011': 1, '1001110001011001': 1, '0000111011000010': 1, '1111101110011101': 1, '0010101001010110': 1, '1001000001011111': 1, '1110011100101100': 1, '1001000001011010': 1, '0010110101001111': 1, '1011011110110100': 1, '0101100100100111': 1, '1010110101010010': 1, '1101011101011001': 1, '0100111110110001': 1, '0010011010011101': 1, '1001111001110001': 1, '0111001100011001': 1, '0110001000110001': 1, '0111010011011011': 1, '1100011001000100': 1, '1000101101011011': 1, '0101100001010101': 1, '0010001101011011': 1, '1001011011101110': 1, '1100110111011011': 1, '0000010111110011': 1, '1001101111011111': 1, '0000010011101101': 1, '0001001011110011': 1, '1011001101100111': 1, '1111010000011001': 1, '1111101011101101': 1, '1000010110011011': 1, '0010111110111100': 1, '0000001010101010': 1, '1100110001110110': 1, '1011000110010011': 1, '1000100110111111': 1, '1100110110010100': 1, '0010100001000011': 1, '1101010111000100': 1, '0111110001110111': 1, '1100111101000111': 1, '1110110111011111': 1, '1010011101010010': 1}

Calculating classical benchmark costs (brute-force for QUBO)...
Classical minimum cost found: 17.974
Classical average cost: 18.946
Classical maximum cost: 19.877

Results for this run have been appended to 'out.csv'
Experiment finished successfully!
Experiment for entry 21 marked as 'done'.
Checkpoint saved to 'out_20250828_083852.csv'
