Log started for experiment: naive_adjacency, waste_collection_area, 56, P=2, Shots=128

--- Running Experiment: Method=naive_adjacency, Cluster=waste_collection_area, ID=56, P=2, Shots=128 ---

STEP 0: Loading VRP data for waste_collection_area ID 56...
VRP data loaded successfully for Waste Collection Area ID 56.
Nodes: [33, 34, 56, 789]
Depot: 56
Customers: [33, 34, 789]

STEP 1: Qubit Allocation (QUBO Encoding)
Total Qubits required (N^2): 16

STEP 2: Loading IBM Quantum credentials and choosing a backend...
Backend selected: ibm_brisbane
Sampler initialized.

STEP 3: Starting classical optimization for QAOA (p=2 layers)...
  [QAOA Obj] Current parameters: gamma=[0.536 0.269], beta=[0.135 1.252]
  [QAOA Obj] Expected Cost calculated: 11046.875
  [QAOA Obj] Current parameters: gamma=[1.536 0.269], beta=[0.135 1.252]
  [QAOA Obj] Expected Cost calculated: 11023.438
  [QAOA Obj] Current parameters: gamma=[1.536 1.269], beta=[0.135 1.252]
  [QAOA Obj] Expected Cost calculated: 10984.375
  [QAOA Obj] Current parameters: gamma=[1.536 1.269], beta=[1.135 1.252]
  [QAOA Obj] Expected Cost calculated: 11179.688
  [QAOA Obj] Current parameters: gamma=[1.536 1.269], beta=[0.135 2.252]
  [QAOA Obj] Expected Cost calculated: 10804.688
  [QAOA Obj] Current parameters: gamma=[0.661 0.478], beta=[0.    2.213]
  [QAOA Obj] Expected Cost calculated: 10890.625
  [QAOA Obj] Current parameters: gamma=[0.785 0.785], beta=[0.    4.185]
  [QAOA Obj] Expected Cost calculated: 11000.000

Optimization finished.
Optimal Parameters: gamma=[0.661 0.478], beta=[0.    2.213]
Minimum Expected Cost found: 10890.625

STEP 4: Running QAOA circuit with optimal parameters...

STEP 5: Processing results and saving to CSV...
All measurement counts from 128 shots:
{'1111000101001010': 1, '0101110011100110': 1, '0010110110101011': 1, '1000101110110100': 1, '0001100111100011': 1, '0101010111111100': 1, '1011100010010111': 1, '1101000000110010': 1, '1000101110011110': 1, '0011100110110100': 1, '1100100110110111': 1, '0110001101100011': 1, '0001100011000101': 1, '1110000001100001': 1, '1111100010100111': 1, '1001100010010001': 1, '0000011010111001': 1, '1110001010010100': 1, '1100101110000110': 1, '1100010101011110': 1, '1010001010001011': 1, '1111011011110110': 1, '1110000111111010': 1, '0111000111011010': 1, '1000101111011010': 1, '1001101011100010': 1, '1011000111011000': 1, '1111000011100110': 1, '1111101110011110': 1, '1010011010101101': 1, '1100111100101111': 1, '1100011000111110': 1, '1101111000000010': 1, '1110111010111011': 1, '1101110001111000': 1, '0001100011010100': 1, '0101101100011010': 1, '1100001000000110': 1, '0000100110001110': 1, '0100100111111111': 1, '1010111010100000': 1, '1011110001101010': 1, '1110000010000010': 1, '0011100000101010': 1, '1111110100111110': 1, '0001101011001111': 1, '1001001011010010': 1, '1011110111001100': 1, '1000000011010011': 1, '1011110011111111': 1, '1111101110110110': 1, '1010000100101100': 1, '1100101001101100': 1, '1010111101000111': 1, '0001000100001111': 1, '1111010010010111': 1, '1000001010101100': 1, '1001100100000100': 1, '1101000111101110': 1, '1011110110010100': 1, '1110000011010011': 1, '1110100011110100': 1, '0101110100110110': 1, '1011000110000110': 1, '0010000110101111': 1, '0011010000011111': 1, '1011100101001110': 1, '0101011110100010': 1, '0010010100000111': 1, '0010001011001010': 1, '0101111001011010': 1, '1000110000100010': 1, '1010110001111011': 1, '0010000110011000': 1, '1000001101100100': 1, '1100000001001101': 1, '1111010010001011': 1, '1111110011001011': 1, '1110001111001100': 1, '0001000010101111': 1, '0000110011110110': 1, '0010011011101001': 1, '1110111100111111': 1, '1001100111101101': 1, '1011000010000110': 1, '0001110101111110': 1, '1111010011101110': 1, '1111101101000110': 1, '0001111101110011': 1, '0111110100110110': 1, '0001110010001111': 1, '1101010010101101': 1, '1111101100000011': 1, '1101100111000010': 1, '1011000011010010': 1, '1010001011111000': 1, '0000001110010110': 1, '0001000110010111': 1, '1000100110101010': 1, '1101100111011100': 1, '1010011010101010': 1, '0100110111110101': 1, '0011101100010000': 1, '1111001010010011': 1, '1000101111100110': 1, '1110001000001110': 1, '0100101010011000': 1, '1001110011100011': 1, '0111111100110100': 1, '0101110000111010': 1, '1101100101001111': 1, '1001000110010011': 1, '1111111101111111': 1, '1101001000101110': 1, '1011101101111001': 1, '0110001101101110': 1, '0010011000100000': 1, '1001101110001111': 1, '0101111001111111': 1, '1001000111100001': 1, '1111101111111111': 1, '0100101110000111': 1, '0100001110101111': 1, '0111110111111101': 1, '1011001011100110': 1, '1000101001110101': 1, '1010111010011100': 1, '1111001111010100': 1}

Calculating classical benchmark costs (brute-force for QUBO)...
Classical minimum cost found: 17.974
Classical average cost: 18.946
Classical maximum cost: 19.877

Results for this run have been appended to 'out.csv'
Experiment finished successfully!
Experiment for entry 13 marked as 'done'.
Checkpoint saved to 'out_20250828_082718.csv'
