Log started for experiment: naive_adjacency, waste_collection_area, 56, P=3, Shots=256

--- Running Experiment: Method=naive_adjacency, Cluster=waste_collection_area, ID=56, P=3, Shots=256 ---

STEP 0: Loading VRP data for waste_collection_area ID 56...
VRP data loaded successfully for Waste Collection Area ID 56.
Nodes: [33, 34, 56, 789]
Depot: 56
Customers: [33, 34, 789]

STEP 1: Qubit Allocation (QUBO Encoding)
Total Qubits required (N^2): 16

STEP 2: Loading IBM Quantum credentials and choosing a backend...
Backend selected: ibm_brisbane
Sampler initialized.

STEP 3: Starting classical optimization for QAOA (p=3 layers)...
  [QAOA Obj] Current parameters: gamma=[0.303 0.184 0.066], beta=[5.081 5.943 5.982]
  [QAOA Obj] Expected Cost calculated: 10992.188
  [QAOA Obj] Current parameters: gamma=[1.303 0.184 0.066], beta=[5.081 5.943 5.982]
  [QAOA Obj] Expected Cost calculated: 11097.656
  [QAOA Obj] Current parameters: gamma=[0.303 1.184 0.066], beta=[5.081 5.943 5.982]
  [QAOA Obj] Expected Cost calculated: 11039.062
  [QAOA Obj] Current parameters: gamma=[0.303 0.184 1.066], beta=[5.081 5.943 5.982]
  [QAOA Obj] Expected Cost calculated: 11042.969
  [QAOA Obj] Current parameters: gamma=[0.303 0.184 0.066], beta=[6.081 5.943 5.982]
  [QAOA Obj] Expected Cost calculated: 11054.688
  [QAOA Obj] Current parameters: gamma=[0.303 0.184 0.066], beta=[5.081 6.943 5.982]
  [QAOA Obj] Expected Cost calculated: 11074.219
  [QAOA Obj] Current parameters: gamma=[0.303 0.184 0.066], beta=[5.081 5.943 6.982]
  [QAOA Obj] Expected Cost calculated: 11093.750
  [QAOA Obj] Current parameters: gamma=[ 0.  0. -0.], beta=[4.679 5.415 5.328]
  [QAOA Obj] Expected Cost calculated: 11000.000
  [QAOA Obj] Current parameters: gamma=[0.035 0.065 0.   ], beta=[4.922 5.735 6.283]
  [QAOA Obj] Expected Cost calculated: 10886.719

Optimization finished.
Optimal Parameters: gamma=[0.035 0.065 0.   ], beta=[4.922 5.735 6.283]
Minimum Expected Cost found: 10886.719

STEP 4: Running QAOA circuit with optimal parameters...

STEP 5: Processing results and saving to CSV...
All measurement counts from 256 shots:
{'0100101011100000': 1, '1110110011100001': 1, '0100101000011111': 1, '1011101010100110': 1, '0100100001000110': 1, '1100111011001101': 1, '0100000110100111': 1, '0001100101001011': 1, '1010100011011000': 1, '1001001110111101': 1, '1000110110011101': 1, '0000000011001010': 1, '1111111110000100': 1, '0110110001111001': 1, '1010111110010011': 1, '1001000011000100': 1, '0110101000010010': 1, '0000111110000101': 1, '0101001000110111': 1, '0001011001100111': 1, '1010111110111010': 1, '0111100000011111': 1, '0110010101001010': 1, '0010000111101100': 1, '1011101011111111': 1, '0001101100010011': 1, '1010101100110101': 1, '1010111000110111': 1, '1011001101100111': 1, '1100010000000010': 1, '0000010010000001': 1, '0100000000100010': 1, '1101110110010110': 1, '1001100011111101': 1, '1001110101001111': 1, '1111001110000100': 1, '0011001100110011': 1, '0110101000000100': 1, '1011100111000110': 1, '1001011000101101': 1, '1000111000011111': 1, '1110011001011101': 1, '0001100001010101': 1, '1010100000111111': 1, '0100011010011100': 1, '1001001011000101': 1, '0000111000001001': 1, '1010100011111101': 1, '1001101000000110': 1, '0100010011100000': 1, '1110101110000101': 1, '0110011110000101': 1, '1101010010110110': 1, '0100001111101110': 1, '1111100100110000': 1, '1001111001101010': 1, '1110111011010011': 1, '1001100110010110': 1, '1000011101101000': 1, '1110100100011011': 1, '1010010011001110': 1, '1011101111010101': 1, '0101000001010111': 1, '0011110010111010': 1, '1010110000010110': 1, '1000110000000100': 1, '0110100101110010': 1, '0111010111101101': 1, '0011101010101001': 1, '0001001111011000': 1, '0111101001010111': 1, '0110000000111101': 1, '1101000001111000': 1, '1001010110010100': 1, '1100001011001011': 1, '1011110000100001': 1, '1000011111001100': 1, '1110110100111110': 1, '1000110101111100': 1, '1001101011010110': 1, '1001000011000000': 1, '0000100010000011': 1, '0101100101010011': 1, '1010000010000100': 1, '1101101101000100': 1, '0100001111101001': 1, '0000110010010101': 1, '0011111111111000': 1, '1100001010000000': 1, '0011010110010011': 1, '0011001111000010': 1, '1101111101111100': 1, '0010010010011100': 1, '0010101100000001': 1, '0111000011000101': 1, '0110011110001011': 1, '1011000010100100': 1, '1111011000100101': 1, '1001101011011111': 1, '0111001000100100': 1, '1010100000000000': 1, '0110110100010100': 1, '0110011101101001': 1, '1010001111110101': 1, '0000001100111101': 1, '0100110011101011': 1, '0111000110101101': 1, '1110010000010000': 1, '0011101101100111': 1, '0110001110110001': 1, '0110001000001101': 1, '1101101100100111': 1, '1100010100000111': 1, '0101100000101111': 1, '0110110001100111': 1, '1100001101001011': 1, '0011001100001001': 1, '1011011110100100': 1, '0101110001011001': 1, '1110110111110110': 1, '1101110010110101': 1, '1011111000110001': 1, '0000110011000000': 1, '1011011011000110': 1, '1101101110111111': 1, '0010101011100111': 1, '1101001110100010': 1, '0011101101010100': 1, '0011110011101110': 1, '0001101100101010': 1, '1100001101110110': 1, '1100010110111010': 1, '1111000001011000': 1, '1001010100011010': 1, '0110011010101101': 1, '1011000111101011': 1, '0011110100001101': 1, '1001100110001111': 1, '1110010011111011': 1, '1000000100001000': 1, '1101010010111011': 1, '1101010111000000': 1, '1000010000000000': 1, '0010000011000101': 1, '0010000100101110': 1, '1111101001001101': 1, '0101010110010011': 1, '1110000011111011': 1, '1001001001110001': 1, '1101101011100010': 1, '0011110110001010': 1, '1101001001010111': 1, '0101100110011000': 1, '0101101001010000': 1, '1110001001000011': 1, '0000001010101101': 1, '1100000001111101': 1, '0100000101001101': 1, '1010110010001010': 1, '0011100011000110': 1, '0111001010011100': 1, '0110110101010111': 1, '1001011100111110': 1, '0111011010001110': 1, '0011100011001111': 1, '0010000001000001': 1, '0101110000101001': 1, '0010000011101100': 1, '1000000101101111': 1, '0000010111000101': 1, '1110011110100011': 1, '0001010001111011': 1, '1000100001101111': 1, '1001111010001101': 1, '0001001101110011': 1, '0001000001100100': 1, '0100110111011101': 1, '0101100000000100': 1, '0101101111100101': 1, '0000000100111001': 1, '0101000110011101': 1, '0111110110111111': 1, '1100110010101101': 1, '0011101000111111': 1, '0001000011010010': 1, '1110010111011100': 1, '1111110111000000': 1, '1010001011000111': 1, '0101000000110110': 1, '1100111010100101': 1, '0100110011001001': 1, '1011101100001010': 1, '1010011110010011': 1, '1010010011010011': 1, '0111111110111110': 1, '1111001100001011': 1, '1011011101000011': 1, '0010111111011101': 1, '1111111100001000': 1, '1100100110001110': 1, '1010100110010111': 1, '1001001100100001': 1, '1110010101110001': 1, '0111011111110010': 1, '0111110101111011': 1, '0110011001011100': 1, '1010101101001100': 1, '0101111111011111': 1, '0010000011011110': 1, '1010000000100110': 1, '1001110011011110': 1, '1011011001101100': 1, '1010010000001001': 1, '0001011011000111': 1, '0011110111001000': 1, '0110100010011110': 1, '1011101001000110': 1, '1101011100100010': 1, '0110100010010001': 1, '0000011110000001': 1, '1010010010001110': 1, '1000100101111000': 1, '1110011111010101': 1, '1011100111010111': 1, '0010100011011011': 1, '0000001000111010': 1, '0000001100111100': 1, '1000111010010010': 1, '1101100011110011': 1, '0010000011010000': 1, '1100100110011001': 1, '1111010101011011': 1, '0100110110110000': 1, '0000010011000110': 1, '1111000101110000': 1, '0101010011101100': 1, '1001101010101011': 1, '0001011111101001': 1, '1001110110010111': 1, '1011001111010110': 1, '1011110010001001': 1, '1100011111101110': 1, '1000000101001100': 1, '1000010100010011': 1, '1010100001110001': 1, '1001110001111111': 1, '0100101010111101': 1, '1011111101110011': 1, '0101100101111010': 1, '1100100101001100': 1, '1001111011011111': 1, '0111110111010011': 1, '1011011000100111': 1, '0000000111101100': 1, '1010011001011100': 1, '1010111000111010': 1}

Calculating classical benchmark costs (brute-force for QUBO)...
Classical minimum cost found: 17.974
Classical average cost: 18.946
Classical maximum cost: 19.877

Results for this run have been appended to 'out.csv'
Experiment finished successfully!
Experiment for entry 30 marked as 'done'.
Checkpoint saved to 'out_20250922_085529.csv'
