Log started for experiment: naive_adjacency, waste_collection_area, 56, P=2, Shots=256

--- Running Experiment: Method=naive_adjacency, Cluster=waste_collection_area, ID=56, P=2, Shots=256 ---

STEP 0: Loading VRP data for waste_collection_area ID 56...
VRP data loaded successfully for Waste Collection Area ID 56.
Nodes: [33, 34, 56, 789]
Depot: 56
Customers: [33, 34, 789]

STEP 1: Qubit Allocation (QUBO Encoding)
Total Qubits required (N^2): 16

STEP 2: Loading IBM Quantum credentials and choosing a backend...
Backend selected: ibm_brisbane
Sampler initialized.

STEP 3: Starting classical optimization for QAOA (p=2 layers)...
  [QAOA Obj] Current parameters: gamma=[0.687 0.351], beta=[6.242 3.374]
  [QAOA Obj] Expected Cost calculated: 11050.781
  [QAOA Obj] Current parameters: gamma=[1.687 0.351], beta=[6.242 3.374]
  [QAOA Obj] Expected Cost calculated: 11148.438
  [QAOA Obj] Current parameters: gamma=[0.687 1.351], beta=[6.242 3.374]
  [QAOA Obj] Expected Cost calculated: 10976.562
  [QAOA Obj] Current parameters: gamma=[0.687 1.351], beta=[7.242 3.374]
  [QAOA Obj] Expected Cost calculated: 11023.438
  [QAOA Obj] Current parameters: gamma=[0.687 1.351], beta=[6.242 4.374]
  [QAOA Obj] Expected Cost calculated: 10941.406
  [QAOA Obj] Current parameters: gamma=[0.    0.785], beta=[5.776 3.724]
  [QAOA Obj] Expected Cost calculated: 10882.812
  [QAOA Obj] Current parameters: gamma=[0.    0.785], beta=[4.176 4.924]
  [QAOA Obj] Expected Cost calculated: 10988.281

Optimization finished.
Optimal Parameters: gamma=[0.    0.785], beta=[5.776 3.724]
Minimum Expected Cost found: 10882.812

STEP 4: Running QAOA circuit with optimal parameters...

STEP 5: Processing results and saving to CSV...
All measurement counts from 256 shots:
{'0110000010101001': 1, '1001010111010000': 1, '0001101001010010': 1, '0010011011011001': 1, '1111100011010011': 1, '1101010000110001': 1, '1111111011101101': 1, '1100010011011101': 1, '0010100010010000': 1, '1111110001000000': 1, '0101000110001100': 1, '0001001100101010': 1, '0111100111101000': 1, '0100111011101100': 1, '1101011111101111': 1, '1010010001101000': 1, '1000111011110000': 1, '1111000011001010': 1, '0010001111110010': 1, '0001011111010101': 1, '1000100101100001': 1, '1111111101100000': 1, '1111111010100110': 1, '1000110001001000': 1, '0010010001000101': 1, '1011011000001001': 1, '1001111110001001': 1, '1110111101010110': 1, '0111101111100001': 1, '1111101111011000': 1, '1111101011111000': 1, '1010101110000000': 1, '1101111111111001': 1, '1100001000110011': 1, '1011100111000000': 1, '0101101111100000': 1, '1110001010010001': 1, '1000000011000111': 1, '1010110111100010': 1, '1111101010100000': 1, '0101000010110001': 1, '0111101000111010': 1, '0010010010101000': 1, '0011111100011000': 1, '0001010011011111': 1, '0100111110111001': 1, '1110001011111000': 1, '1101010101011001': 1, '1010010010100000': 1, '1001111000000101': 1, '1110011101100001': 1, '0000000101111000': 1, '1011000101110100': 1, '0101100010001101': 1, '0100100110011101': 1, '1101100101011000': 1, '1111111001110000': 2, '1101110100110101': 1, '1010100000010001': 1, '0011010101010001': 1, '1100000011101110': 1, '0001001000101100': 1, '1100011010000100': 1, '0010101010110101': 1, '0100000110100011': 1, '0001111100001000': 1, '1100000001010001': 1, '1010010010110000': 1, '0000000011010001': 1, '0110010000111100': 1, '0100001011010000': 1, '1011101001010000': 1, '0101011001100000': 1, '0111011101111100': 1, '1110110100110001': 1, '0011011011000010': 1, '0010111100010011': 1, '0110010000001011': 1, '1110111111101001': 1, '1100000100011101': 1, '1011101100111000': 1, '0110000111011100': 1, '0101001101101100': 1, '0001101011111000': 1, '0101000001100000': 1, '1011111111101000': 1, '0011101101010000': 1, '1101101111110000': 1, '1110101100111101': 1, '1000100101100100': 1, '1110011110001100': 1, '1110010100101000': 1, '1101000011110100': 1, '0000001111011000': 1, '1001010010001010': 1, '0000100111011000': 1, '0110101010110101': 1, '0001110011000101': 1, '0010101001000001': 1, '1001110110001010': 1, '1000010011010101': 1, '0111110011010000': 1, '1101010101000001': 1, '0010000111111000': 1, '0000100101101001': 1, '1001000111000001': 1, '1010101111011100': 1, '0100110111001001': 1, '1011111110110000': 1, '1010110001101010': 1, '0111110110111101': 1, '0100110101001100': 1, '1001101110101000': 1, '1101011111100110': 1, '0011000011001000': 1, '1101000100111100': 1, '1001100010111110': 1, '0000111000110111': 1, '0100100001111010': 1, '0101001000100000': 1, '1000001001101001': 1, '0011101111000101': 1, '1010100001011001': 1, '1100010001001110': 1, '1001001101100101': 1, '1011001010000011': 1, '0101111100101001': 1, '1110011111100001': 1, '0101000111100000': 1, '1001001011011010': 1, '0111010110011110': 1, '0100100011110000': 1, '0010100100001000': 1, '1110000000011000': 1, '0110000000100010': 1, '0110111000110011': 1, '1111111011110011': 1, '0000010101001000': 1, '1101010100111001': 1, '1111011100111001': 1, '0010011010010100': 1, '0011101011010001': 1, '1001000100011101': 1, '0110011101101000': 1, '0010001011011000': 1, '1100101011111110': 1, '1110111001001100': 1, '0010001100010100': 1, '0100100110011010': 1, '0011011000111001': 1, '0001001011100011': 1, '0001101010000110': 1, '0110011001111010': 1, '0001100101111000': 1, '1011011101010000': 1, '0010011101111100': 1, '1001010111000011': 1, '0010010011110010': 1, '0111100111101011': 1, '0110000101001101': 1, '1000000111001100': 1, '0110100010100100': 1, '0011000111111111': 1, '1110110100101001': 1, '0110011001010010': 1, '1110010111101001': 1, '0111010011011011': 1, '0110111110101000': 1, '0110010101010011': 1, '1011000110101001': 1, '0100001111000010': 1, '1111111011010001': 1, '1011000000000000': 1, '0001010001000000': 1, '1111011011001101': 1, '0110101111100101': 1, '0100010100000000': 1, '0110100001011001': 1, '1011110101101001': 1, '1110100101010000': 1, '1010000000110100': 1, '1100010001000000': 1, '1110110001001110': 1, '1110101001011011': 1, '1001110111101010': 1, '0011011001110101': 1, '1011011110011110': 1, '1100000101010010': 1, '0000110011001111': 1, '1111111110100110': 1, '0010110001000100': 1, '1111011110011001': 1, '0010011010101100': 1, '1000111101100101': 1, '1100001110110010': 1, '1110110111100101': 1, '0011101100110110': 1, '1000100110110001': 1, '0110010010001101': 1, '1001001010010111': 1, '1100001111100100': 1, '1010010011111100': 1, '1111011000110010': 1, '1010000101000111': 1, '1111101110101101': 1, '0000101000101110': 1, '0101111101101001': 1, '0111010011101000': 1, '1011010010000110': 1, '0101011101100000': 1, '0011110111100100': 1, '0000011011101100': 1, '0101001000000101': 1, '1111000110101100': 1, '0010011111111001': 1, '1101011101101010': 1, '1011000100101110': 1, '1011010111110100': 1, '0100100000001101': 1, '0010010111111111': 1, '0010111000100100': 1, '1011000011000000': 1, '0101000111011000': 1, '0100011001010110': 1, '1001101010111000': 1, '1010001111110110': 1, '0110100100110100': 1, '1101001001101000': 1, '0111010110110110': 1, '1110100010010110': 1, '1101100001000001': 1, '1111101110111000': 1, '1100110011111001': 1, '1111100011000001': 1, '0011000001111001': 1, '1110110010110110': 1, '0101011100000100': 1, '0010110001001010': 1, '1000000011100010': 1, '0100110111010110': 1, '0010111011101010': 1, '0110101011101001': 1, '1110001111101010': 1, '0001010011010110': 1, '0000111111111000': 1, '1010110010000101': 1, '1011100111101001': 1, '1011011001100010': 1, '0010100101001110': 1, '0111000100011011': 1, '1110001111100001': 1, '0011010100011000': 1, '1011111111011010': 1, '1001010001101100': 1, '1001010010111011': 1}

Calculating classical benchmark costs (brute-force for QUBO)...
Classical minimum cost found: 17.974
Classical average cost: 18.946
Classical maximum cost: 19.877

Results for this run have been appended to 'out.csv'
Experiment finished successfully!
Experiment for entry 14 marked as 'done'.
Checkpoint saved to 'out_20250828_082757.csv'
