Log started for experiment: node_visit_time, waste_collection_area, 56, P=2, Shots=512

--- Running Experiment: Method=node_visit_time, Cluster=waste_collection_area, ID=56, P=2, Shots=512 ---

STEP 0: Loading VRP data for waste_collection_area ID 56...
VRP data loaded successfully for Waste Collection Area ID 56.
Nodes: [33, 34, 56, 789]
Depot: 56
Customers: [33, 34, 789]

STEP 1: Qubit Allocation (Node-Visit-Time Encoding)
Total Qubits required: 6

STEP 2: Loading IBM Quantum credentials and choosing a backend...
Backend selected: ibm_brisbane
Sampler initialized.

STEP 3: Starting classical optimization for QAOA (p=2 layers)...
  [QAOA Obj] Current parameters: gamma=[0.569 0.685], beta=[1.176 0.712]
  [QAOA Obj] Expected Cost calculated: 733.670
  [QAOA Obj] Current parameters: gamma=[1.569 0.685], beta=[1.176 0.712]
  [QAOA Obj] Expected Cost calculated: 712.228
  [QAOA Obj] Current parameters: gamma=[1.569 1.685], beta=[1.176 0.712]
  [QAOA Obj] Expected Cost calculated: 712.205
  [QAOA Obj] Current parameters: gamma=[1.569 1.685], beta=[2.176 0.712]
  [QAOA Obj] Expected Cost calculated: 739.550
  [QAOA Obj] Current parameters: gamma=[1.569 1.685], beta=[1.176 1.712]
  [QAOA Obj] Expected Cost calculated: 751.333
  [QAOA Obj] Current parameters: gamma=[0.785 0.685], beta=[0.508 0.   ]
  [QAOA Obj] Expected Cost calculated: 634.131
  [QAOA Obj] Current parameters: gamma=[0.785 0.785], beta=[ 0. -0.]
  [QAOA Obj] Expected Cost calculated: 729.770

Optimization finished.
Optimal Parameters: gamma=[0.785 0.685], beta=[0.508 0.   ]
Minimum Expected Cost found: 634.131

STEP 4: Running QAOA circuit with optimal parameters...

STEP 5: Processing results and saving to CSV...
All measurement counts from 512 shots:
{'101011': 7, '100101': 9, '111000': 12, '010001': 3, '100100': 8, '101010': 10, '011110': 10, '011000': 6, '110010': 10, '100111': 5, '101110': 11, '011100': 9, '111001': 6, '101111': 5, '000101': 10, '111011': 8, '010010': 12, '001001': 3, '110001': 9, '000000': 18, '110011': 7, '100000': 7, '110100': 8, '001101': 7, '010011': 10, '011010': 11, '110000': 9, '010100': 3, '111110': 12, '000001': 14, '010000': 8, '100010': 7, '101101': 6, '000111': 10, '001000': 9, '101000': 9, '000110': 11, '011111': 7, '000011': 7, '011101': 4, '111100': 7, '000100': 8, '101001': 7, '101100': 7, '001010': 10, '001100': 8, '011001': 7, '111101': 7, '010111': 10, '110110': 7, '100001': 5, '110101': 3, '000010': 14, '001111': 2, '110111': 4, '011011': 7, '111111': 8, '001110': 5, '111010': 12, '100011': 7, '010110': 8, '010101': 9, '100110': 8, '001011': 5}

Calculating classical benchmark costs (brute-force)...
Classical minimum cost found: 17.974

Results for this run have been appended to 'out.csv'
Experiment finished successfully!
Experiment for entry 2 marked as 'done'.
Checkpoint saved to 'out_20250828_081933.csv'
