Log started for experiment: node_visit_time, waste_collection_area, 56, P=2, Shots=2048

--- Running Experiment: Method=node_visit_time, Cluster=waste_collection_area, ID=56, P=2, Shots=2048 ---

STEP 0: Loading VRP data for waste_collection_area ID 56...
VRP data loaded successfully for Waste Collection Area ID 56.
Nodes: [33, 34, 56, 789]
Depot: 56
Customers: [33, 34, 789]

STEP 1: Qubit Allocation (Node-Visit-Time Encoding)
Total Qubits required: 6

STEP 2: Loading IBM Quantum credentials and choosing a backend...
Backend selected: ibm_brisbane
Sampler initialized.

STEP 3: Starting classical optimization for QAOA (p=2 layers)...
  [QAOA Obj] Current parameters: gamma=[0.64  0.244], beta=[2.222 0.295]
  [QAOA Obj] Expected Cost calculated: 711.260
  [QAOA Obj] Current parameters: gamma=[1.64  0.244], beta=[2.222 0.295]
  [QAOA Obj] Expected Cost calculated: 746.389
  [QAOA Obj] Current parameters: gamma=[0.64  1.244], beta=[2.222 0.295]
  [QAOA Obj] Expected Cost calculated: 717.134
  [QAOA Obj] Current parameters: gamma=[0.64  0.244], beta=[3.222 0.295]
  [QAOA Obj] Expected Cost calculated: 705.910
  [QAOA Obj] Current parameters: gamma=[0.64  0.244], beta=[3.222 1.295]
