Log started for experiment: node_visit_time, waste_collection_area, 56, P=4, Shots=512

--- Running Experiment: Method=node_visit_time, Cluster=waste_collection_area, ID=56, P=4, Shots=512 ---

STEP 0: Loading VRP data for waste_collection_area ID 56...
VRP data loaded successfully for Waste Collection Area ID 56.
Nodes: [33, 34, 56, 789]
Depot: 56
Customers: [33, 34, 789]

STEP 1: Qubit Allocation (Node-Visit-Time Encoding)
Total Qubits required: 6

STEP 2: Loading IBM Quantum credentials and choosing a backend...
Backend selected: ibm_brisbane
Sampler initialized.

STEP 3: Starting classical optimization for QAOA (p=4 layers)...
  [QAOA Obj] Current parameters: gamma=[0.335 0.757 0.744 0.642], beta=[1.583 2.232 0.121 2.458]
  [QAOA Obj] Expected Cost calculated: 667.352
  [QAOA Obj] Current parameters: gamma=[1.335 0.757 0.744 0.642], beta=[1.583 2.232 0.121 2.458]
  [QAOA Obj] Expected Cost calculated: 641.983
  [QAOA Obj] Current parameters: gamma=[1.335 1.757 0.744 0.642], beta=[1.583 2.232 0.121 2.458]
  [QAOA Obj] Expected Cost calculated: 698.662
  [QAOA Obj] Current parameters: gamma=[1.335 0.757 1.744 0.642], beta=[1.583 2.232 0.121 2.458]
  [QAOA Obj] Expected Cost calculated: 704.439
  [QAOA Obj] Current parameters: gamma=[1.335 0.757 0.744 1.642], beta=[1.583 2.232 0.121 2.458]
  [QAOA Obj] Expected Cost calculated: 704.448
  [QAOA Obj] Current parameters: gamma=[1.335 0.757 0.744 0.642], beta=[2.583 2.232 0.121 2.458]
  [QAOA Obj] Expected Cost calculated: 718.174
  [QAOA Obj] Current parameters: gamma=[1.335 0.757 0.744 0.642], beta=[1.583 3.232 0.121 2.458]
  [QAOA Obj] Expected Cost calculated: 725.955
  [QAOA Obj] Current parameters: gamma=[1.335 0.757 0.744 0.642], beta=[1.583 2.232 1.121 2.458]
  [QAOA Obj] Expected Cost calculated: 718.082
  [QAOA Obj] Current parameters: gamma=[1.335 0.757 0.744 0.642], beta=[1.583 2.232 0.121 3.458]
  [QAOA Obj] Expected Cost calculated: 737.682
  [QAOA Obj] Current parameters: gamma=[0.472 0.45  0.406 0.304], beta=[1.171 1.777 0.    1.941]
  [QAOA Obj] Expected Cost calculated: 702.437
  [QAOA Obj] Current parameters: gamma=[0.    0.785 0.785 0.785], beta=[1.78  2.277 0.32  2.274]
  [QAOA Obj] Expected Cost calculated: 739.557

Optimization finished.
Optimal Parameters: gamma=[0.335 0.757 0.744 0.642], beta=[1.583 2.232 0.121 2.458]
Minimum Expected Cost found: 667.352

STEP 4: Running QAOA circuit with optimal parameters...

STEP 5: Processing results and saving to CSV...
All measurement counts from 512 shots:
{'001011': 7, '101000': 4, '011111': 12, '001000': 15, '010111': 12, '101100': 7, '110000': 13, '101001': 11, '000001': 8, '101011': 8, '110011': 5, '010010': 5, '010001': 4, '000000': 4, '010000': 11, '000111': 7, '100100': 9, '001101': 11, '011010': 5, '001111': 7, '100011': 6, '100000': 9, '101111': 7, '100110': 11, '011000': 10, '110101': 14, '100010': 4, '111100': 12, '011110': 8, '011100': 9, '101101': 12, '110111': 6, '111010': 14, '011101': 11, '000110': 10, '111000': 9, '001001': 8, '000100': 11, '001110': 6, '110001': 13, '111110': 6, '110100': 7, '100101': 11, '111011': 17, '111101': 9, '001010': 9, '101110': 7, '010100': 7, '101010': 5, '111111': 8, '100001': 6, '011011': 4, '011001': 5, '001100': 9, '110010': 5, '010011': 1, '010101': 9, '000011': 4, '110110': 5, '000010': 8, '111001': 6, '010110': 4, '000101': 4, '100111': 1}

Calculating classical benchmark costs (brute-force)...
Classical minimum cost found: 17.974

Results for this run have been appended to 'out.csv'
Experiment finished successfully!
Experiment for entry 20 marked as 'done'.
Checkpoint saved to 'out_20250828_083725.csv'
