Log started for experiment: node_visit_time, waste_collection_area, 63, P=2, Shots=512

--- Running Experiment: Method=node_visit_time, Cluster=waste_collection_area, ID=63, P=2, Shots=512 ---

STEP 0: Loading VRP data for waste_collection_area ID 63...
VRP data loaded successfully for Waste Collection Area ID 63.
Nodes: [63, 335, 714, 715, 716]
Depot: 63
Customers: [335, 714, 715, 716]

STEP 1: Qubit Allocation (Node-Visit-Time Encoding)
Total Qubits required: 12

STEP 2: Loading IBM Quantum credentials and choosing a backend...
Backend selected: ibm_brisbane
Sampler initialized.

STEP 3: Starting classical optimization for QAOA (p=2 layers)...
  [QAOA Obj] Current parameters: gamma=[0.264 0.024], beta=[4.172 0.527]
  [QAOA Obj] Expected Cost calculated: 2388.217
  [QAOA Obj] Current parameters: gamma=[1.264 0.024], beta=[4.172 0.527]
  [QAOA Obj] Expected Cost calculated: 1987.821
  [QAOA Obj] Current parameters: gamma=[1.264 1.024], beta=[4.172 0.527]
  [QAOA Obj] Expected Cost calculated: 2310.029
  [QAOA Obj] Current parameters: gamma=[1.264 0.024], beta=[5.172 0.527]
  [QAOA Obj] Expected Cost calculated: 2286.835
  [QAOA Obj] Current parameters: gamma=[1.264 0.024], beta=[4.172 1.527]
  [QAOA Obj] Expected Cost calculated: 2226.150
  [QAOA Obj] Current parameters: gamma=[0.785 0.   ], beta=[3.47 0.  ]
  [QAOA Obj] Expected Cost calculated: 2263.307
  [QAOA Obj] Current parameters: gamma=[0.785 0.   ], beta=[4.286 0.439]
  [QAOA Obj] Expected Cost calculated: 2134.322

Optimization finished.
Optimal Parameters: gamma=[0.785 0.   ], beta=[4.286 0.439]
Minimum Expected Cost found: 2134.322

STEP 4: Running QAOA circuit with optimal parameters...

STEP 5: Processing results and saving to CSV...
All measurement counts from 512 shots:
{'010011100101': 2, '101001101111': 1, '101001001011': 3, '000011000000': 1, '111001000011': 1, '111110010010': 2, '110001011110': 1, '100001101101': 1, '001000110001': 1, '001110111101': 1, '011011101010': 2, '010001000011': 1, '100100100001': 1, '001000110011': 1, '011001010010': 1, '011001000010': 1, '100010001000': 1, '101010010110': 1, '100100010110': 1, '000001101101': 1, '101010110100': 1, '000000101011': 1, '010010100111': 2, '101010101011': 2, '100001101001': 1, '110001001001': 1, '101101100000': 1, '110100000000': 2, '010111001111': 1, '011000100100': 1, '001110101101': 1, '010001111000': 1, '000010100110': 1, '110110111001': 1, '010000111110': 1, '010110011110': 1, '101010100101': 1, '111000101011': 1, '001101000010': 1, '100010100110': 1, '010111010010': 1, '110111101101': 1, '110110110010': 1, '100011101101': 1, '110110000010': 1, '110000001001': 2, '110011111011': 1, '100100001001': 1, '000110110111': 1, '110100111111': 2, '110001110011': 1, '111110100110': 1, '110010100000': 1, '111101011111': 1, '111100100100': 1, '101111011101': 1, '000011110101': 1, '110010000011': 1, '111100000000': 1, '010110101111': 1, '100110101110': 1, '011010011000': 1, '011100010110': 1, '110010111011': 1, '111001010100': 2, '010111000110': 1, '000110011110': 1, '101010001111': 1, '101000111111': 1, '101011100001': 1, '010100000111': 1, '100111101010': 2, '101000101011': 1, '000010000001': 1, '011000101011': 1, '101010010011': 2, '100010100111': 1, '100110111010': 3, '001111001011': 1, '101010110001': 1, '101000101101': 1, '101011110010': 2, '110011101100': 1, '001101101110': 1, '100111110101': 2, '010000101010': 1, '100000100100': 1, '010010101001': 1, '100100110111': 1, '000001001101': 1, '011100110010': 1, '101001111001': 1, '011000001001': 1, '101110111010': 1, '101001110001': 1, '100111000110': 1, '001110101001': 1, '001001110010': 1, '111000110000': 1, '101001101000': 1, '011011000100': 1, '011000011011': 1, '010111111101': 1, '011001111100': 1, '111000100001': 1, '010000011000': 1, '100000101011': 1, '100010011011': 1, '111111111001': 1, '101100110111': 1, '100001111101': 1, '101001000110': 1, '011001100010': 1, '011011000000': 1, '000100000101': 1, '111100101001': 1, '110010000111': 1, '101001010001': 1, '111100101111': 1, '001111101011': 1, '110111101011': 1, '010111001010': 1, '001010111001': 1, '100100011011': 1, '110110001110': 1, '101001010100': 1, '100111001110': 1, '100101110100': 1, '001000101010': 1, '100000010001': 1, '101100000011': 1, '111011011011': 1, '100000110101': 2, '111110011100': 1, '111110101000': 1, '100110100110': 1, '111110011010': 1, '011001011000': 2, '001000011011': 1, '011110100101': 2, '101000001000': 1, '100000011111': 1, '011100101001': 1, '001000100101': 1, '010011011101': 2, '100111000011': 1, '101100000111': 1, '101010110010': 1, '100000010101': 1, '011101111111': 1, '001110111111': 1, '000000010001': 1, '111100101110': 1, '010101110101': 1, '100001111001': 1, '111110000010': 1, '111010000011': 1, '001010011101': 1, '000001000101': 1, '100011100101': 1, '101011110101': 1, '110100011101': 1, '100011100111': 1, '100111011001': 1, '111001001100': 1, '001101001111': 1, '111100011001': 1, '110101000010': 2, '111000011101': 1, '110001101111': 1, '001000001000': 1, '011010111100': 1, '010000000000': 1, '010011110100': 1, '000110111001': 1, '101011101000': 1, '001101000111': 1, '000001110001': 1, '101110011001': 1, '101000110000': 1, '011011010011': 1, '000001111010': 1, '101101010000': 1, '011101100001': 1, '001010101010': 1, '111011110101': 1, '111001111010': 1, '110001001000': 1, '100001100111': 1, '111100111110': 1, '110111110111': 2, '010100000110': 1, '010110001111': 1, '111110000101': 1, '010101100110': 1, '110010000010': 1, '100000011100': 1, '111010011011': 1, '111011111010': 1, '011111101011': 1, '001001111011': 1, '100011101010': 1, '101100101001': 1, '110100010010': 1, '100100100111': 1, '100111010110': 1, '100101111100': 1, '110100001101': 1, '101010110111': 2, '001001010010': 1, '100000011101': 1, '111101010111': 1, '110010110111': 1, '100011000111': 1, '100011000000': 1, '111011110110': 1, '101001111000': 1, '011100110011': 1, '110000011000': 1, '101100100110': 1, '110010101100': 1, '111101101011': 1, '100100001101': 1, '110101110000': 1, '000001111011': 1, '110111011101': 1, '010111110000': 1, '110000000011': 1, '110000011001': 1, '110100111001': 1, '111010110011': 1, '100100010100': 1, '011001100100': 1, '101101010011': 1, '111100011111': 1, '010001011100': 1, '010011001010': 1, '111100111010': 1, '111010101110': 1, '101010000110': 1, '010100111010': 1, '101000011100': 2, '111011010100': 1, '110010100101': 1, '100101011101': 1, '111100111000': 2, '100110001111': 1, '110010011101': 2, '111011101001': 1, '001110110001': 1, '000010001010': 1, '110000010011': 1, '011100101011': 1, '010110111010': 1, '111010001000': 1, '101110001010': 1, '110000101100': 1, '011101110001': 1, '101010011110': 1, '100011111100': 1, '010011000111': 1, '010011111111': 1, '001011011010': 1, '110010001110': 1, '101010111111': 1, '000100001010': 1, '011010100011': 1, '010000101110': 1, '011101110100': 1, '100010000000': 1, '010000011111': 1, '011011111000': 1, '100011001000': 1, '010101011000': 1, '010101001101': 1, '101000000101': 1, '101001111101': 1, '110001011111': 2, '111001101110': 1, '100110111001': 1, '101001000010': 1, '000110000001': 1, '010010000111': 1, '111010001011': 2, '000000100111': 1, '110001000000': 1, '111001101000': 1, '110100010110': 1, '111000010000': 1, '001000010010': 1, '000010110101': 1, '101010111100': 1, '001101010101': 1, '101110110111': 1, '000010011010': 1, '011100101110': 1, '011110000101': 1, '111110000000': 1, '001110000011': 1, '100001011001': 1, '111011110010': 1, '101101111111': 1, '101101000111': 1, '001100101000': 1, '111010110111': 2, '111000101111': 1, '001100100000': 1, '110011000000': 1, '111010001001': 1, '011111001101': 1, '100110011100': 1, '101010110000': 1, '101101111010': 1, '101000100101': 1, '110001101000': 1, '111011101100': 1, '000110110100': 1, '100100011100': 1, '101001101011': 1, '100011011100': 1, '110110100010': 1, '111000110110': 1, '100110011101': 1, '110000100101': 1, '111000101110': 1, '110111001111': 1, '010010000010': 1, '101100010010': 2, '110010100001': 1, '010011100000': 1, '010000100111': 1, '101011011001': 2, '010010001001': 1, '101111000000': 1, '011010101010': 1, '110000111100': 1, '100111101011': 1, '101110010010': 1, '101000001101': 1, '000111101011': 1, '100001010010': 1, '010110111011': 1, '111010011001': 1, '111010010001': 1, '111100100110': 1, '100011101100': 1, '100100101100': 1, '001010100000': 1, '000100110011': 1, '000010100111': 1, '101110111001': 1, '110011001110': 1, '001011101100': 1, '100101111011': 1, '100010000100': 2, '011010101111': 1, '110001010000': 1, '110001011011': 1, '111110001011': 1, '111111100101': 2, '011100010011': 1, '110101000111': 1, '001010110110': 1, '000011011101': 1, '101001011101': 1, '100111101100': 1, '000001000001': 1, '100000100010': 1, '011100111101': 1, '010011110000': 1, '000000011100': 1, '100000100001': 2, '110111001110': 1, '011111100011': 1, '001010100111': 1, '101111000111': 1, '100010010001': 1, '110100101101': 1, '111111101110': 1, '001100111100': 1, '111000110101': 1, '000110101000': 1, '010101100111': 1, '111110000110': 1, '000110000000': 1, '110010001000': 1, '110101010001': 1, '101010100000': 1, '111110010110': 1, '100111001101': 1, '011100000110': 1, '010010000101': 1, '110110001000': 1, '010011010011': 1, '110001000101': 1, '101000101110': 1, '001100000011': 1, '100110010010': 1, '101011011101': 1, '101111001011': 1, '011100000000': 1, '110001011010': 1, '100110010000': 1, '101110100001': 1, '111010100111': 1, '001011000010': 1, '110101010110': 1, '000100100010': 1, '100111100110': 1, '101110111110': 1, '100011011011': 1, '000011001111': 1, '010000001011': 1, '101010000111': 1, '100110110001': 1, '001101111001': 1, '001000000101': 1, '100101110110': 1, '001101111010': 1, '111010001110': 1, '110111011010': 1, '110110010110': 1, '100010010000': 2, '111011100011': 1, '101000011010': 1, '100010110010': 1, '101110110110': 1, '100110001000': 1, '110011100100': 1, '010010011011': 1, '000001000011': 1, '110110010011': 1, '000001000000': 1, '100001010100': 1, '100000000111': 1, '000000001111': 1, '101100100000': 1, '100111101101': 1, '101100010111': 1, '000100100001': 1, '110010000001': 1, '110001100110': 1, '000100101010': 1, '010101100010': 1, '111000111101': 1, '111111100011': 1, '010101101001': 1, '110010010101': 1, '111100100111': 1, '101001011111': 1, '100110100001': 1, '100111111100': 1, '000100101110': 1, '011111011010': 1, '111110001001': 1, '110010001111': 1, '110001100001': 1, '111100100001': 1, '010110010110': 1, '110010101010': 1, '010010111010': 1, '010000100011': 1, '100001101100': 1, '001000001010': 1, '111101001010': 1, '100111010111': 1, '001101000101': 1, '100001000000': 1, '100110001100': 1, '101101010001': 1, '101110111100': 1, '111111011000': 1, '110100000111': 1, '100010111010': 1, '001001100100': 1, '000000110011': 1}

Calculating classical benchmark costs (brute-force)...
Classical minimum cost found: 4.103

Results for this run have been appended to 'out.csv'
Experiment finished successfully!
Experiment for entry 12 marked as 'done'.
Checkpoint saved to 'out_20250828_082639.csv'
