Log started for experiment: node_visit_time, waste_collection_area, 56, P=6, Shots=1024

--- Running Experiment: Method=node_visit_time, Cluster=waste_collection_area, ID=56, P=6, Shots=1024 ---

STEP 0: Loading VRP data for waste_collection_area ID 56...
VRP data loaded successfully for Waste Collection Area ID 56.
Nodes: [33, 34, 56, 789]
Depot: 56
Customers: [33, 34, 789]

STEP 1: Qubit Allocation (Node-Visit-Time Encoding)
Total Qubits required: 6

STEP 2: Loading IBM Quantum credentials and choosing a backend...
Backend selected: ibm_brisbane
Sampler initialized.

STEP 3: Starting classical optimization for QAOA (p=6 layers)...
  [QAOA Obj] Current parameters: gamma=[0.092 0.149 0.257 0.464 0.384 0.443], beta=[4.798 4.726 5.622 2.963 2.963 0.632]
  [QAOA Obj] Expected Cost calculated: 739.556
  [QAOA Obj] Current parameters: gamma=[1.092 0.149 0.257 0.464 0.384 0.443], beta=[4.798 4.726 5.622 2.963 2.963 0.632]
  [QAOA Obj] Expected Cost calculated: 705.427
  [QAOA Obj] Current parameters: gamma=[1.092 1.149 0.257 0.464 0.384 0.443], beta=[4.798 4.726 5.622 2.963 2.963 0.632]
  [QAOA Obj] Expected Cost calculated: 727.829
  [QAOA Obj] Current parameters: gamma=[1.092 0.149 1.257 0.464 0.384 0.443], beta=[4.798 4.726 5.622 2.963 2.963 0.632]
  [QAOA Obj] Expected Cost calculated: 678.107
  [QAOA Obj] Current parameters: gamma=[1.092 0.149 1.257 1.464 0.384 0.443], beta=[4.798 4.726 5.622 2.963 2.963 0.632]
  [QAOA Obj] Expected Cost calculated: 675.159
  [QAOA Obj] Current parameters: gamma=[1.092 0.149 1.257 1.464 1.384 0.443], beta=[4.798 4.726 5.622 2.963 2.963 0.632]
  [QAOA Obj] Expected Cost calculated: 674.136
  [QAOA Obj] Current parameters: gamma=[1.092 0.149 1.257 1.464 1.384 1.443], beta=[4.798 4.726 5.622 2.963 2.963 0.632]
  [QAOA Obj] Expected Cost calculated: 698.518
  [QAOA Obj] Current parameters: gamma=[1.092 0.149 1.257 1.464 1.384 0.443], beta=[5.798 4.726 5.622 2.963 2.963 0.632]
  [QAOA Obj] Expected Cost calculated: 694.715
  [QAOA Obj] Current parameters: gamma=[1.092 0.149 1.257 1.464 1.384 0.443], beta=[4.798 5.726 5.622 2.963 2.963 0.632]
  [QAOA Obj] Expected Cost calculated: 716.112
  [QAOA Obj] Current parameters: gamma=[1.092 0.149 1.257 1.464 1.384 0.443], beta=[4.798 4.726 6.622 2.963 2.963 0.632]
  [QAOA Obj] Expected Cost calculated: 728.796
  [QAOA Obj] Current parameters: gamma=[1.092 0.149 1.257 1.464 1.384 0.443], beta=[4.798 4.726 5.622 3.963 2.963 0.632]
  [QAOA Obj] Expected Cost calculated: 694.663
  [QAOA Obj] Current parameters: gamma=[1.092 0.149 1.257 1.464 1.384 0.443], beta=[4.798 4.726 5.622 2.963 3.963 0.632]
  [QAOA Obj] Expected Cost calculated: 688.792
  [QAOA Obj] Current parameters: gamma=[1.092 0.149 1.257 1.464 1.384 0.443], beta=[4.798 4.726 5.622 2.963 2.963 1.632]
  [QAOA Obj] Expected Cost calculated: 696.608
  [QAOA Obj] Current parameters: gamma=[0.785 0.    0.785 0.493 0.394 0.205], beta=[4.597 4.315 5.088 2.762 2.819 0.412]
  [QAOA Obj] Expected Cost calculated: 710.331
  [QAOA Obj] Current parameters: gamma=[0.785 0.    0.785 0.516 0.075 0.336], beta=[4.759 4.306 4.976 2.925 3.029 0.559]
  [QAOA Obj] Expected Cost calculated: 711.232

Optimization finished.
Optimal Parameters: gamma=[0.785 0.    0.785 0.493 0.394 0.205], beta=[4.597 4.315 5.088 2.762 2.819 0.412]
Minimum Expected Cost found: 710.331

STEP 4: Running QAOA circuit with optimal parameters...

STEP 5: Processing results and saving to CSV...
All measurement counts from 1024 shots:
{'111011': 17, '001010': 13, '100111': 21, '011011': 13, '010010': 13, '110100': 19, '010000': 16, '100100': 21, '101001': 25, '101101': 18, '000110': 18, '100010': 20, '011000': 19, '001101': 17, '101011': 18, '101111': 23, '010001': 16, '001011': 14, '001000': 14, '110001': 21, '000111': 21, '000100': 15, '010011': 16, '101010': 19, '000011': 16, '110111': 13, '110101': 19, '011111': 26, '001100': 17, '001111': 16, '010111': 17, '000000': 12, '110000': 17, '000001': 17, '101100': 13, '100000': 14, '100001': 16, '001110': 15, '110110': 19, '111000': 12, '010101': 13, '111010': 12, '111100': 16, '000101': 12, '011110': 20, '011001': 19, '111111': 12, '100110': 15, '100101': 20, '101110': 16, '111110': 15, '010100': 10, '111101': 19, '011100': 10, '101000': 11, '010110': 8, '001001': 18, '011101': 12, '011010': 11, '111001': 18, '100011': 15, '000010': 16, '110011': 12, '110010': 8}

Calculating classical benchmark costs (brute-force)...
Classical minimum cost found: 17.974

Results for this run have been appended to 'out.csv'
Experiment finished successfully!
Experiment for entry 50 marked as 'done'.
Checkpoint saved to 'out_20250922_093542.csv'
