Log started for experiment: node_visit_time, waste_collection_area, 103, P=2, Shots=512

--- Running Experiment: Method=node_visit_time, Cluster=waste_collection_area, ID=103, P=2, Shots=512 ---

STEP 0: Loading VRP data for waste_collection_area ID 103...
VRP data loaded successfully for Waste Collection Area ID 103.
Nodes: [103, 180, 614, 814]
Depot: 103
Customers: [180, 614, 814]

STEP 1: Qubit Allocation (Node-Visit-Time Encoding)
Total Qubits required: 6

STEP 2: Loading IBM Quantum credentials and choosing a backend...
Backend selected: ibm_brisbane
Sampler initialized.

STEP 3: Starting classical optimization for QAOA (p=2 layers)...
  [QAOA Obj] Current parameters: gamma=[0.246 0.43 ], beta=[2.769 4.507]
  [QAOA Obj] Expected Cost calculated: 692.333
  [QAOA Obj] Current parameters: gamma=[1.246 0.43 ], beta=[2.769 4.507]
  [QAOA Obj] Expected Cost calculated: 719.677
  [QAOA Obj] Current parameters: gamma=[0.246 1.43 ], beta=[2.769 4.507]
  [QAOA Obj] Expected Cost calculated: 659.130
  [QAOA Obj] Current parameters: gamma=[0.246 1.43 ], beta=[3.769 4.507]
  [QAOA Obj] Expected Cost calculated: 706.005
  [QAOA Obj] Current parameters: gamma=[0.246 1.43 ], beta=[2.769 5.507]
  [QAOA Obj] Expected Cost calculated: 688.427
  [QAOA Obj] Current parameters: gamma=[0.    0.785], beta=[2.004 4.029]
  [QAOA Obj] Expected Cost calculated: 666.942
  [QAOA Obj] Current parameters: gamma=[0.    0.785], beta=[2.306 3.076]
  [QAOA Obj] Expected Cost calculated: 780.224

Optimization finished.
Optimal Parameters: gamma=[0.    0.785], beta=[2.004 4.029]
Minimum Expected Cost found: 666.942

STEP 4: Running QAOA circuit with optimal parameters...

STEP 5: Processing results and saving to CSV...
All measurement counts from 512 shots:
{'011011': 5, '010100': 6, '100100': 11, '000100': 6, '111101': 7, '110011': 5, '111000': 13, '001110': 19, '000001': 11, '110100': 3, '100000': 12, '001000': 12, '110010': 6, '000110': 6, '100111': 11, '101100': 10, '000011': 7, '010011': 5, '110001': 6, '101001': 8, '001100': 7, '111110': 20, '101000': 15, '111010': 11, '001101': 7, '100101': 6, '100011': 6, '001010': 7, '101111': 8, '101010': 11, '100001': 8, '101011': 15, '010001': 9, '011001': 11, '010111': 12, '010110': 8, '000010': 5, '111100': 3, '111111': 5, '010000': 6, '011111': 7, '100110': 9, '110101': 3, '011000': 5, '000111': 19, '111001': 22, '110111': 8, '101110': 14, '011101': 4, '100010': 9, '011100': 3, '010010': 5, '001001': 8, '001111': 3, '001011': 11, '000101': 6, '110000': 4, '110110': 3, '000000': 2, '101101': 2, '010101': 4, '011110': 6, '111011': 4, '011010': 2}

Calculating classical benchmark costs (brute-force)...
Classical minimum cost found: 4.833

Results for this run have been appended to 'out.csv'
Experiment finished successfully!
Experiment for entry 10 marked as 'done'.
Checkpoint saved to 'out_20250828_082512.csv'
