Log started for experiment: node_visit_time, waste_collection_area, 21, P=3, Shots=512

--- Running Experiment: Method=node_visit_time, Cluster=waste_collection_area, ID=21, P=3, Shots=512 ---

STEP 0: Loading VRP data for waste_collection_area ID 21...
VRP data loaded successfully for Waste Collection Area ID 21.
Nodes: [21, 297, 474]
Depot: 21
Customers: [297, 474]

STEP 1: Qubit Allocation (Node-Visit-Time Encoding)
Total Qubits required: 4

STEP 2: Loading IBM Quantum credentials and choosing a backend...
Backend selected: ibm_brisbane
Sampler initialized.

STEP 3: Starting classical optimization for QAOA (p=3 layers)...
  [QAOA Obj] Current parameters: gamma=[0.005 0.301 0.643], beta=[5.067 1.356 5.143]
  [QAOA Obj] Expected Cost calculated: 927.059
  [QAOA Obj] Current parameters: gamma=[1.005 0.301 0.643], beta=[5.067 1.356 5.143]
  [QAOA Obj] Expected Cost calculated: 895.809
  [QAOA Obj] Current parameters: gamma=[1.005 1.301 0.643], beta=[5.067 1.356 5.143]
  [QAOA Obj] Expected Cost calculated: 712.216
  [QAOA Obj] Current parameters: gamma=[1.005 1.301 1.643], beta=[5.067 1.356 5.143]
  [QAOA Obj] Expected Cost calculated: 731.747
  [QAOA Obj] Current parameters: gamma=[1.005 1.301 0.643], beta=[6.067 1.356 5.143]
  [QAOA Obj] Expected Cost calculated: 784.481
  [QAOA Obj] Current parameters: gamma=[1.005 1.301 0.643], beta=[5.067 2.356 5.143]
  [QAOA Obj] Expected Cost calculated: 983.700
  [QAOA Obj] Current parameters: gamma=[1.005 1.301 0.643], beta=[5.067 1.356 6.143]
  [QAOA Obj] Expected Cost calculated: 817.684
  [QAOA Obj] Current parameters: gamma=[0.785 0.785 0.589], beta=[4.868 0.609 4.852]
  [QAOA Obj] Expected Cost calculated: 766.903
  [QAOA Obj] Current parameters: gamma=[0.785 0.785 0.438], beta=[4.31  0.6   4.037]
  [QAOA Obj] Expected Cost calculated: 946.591

Optimization finished.
Optimal Parameters: gamma=[0.785 0.785 0.589], beta=[4.868 0.609 4.852]
Minimum Expected Cost found: 766.903

STEP 4: Running QAOA circuit with optimal parameters...

STEP 5: Processing results and saving to CSV...
All measurement counts from 512 shots:
{'1101': 34, '1111': 33, '1010': 32, '0000': 38, '0110': 24, '1001': 23, '0011': 36, '0010': 42, '0001': 68, '0111': 37, '1110': 18, '0100': 24, '0101': 24, '1000': 34, '1011': 28, '1100': 17}

Calculating classical benchmark costs (brute-force)...
Classical minimum cost found: 5.184

Results for this run have been appended to 'out.csv'
Experiment finished successfully!
Experiment for entry 16 marked as 'done'.
Checkpoint saved to 'out_20250922_083502.csv'
