Log started for experiment: node_visit_time, waste_collection_area, 108, P=2, Shots=512

--- Running Experiment: Method=node_visit_time, Cluster=waste_collection_area, ID=108, P=2, Shots=512 ---

STEP 0: Loading VRP data for waste_collection_area ID 108...
VRP data loaded successfully for Waste Collection Area ID 108.
Nodes: [108, 129, 294]
Depot: 108
Customers: [129, 294]

STEP 1: Qubit Allocation (Node-Visit-Time Encoding)
Total Qubits required: 4

STEP 2: Loading IBM Quantum credentials and choosing a backend...
Backend selected: ibm_brisbane
Sampler initialized.

STEP 3: Starting classical optimization for QAOA (p=2 layers)...
  [QAOA Obj] Current parameters: gamma=[0.466 0.078], beta=[4.071 4.459]
  [QAOA Obj] Expected Cost calculated: 762.097
  [QAOA Obj] Current parameters: gamma=[1.466 0.078], beta=[4.071 4.459]
  [QAOA Obj] Expected Cost calculated: 883.190
  [QAOA Obj] Current parameters: gamma=[0.466 1.078], beta=[4.071 4.459]
  [QAOA Obj] Expected Cost calculated: 963.268
  [QAOA Obj] Current parameters: gamma=[0.466 0.078], beta=[5.071 4.459]
  [QAOA Obj] Expected Cost calculated: 607.800
  [QAOA Obj] Current parameters: gamma=[0.466 0.078], beta=[5.071 5.459]
  [QAOA Obj] Expected Cost calculated: 662.487
  [QAOA Obj] Current parameters: gamma=[0. 0.], beta=[5.902 4.165]
  [QAOA Obj] Expected Cost calculated: 738.659
  [QAOA Obj] Current parameters: gamma=[0.785 0.   ], beta=[5.426 4.334]
  [QAOA Obj] Expected Cost calculated: 814.831

Optimization finished.
Optimal Parameters: gamma=[0.466 0.078], beta=[5.071 4.459]
Minimum Expected Cost found: 607.800

STEP 4: Running QAOA circuit with optimal parameters...

STEP 5: Processing results and saving to CSV...
All measurement counts from 512 shots:
{'0100': 41, '1010': 31, '1110': 21, '0001': 37, '0101': 23, '0110': 46, '1000': 35, '1100': 39, '0010': 42, '1011': 30, '1001': 35, '1111': 23, '0011': 41, '0000': 25, '0111': 20, '1101': 23}

Calculating classical benchmark costs (brute-force)...
Classical minimum cost found: 14.050

Results for this run have been appended to 'out.csv'
Experiment finished successfully!
Experiment for entry 4 marked as 'done'.
Checkpoint saved to 'out_20250828_082047.csv'
