Log started for experiment: node_visit_time, waste_collection_area, 56, P=3, Shots=1024

--- Running Experiment: Method=node_visit_time, Cluster=waste_collection_area, ID=56, P=3, Shots=1024 ---

STEP 0: Loading VRP data for waste_collection_area ID 56...
VRP data loaded successfully for Waste Collection Area ID 56.
Nodes: [33, 34, 56, 789]
Depot: 56
Customers: [33, 34, 789]

STEP 1: Qubit Allocation (Node-Visit-Time Encoding)
Total Qubits required: 6

STEP 2: Loading IBM Quantum credentials and choosing a backend...
Backend selected: ibm_brisbane
Sampler initialized.

STEP 3: Starting classical optimization for QAOA (p=3 layers)...
  [QAOA Obj] Current parameters: gamma=[0.739 0.337 0.746], beta=[1.196 6.182 0.761]
  [QAOA Obj] Expected Cost calculated: 722.996
  [QAOA Obj] Current parameters: gamma=[1.739 0.337 0.746], beta=[1.196 6.182 0.761]
  [QAOA Obj] Expected Cost calculated: 679.051
  [QAOA Obj] Current parameters: gamma=[1.739 1.337 0.746], beta=[1.196 6.182 0.761]
  [QAOA Obj] Expected Cost calculated: 716.122
  [QAOA Obj] Current parameters: gamma=[1.739 0.337 1.746], beta=[1.196 6.182 0.761]
  [QAOA Obj] Expected Cost calculated: 675.146
  [QAOA Obj] Current parameters: gamma=[1.739 0.337 1.746], beta=[2.196 6.182 0.761]
  [QAOA Obj] Expected Cost calculated: 708.337
  [QAOA Obj] Current parameters: gamma=[1.739 0.337 1.746], beta=[1.196 7.182 0.761]
  [QAOA Obj] Expected Cost calculated: 708.341
  [QAOA Obj] Current parameters: gamma=[1.739 0.337 1.746], beta=[1.196 6.182 1.761]
  [QAOA Obj] Expected Cost calculated: 713.221
  [QAOA Obj] Current parameters: gamma=[ 0.785 -0.     0.785], beta=[0.68  5.666 0.169]
  [QAOA Obj] Expected Cost calculated: 699.595
  [QAOA Obj] Current parameters: gamma=[ 0.785 -0.    -0.   ], beta=[ 0.259  5.244 -0.   ]
  [QAOA Obj] Expected Cost calculated: 809.818

Optimization finished.
Optimal Parameters: gamma=[ 0.785 -0.     0.785], beta=[0.68  5.666 0.169]
Minimum Expected Cost found: 699.595

STEP 4: Running QAOA circuit with optimal parameters...

STEP 5: Processing results and saving to CSV...
All measurement counts from 1024 shots:
{'110011': 12, '000110': 24, '001100': 14, '011001': 12, '000111': 18, '000010': 9, '010100': 21, '110010': 24, '100001': 29, '011100': 12, '011000': 16, '111100': 15, '100011': 17, '111110': 15, '001110': 19, '010111': 25, '110110': 22, '100000': 18, '100010': 10, '010110': 42, '011011': 18, '110100': 20, '011110': 21, '100101': 21, '001000': 12, '010001': 18, '001011': 10, '000101': 18, '101001': 15, '010000': 14, '101100': 11, '010101': 26, '110101': 15, '111011': 12, '000001': 14, '001010': 13, '100100': 15, '010010': 13, '000011': 21, '000100': 13, '011010': 23, '100110': 16, '111000': 15, '101110': 13, '010011': 16, '110111': 20, '101111': 12, '101101': 11, '011111': 20, '111010': 22, '011101': 13, '001001': 9, '111111': 15, '101000': 9, '110000': 14, '111001': 11, '100111': 16, '101010': 7, '000000': 13, '101011': 8, '001101': 15, '111101': 11, '001111': 10, '110001': 11}

Calculating classical benchmark costs (brute-force)...
Classical minimum cost found: 17.974

Results for this run have been appended to 'out.csv'
Experiment finished successfully!
Experiment for entry 44 marked as 'done'.
Checkpoint saved to 'out_20250922_092519.csv'
