Log started for experiment: node_visit_time, waste_collection_area, 56, P=3, Shots=512

--- Running Experiment: Method=node_visit_time, Cluster=waste_collection_area, ID=56, P=3, Shots=512 ---

STEP 0: Loading VRP data for waste_collection_area ID 56...
VRP data loaded successfully for Waste Collection Area ID 56.
Nodes: [33, 34, 56, 789]
Depot: 56
Customers: [33, 34, 789]

STEP 1: Qubit Allocation (Node-Visit-Time Encoding)
Total Qubits required: 6

STEP 2: Loading IBM Quantum credentials and choosing a backend...
Backend selected: ibm_brisbane
Sampler initialized.

STEP 3: Starting classical optimization for QAOA (p=3 layers)...
  [QAOA Obj] Current parameters: gamma=[0.41  0.057 0.583], beta=[2.762 3.45  5.504]
  [QAOA Obj] Expected Cost calculated: 710.293
  [QAOA Obj] Current parameters: gamma=[1.41  0.057 0.583], beta=[2.762 3.45  5.504]
  [QAOA Obj] Expected Cost calculated: 690.721
  [QAOA Obj] Current parameters: gamma=[1.41  1.057 0.583], beta=[2.762 3.45  5.504]
  [QAOA Obj] Expected Cost calculated: 704.478
  [QAOA Obj] Current parameters: gamma=[1.41  0.057 1.583], beta=[2.762 3.45  5.504]
  [QAOA Obj] Expected Cost calculated: 694.629
  [QAOA Obj] Current parameters: gamma=[1.41  0.057 0.583], beta=[3.762 3.45  5.504]
  [QAOA Obj] Expected Cost calculated: 698.506
  [QAOA Obj] Current parameters: gamma=[1.41  0.057 0.583], beta=[2.762 4.45  5.504]
  [QAOA Obj] Expected Cost calculated: 714.204
  [QAOA Obj] Current parameters: gamma=[1.41  0.057 0.583], beta=[2.762 3.45  6.504]
  [QAOA Obj] Expected Cost calculated: 684.902
  [QAOA Obj] Current parameters: gamma=[0.785 0.    0.467], beta=[2.53  2.75  6.283]
  [QAOA Obj] Expected Cost calculated: 667.356
  [QAOA Obj] Current parameters: gamma=[0.785 0.    0.275], beta=[2.149 0.796 6.283]
  [QAOA Obj] Expected Cost calculated: 684.869

Optimization finished.
Optimal Parameters: gamma=[0.785 0.    0.467], beta=[2.53  2.75  6.283]
Minimum Expected Cost found: 667.356

STEP 4: Running QAOA circuit with optimal parameters...

STEP 5: Processing results and saving to CSV...
All measurement counts from 512 shots:
{'111110': 7, '000101': 10, '001110': 8, '011111': 9, '111000': 12, '001011': 12, '001001': 12, '110001': 7, '100100': 12, '010101': 6, '101110': 11, '101001': 14, '100101': 9, '101101': 7, '000010': 11, '110000': 14, '010111': 6, '101010': 8, '011011': 10, '110110': 4, '001010': 5, '111010': 9, '101000': 8, '001101': 11, '011110': 8, '000110': 13, '100011': 6, '000011': 10, '011010': 7, '011000': 10, '111011': 9, '111100': 10, '100111': 6, '010000': 8, '100000': 5, '110100': 10, '001000': 5, '001100': 3, '111101': 8, '011101': 11, '011001': 9, '101111': 11, '111001': 9, '100110': 7, '101011': 9, '110111': 10, '100001': 7, '110010': 6, '100010': 5, '001111': 4, '010110': 5, '010001': 9, '110011': 9, '010011': 5, '110101': 7, '000100': 2, '000001': 7, '101100': 10, '000000': 8, '011100': 7, '010100': 6, '000111': 3, '111111': 3, '010010': 3}

Calculating classical benchmark costs (brute-force)...
Classical minimum cost found: 17.974

Results for this run have been appended to 'out.csv'
Experiment finished successfully!
Experiment for entry 18 marked as 'done'.
Checkpoint saved to 'out_20250828_083101.csv'
