Log started for experiment: node_visit_time, waste_collection_area, 63, P=3, Shots=512

--- Running Experiment: Method=node_visit_time, Cluster=waste_collection_area, ID=63, P=3, Shots=512 ---

STEP 0: Loading VRP data for waste_collection_area ID 63...
VRP data loaded successfully for Waste Collection Area ID 63.
Nodes: [63, 335, 714, 715, 716]
Depot: 63
Customers: [335, 714, 715, 716]

STEP 1: Qubit Allocation (Node-Visit-Time Encoding)
Total Qubits required: 12

STEP 2: Loading IBM Quantum credentials and choosing a backend...
Backend selected: ibm_brisbane
Sampler initialized.

STEP 3: Starting classical optimization for QAOA (p=3 layers)...
  [QAOA Obj] Current parameters: gamma=[0.033 0.501 0.565], beta=[1.075 6.109 5.483]
  [QAOA Obj] Expected Cost calculated: 2237.874
  [QAOA Obj] Current parameters: gamma=[1.033 0.501 0.565], beta=[1.075 6.109 5.483]
  [QAOA Obj] Expected Cost calculated: 2218.391
  [QAOA Obj] Current parameters: gamma=[1.033 1.501 0.565], beta=[1.075 6.109 5.483]
  [QAOA Obj] Expected Cost calculated: 2204.745
  [QAOA Obj] Current parameters: gamma=[1.033 1.501 1.565], beta=[1.075 6.109 5.483]
  [QAOA Obj] Expected Cost calculated: 2126.599
  [QAOA Obj] Current parameters: gamma=[1.033 1.501 1.565], beta=[2.075 6.109 5.483]
  [QAOA Obj] Expected Cost calculated: 2175.433
  [QAOA Obj] Current parameters: gamma=[1.033 1.501 1.565], beta=[1.075 7.109 5.483]
  [QAOA Obj] Expected Cost calculated: 2114.806
  [QAOA Obj] Current parameters: gamma=[1.033 1.501 1.565], beta=[1.075 7.109 6.483]
  [QAOA Obj] Expected Cost calculated: 2163.777
  [QAOA Obj] Current parameters: gamma=[0.289 0.681 0.785], beta=[0.432 6.264 4.838]
  [QAOA Obj] Expected Cost calculated: 2282.812
  [QAOA Obj] Current parameters: gamma=[0.228 0.638 0.785], beta=[0.585 6.227 6.283]
  [QAOA Obj] Expected Cost calculated: 2214.463

Optimization finished.
Optimal Parameters: gamma=[0.228 0.638 0.785], beta=[0.585 6.227 6.283]
Minimum Expected Cost found: 2214.463

STEP 4: Running QAOA circuit with optimal parameters...

STEP 5: Processing results and saving to CSV...
All measurement counts from 512 shots:
{'111110010110': 1, '011101100011': 1, '110100111100': 2, '100100100110': 1, '000000000001': 1, '011101111111': 1, '000011101111': 1, '101011100110': 1, '100100110011': 1, '001011111111': 1, '101110101001': 1, '011111101001': 1, '010000011000': 1, '100011011011': 1, '001100100110': 1, '001001000000': 1, '101010100100': 2, '111011001010': 2, '000001110110': 1, '100000100011': 1, '001110010110': 1, '101101000100': 2, '011110100001': 1, '000010101010': 1, '110011101110': 1, '101101111000': 1, '011110111010': 1, '100111010011': 2, '011100001001': 1, '011001100100': 1, '100110011011': 2, '111101110100': 1, '000111101110': 1, '111010110111': 1, '100110100111': 1, '010010100101': 1, '101011011011': 1, '110010100001': 1, '110011011001': 2, '111111111110': 1, '000001011110': 1, '001100111001': 2, '111111011110': 1, '100011111001': 1, '000000000101': 1, '010110001000': 1, '101111111011': 1, '001101001010': 1, '001100110101': 1, '101110110010': 1, '110011010010': 1, '111000111101': 1, '101100000001': 1, '010100011011': 1, '001001010010': 1, '000010111011': 1, '010110100110': 1, '100110000011': 2, '011000011101': 1, '000100010011': 1, '110010001100': 1, '110010001110': 1, '110001100001': 2, '101111010000': 1, '101100010100': 1, '100000100001': 1, '101111001100': 1, '100111101101': 1, '010101100000': 1, '100000100000': 1, '101000000001': 1, '011001111101': 1, '011111001110': 1, '111101111000': 1, '110000101111': 1, '101110000011': 1, '110010101101': 1, '010011011010': 1, '101101101111': 1, '011100111111': 1, '100000111010': 1, '101100110101': 1, '001111100101': 3, '100111100001': 1, '010000101000': 1, '101000011010': 1, '101011001110': 1, '100001001000': 1, '000100011001': 1, '000111001101': 3, '001011010100': 1, '011010111100': 1, '011011101001': 1, '010110111001': 1, '011001000001': 1, '111101011011': 1, '111111111001': 1, '011010000000': 1, '000111010000': 1, '001001110110': 1, '010100110101': 1, '100000111001': 2, '110110010011': 1, '101100000110': 1, '010000101111': 1, '110010111011': 1, '111010010010': 1, '110000110010': 1, '010000000011': 1, '110000000010': 1, '101100100110': 1, '110010000111': 1, '100011011001': 1, '101010001100': 2, '100110111101': 1, '000000111011': 1, '001111010011': 1, '000101010100': 1, '100001111010': 1, '111100101011': 1, '010100101110': 2, '011010111001': 1, '010010101110': 1, '101000001001': 1, '000110100001': 1, '110101011000': 1, '110010110010': 1, '011010100110': 1, '000000011110': 1, '000100000100': 1, '010101010010': 1, '000110000110': 1, '101001100001': 1, '110101100011': 1, '001100001110': 1, '001101111011': 1, '110100100110': 1, '101111100100': 1, '000101010001': 1, '001010010001': 1, '100010101011': 1, '101001111101': 1, '000100101110': 1, '001010111010': 1, '111101100010': 1, '110001101111': 1, '110111000000': 1, '111000011010': 1, '011000111011': 1, '011110010011': 1, '001000110110': 1, '110011101111': 1, '000001000001': 1, '101000010110': 1, '100011010000': 1, '001011111100': 1, '010011111110': 1, '101001011001': 1, '111011010110': 1, '001101100000': 1, '111111000010': 1, '000000001000': 1, '000010001001': 1, '100010010100': 1, '001100011100': 2, '111111001111': 1, '110001000010': 1, '011111010010': 1, '000100000011': 1, '001000011011': 1, '110001110010': 1, '000110100011': 1, '011110010100': 1, '001001101111': 1, '000110111101': 1, '110001110100': 1, '001000100110': 1, '011110001101': 1, '011101101010': 1, '111100011001': 1, '011010101111': 1, '110100101011': 1, '010100010011': 1, '000110000001': 1, '001001100111': 1, '101101000111': 1, '101111001001': 2, '010010100010': 1, '001000101011': 1, '011111110100': 1, '000011010101': 2, '000111100101': 1, '111011011001': 1, '011000111000': 1, '101011110010': 1, '101110011010': 1, '011110010001': 1, '100110011000': 1, '000101110111': 1, '001000101111': 1, '101111000001': 1, '000010011101': 1, '001000111111': 1, '011111000100': 1, '101110100100': 1, '110011110101': 1, '111110110101': 1, '001111000000': 1, '000010100111': 1, '000111110100': 1, '111111110100': 1, '000111110011': 1, '101110111010': 1, '010011100010': 1, '101001110000': 1, '100111001000': 2, '000001000011': 1, '010010011110': 1, '010101110101': 1, '000111111001': 1, '001111000101': 1, '001010110010': 1, '000011011110': 2, '110101010000': 1, '011011000010': 1, '011111000001': 1, '111010001001': 1, '010110110100': 1, '110111101101': 1, '000010001111': 1, '100000010101': 1, '001011000100': 1, '100001010111': 1, '111011101111': 1, '110110011001': 1, '100011001010': 1, '000110110100': 1, '001100010111': 1, '001101001100': 1, '010111100001': 1, '000100011010': 1, '000101110101': 1, '010011011100': 1, '001100101100': 1, '011001100110': 1, '111011011100': 1, '011001111000': 1, '010000010110': 1, '010110100000': 1, '011111100000': 1, '001111011101': 1, '001010100110': 1, '011000000000': 1, '011110000100': 1, '011001001111': 1, '010000001011': 1, '010111011011': 1, '111100000111': 1, '010010001011': 2, '110110101010': 1, '010001001100': 1, '011010110100': 1, '110011011011': 1, '111110010100': 1, '011001101110': 1, '010001010010': 1, '010000001100': 1, '011101011011': 1, '110001001110': 2, '110101100010': 1, '101001110100': 1, '001010011111': 1, '001111011111': 1, '001101100001': 1, '111111010001': 1, '101000110111': 1, '100010111100': 1, '101101101011': 1, '001110101000': 1, '000101000100': 1, '000101001100': 1, '010000110100': 1, '110101110100': 2, '100100101110': 1, '110000010110': 1, '110000011110': 1, '101011011101': 1, '111010100010': 1, '111000010000': 1, '011000001010': 1, '011110010101': 1, '010100011100': 1, '110100100001': 1, '000000101111': 1, '000011101110': 1, '111000100110': 1, '110101101001': 1, '100000010100': 1, '111010011101': 1, '000011011101': 1, '100001000100': 1, '010001000011': 1, '000100100101': 1, '101000110011': 1, '000110100010': 1, '100111101001': 1, '000101011011': 1, '000100110001': 1, '011001111111': 1, '010010100110': 1, '110110110110': 1, '001110000001': 1, '111111100100': 1, '010111001111': 1, '011110001001': 1, '011110110101': 1, '011010011101': 1, '011000010110': 1, '111101000000': 1, '000110110110': 1, '001001001110': 1, '001000100001': 1, '100100110101': 1, '000101000110': 1, '110001110000': 1, '100100100100': 1, '110010000011': 1, '000000010111': 1, '000111011001': 1, '010010010110': 1, '100010100011': 1, '000010100100': 1, '010110100011': 1, '001000001101': 1, '001001010000': 1, '110111010000': 1, '011010001110': 1, '100100000010': 1, '000111111101': 1, '100110000110': 1, '001111000001': 1, '110000001001': 1, '111101101110': 1, '100010110101': 1, '100100100101': 1, '010011110100': 1, '001011101101': 1, '110111010100': 1, '110110100110': 1, '000100001101': 1, '000101011101': 1, '101101101010': 1, '100101000101': 1, '110110011110': 1, '000101010011': 1, '000111011000': 1, '110001000100': 1, '011011101100': 1, '111000001010': 1, '100110111000': 1, '001110011100': 1, '100110000000': 1, '100101101000': 1, '100011000001': 1, '010010011010': 1, '000101001111': 1, '001000001000': 1, '011111011011': 1, '011100010001': 1, '001010101000': 1, '101011111011': 1, '000110001101': 1, '010001111000': 1, '110101000100': 1, '001001100100': 1, '000100100111': 1, '111001001100': 1, '001011110101': 1, '111100000001': 1, '011111011010': 1, '111000000101': 1, '101111011110': 1, '010010011000': 1, '000111011011': 1, '101111111100': 1, '000010001110': 1, '111100011111': 1, '000000011101': 1, '011100000111': 1, '111011001001': 1, '111100010111': 1, '000110111001': 1, '110101100101': 1, '010100000101': 1, '110111110011': 1, '001010010011': 1, '001011100100': 1, '010110001101': 1, '000100101000': 1, '110011110010': 1, '110000110011': 1, '111110001001': 1, '010101010110': 1, '100001110000': 1, '100010010000': 1, '111001011000': 1, '100111101011': 1, '100001001011': 1, '000100010111': 1, '101110000110': 1, '011001010000': 1, '100111001011': 1, '010100001100': 1, '101011111100': 1, '010000111001': 1, '100111001110': 1, '100100111111': 1, '000011000000': 1, '110011111111': 1, '000001001010': 1, '100101010100': 1, '001101101101': 1, '000111110110': 1, '100101100000': 1, '010100101011': 1, '000100111110': 1, '100111100101': 1, '110110101000': 1, '001010000000': 1, '111111010100': 1, '011100001100': 1, '101001010101': 1, '100100001001': 1, '111111110011': 1, '101010010111': 1, '011100101111': 1, '011001110101': 1, '110010110111': 1, '000110101010': 1, '011101010110': 1, '101000000111': 1, '000111010010': 1, '111111100010': 1, '101010100010': 1, '000010111110': 1, '001010010010': 1, '110111100111': 1, '000100111010': 1, '101100111011': 1, '000010110101': 1, '110110001000': 1, '000101001101': 1, '100001100011': 1, '000110110001': 1, '111111011000': 1, '011010011111': 1, '110111000010': 1, '100011011110': 1, '000110001011': 1, '111110100110': 1, '011000010000': 1, '010000110000': 1, '001110101100': 1, '111011100000': 1, '011110000111': 1, '100101001111': 1, '100001111101': 1, '101010100011': 1, '100111100010': 1, '011111111000': 1, '000011101000': 1, '011110110000': 1, '001000000110': 1, '011000101100': 2, '101011100011': 1, '011100001110': 1, '111111001001': 1, '000001010000': 1, '010001001101': 1, '010101111101': 1, '100000110001': 1, '100010111101': 1, '101000110110': 1, '100110111100': 1, '110111100101': 1, '101111100000': 1}

Calculating classical benchmark costs (brute-force)...
Classical minimum cost found: 4.103

Results for this run have been appended to 'out.csv'
Experiment finished successfully!
Experiment for entry 12 marked as 'done'.
Checkpoint saved to 'out_20250922_083106.csv'
