Log started for experiment: node_visit_time, waste_collection_area, 56, P=2, Shots=256

--- Running Experiment: Method=node_visit_time, Cluster=waste_collection_area, ID=56, P=2, Shots=256 ---

STEP 0: Loading VRP data for waste_collection_area ID 56...
VRP data loaded successfully for Waste Collection Area ID 56.
Nodes: [33, 34, 56, 789]
Depot: 56
Customers: [33, 34, 789]

STEP 1: Qubit Allocation (Node-Visit-Time Encoding)
Total Qubits required: 6

STEP 2: Loading IBM Quantum credentials and choosing a backend...
Backend selected: ibm_brisbane
Sampler initialized.

STEP 3: Starting classical optimization for QAOA (p=2 layers)...
  [QAOA Obj] Current parameters: gamma=[0.297 0.022], beta=[2.016 2.384]
  [QAOA Obj] Expected Cost calculated: 737.587
  [QAOA Obj] Current parameters: gamma=[1.297 0.022], beta=[2.016 2.384]
  [QAOA Obj] Expected Cost calculated: 651.695
  [QAOA Obj] Current parameters: gamma=[1.297 1.022], beta=[2.016 2.384]
  [QAOA Obj] Expected Cost calculated: 694.675
  [QAOA Obj] Current parameters: gamma=[1.297 0.022], beta=[3.016 2.384]
  [QAOA Obj] Expected Cost calculated: 831.314
  [QAOA Obj] Current parameters: gamma=[1.297 0.022], beta=[2.016 3.384]
  [QAOA Obj] Expected Cost calculated: 729.818
  [QAOA Obj] Current parameters: gamma=[ 0.698 -0.   ], beta=[1.176 2.018]
  [QAOA Obj] Expected Cost calculated: 647.752
  [QAOA Obj] Current parameters: gamma=[ 0.785 -0.   ], beta=[0.811 1.092]
  [QAOA Obj] Expected Cost calculated: 764.914

Optimization finished.
Optimal Parameters: gamma=[ 0.698 -0.   ], beta=[1.176 2.018]
Minimum Expected Cost found: 647.752

STEP 4: Running QAOA circuit with optimal parameters...

STEP 5: Processing results and saving to CSV...
All measurement counts from 256 shots:
{'000101': 6, '011101': 9, '100011': 13, '101001': 4, '001101': 11, '001100': 5, '011110': 7, '000100': 4, '101100': 8, '010110': 7, '110011': 3, '111100': 3, '001000': 4, '000111': 4, '011001': 4, '010100': 3, '011010': 4, '111001': 4, '001010': 2, '001111': 4, '101111': 7, '100010': 4, '100001': 6, '010001': 2, '000010': 2, '000110': 4, '001110': 5, '101010': 3, '101110': 3, '111111': 5, '110001': 3, '011000': 6, '101000': 5, '100110': 4, '111000': 6, '100101': 3, '011100': 5, '110010': 3, '110100': 3, '111110': 4, '110110': 6, '100000': 2, '010011': 5, '111101': 5, '010010': 2, '000011': 2, '011011': 3, '110111': 4, '010000': 1, '100100': 1, '110101': 3, '010101': 3, '010111': 3, '000001': 8, '101101': 2, '001001': 3, '100111': 2, '001011': 1, '111010': 2, '101011': 3, '111011': 2, '011111': 1}

Calculating classical benchmark costs (brute-force)...
Classical minimum cost found: 17.974

Results for this run have been appended to 'out.csv'
Experiment finished successfully!
Experiment for entry 24 marked as 'done'.
Checkpoint saved to 'out_20250828_111727.csv'
