Log started for experiment: node_visit_time, waste_collection_area, 56, P=5, Shots=1024

--- Running Experiment: Method=node_visit_time, Cluster=waste_collection_area, ID=56, P=5, Shots=1024 ---

STEP 0: Loading VRP data for waste_collection_area ID 56...
VRP data loaded successfully for Waste Collection Area ID 56.
Nodes: [33, 34, 56, 789]
Depot: 56
Customers: [33, 34, 789]

STEP 1: Qubit Allocation (Node-Visit-Time Encoding)
Total Qubits required: 6

STEP 2: Loading IBM Quantum credentials and choosing a backend...
Backend selected: ibm_brisbane
Sampler initialized.

STEP 3: Starting classical optimization for QAOA (p=5 layers)...
  [QAOA Obj] Current parameters: gamma=[0.062 0.549 0.24  0.351 0.222], beta=[0.055 2.345 6.09  4.616 4.086]
  [QAOA Obj] Expected Cost calculated: 727.816
  [QAOA Obj] Current parameters: gamma=[1.062 0.549 0.24  0.351 0.222], beta=[0.055 2.345 6.09  4.616 4.086]
  [QAOA Obj] Expected Cost calculated: 715.184
  [QAOA Obj] Current parameters: gamma=[1.062 1.549 0.24  0.351 0.222], beta=[0.055 2.345 6.09  4.616 4.086]
  [QAOA Obj] Expected Cost calculated: 717.143
  [QAOA Obj] Current parameters: gamma=[1.062 0.549 1.24  0.351 0.222], beta=[0.055 2.345 6.09  4.616 4.086]
  [QAOA Obj] Expected Cost calculated: 703.507
  [QAOA Obj] Current parameters: gamma=[1.062 0.549 1.24  1.351 0.222], beta=[0.055 2.345 6.09  4.616 4.086]
  [QAOA Obj] Expected Cost calculated: 736.650
  [QAOA Obj] Current parameters: gamma=[1.062 0.549 1.24  0.351 1.222], beta=[0.055 2.345 6.09  4.616 4.086]
  [QAOA Obj] Expected Cost calculated: 682.939
  [QAOA Obj] Current parameters: gamma=[1.062 0.549 1.24  0.351 1.222], beta=[1.055 2.345 6.09  4.616 4.086]
  [QAOA Obj] Expected Cost calculated: 693.722
  [QAOA Obj] Current parameters: gamma=[1.062 0.549 1.24  0.351 1.222], beta=[0.055 3.345 6.09  4.616 4.086]
  [QAOA Obj] Expected Cost calculated: 731.777
  [QAOA Obj] Current parameters: gamma=[1.062 0.549 1.24  0.351 1.222], beta=[0.055 2.345 7.09  4.616 4.086]
  [QAOA Obj] Expected Cost calculated: 686.833
  [QAOA Obj] Current parameters: gamma=[1.062 0.549 1.24  0.351 1.222], beta=[0.055 2.345 6.09  5.616 4.086]
  [QAOA Obj] Expected Cost calculated: 702.497
  [QAOA Obj] Current parameters: gamma=[1.062 0.549 1.24  0.351 1.222], beta=[0.055 2.345 6.09  4.616 5.086]
  [QAOA Obj] Expected Cost calculated: 692.716
  [QAOA Obj] Current parameters: gamma=[0.785 0.526 0.785 0.    0.785], beta=[-0.     1.769  6.045  4.385  3.971]
  [QAOA Obj] Expected Cost calculated: 702.468
  [QAOA Obj] Current parameters: gamma=[0.785 0.478 0.785 0.    0.785], beta=[-0.     2.609  5.95   3.909  3.733]
  [QAOA Obj] Expected Cost calculated: 721.004

Optimization finished.
Optimal Parameters: gamma=[0.785 0.526 0.785 0.    0.785], beta=[-0.     1.769  6.045  4.385  3.971]
Minimum Expected Cost found: 702.468

STEP 4: Running QAOA circuit with optimal parameters...

STEP 5: Processing results and saving to CSV...
All measurement counts from 1024 shots:
{'101001': 23, '010011': 18, '000011': 21, '101000': 16, '101010': 18, '110000': 14, '100001': 15, '110101': 15, '000111': 20, '111111': 30, '111100': 23, '100011': 21, '010111': 20, '001110': 18, '101011': 22, '110011': 25, '001000': 14, '000010': 16, '110100': 10, '100101': 12, '011111': 21, '000101': 12, '110010': 14, '111010': 11, '110111': 18, '100010': 18, '001001': 13, '110001': 17, '011110': 21, '100100': 12, '100110': 12, '000110': 19, '111011': 22, '010010': 10, '000001': 19, '011000': 12, '001010': 10, '100000': 12, '001101': 27, '101101': 15, '001111': 18, '010000': 18, '111101': 15, '111000': 19, '010101': 13, '111001': 11, '011011': 16, '010100': 12, '011010': 15, '111110': 14, '000000': 11, '011101': 12, '101100': 11, '101111': 21, '010001': 21, '110110': 14, '100111': 18, '000100': 11, '001011': 14, '011100': 11, '001100': 9, '101110': 12, '011001': 15, '010110': 7}

Calculating classical benchmark costs (brute-force)...
Classical minimum cost found: 17.974

Results for this run have been appended to 'out.csv'
Experiment finished successfully!
Experiment for entry 48 marked as 'done'.
Checkpoint saved to 'out_20250922_093144.csv'
