Log started for experiment: node_visit_time, waste_collection_area, 56, P=2, Shots=1024

--- Running Experiment: Method=node_visit_time, Cluster=waste_collection_area, ID=56, P=2, Shots=1024 ---

STEP 0: Loading VRP data for waste_collection_area ID 56...
VRP data loaded successfully for Waste Collection Area ID 56.
Nodes: [33, 34, 56, 789]
Depot: 56
Customers: [33, 34, 789]

STEP 1: Qubit Allocation (Node-Visit-Time Encoding)
Total Qubits required: 6

STEP 2: Loading IBM Quantum credentials and choosing a backend...
Backend selected: ibm_brisbane
Sampler initialized.

STEP 3: Starting classical optimization for QAOA (p=2 layers)...
  [QAOA Obj] Current parameters: gamma=[0.781 0.596], beta=[1.151 4.377]
  [QAOA Obj] Expected Cost calculated: 725.934
  [QAOA Obj] Current parameters: gamma=[1.781 0.596], beta=[1.151 4.377]
  [QAOA Obj] Expected Cost calculated: 655.542
  [QAOA Obj] Current parameters: gamma=[1.781 1.596], beta=[1.151 4.377]
  [QAOA Obj] Expected Cost calculated: 705.373
  [QAOA Obj] Current parameters: gamma=[1.781 0.596], beta=[2.151 4.377]
  [QAOA Obj] Expected Cost calculated: 724.905
  [QAOA Obj] Current parameters: gamma=[1.781 0.596], beta=[1.151 5.377]
  [QAOA Obj] Expected Cost calculated: 712.248
  [QAOA Obj] Current parameters: gamma=[0.785 0.11 ], beta=[0.474 3.824]
  [QAOA Obj] Expected Cost calculated: 707.388
  [QAOA Obj] Current parameters: gamma=[0.785 0.015], beta=[-0.     2.948]
  [QAOA Obj] Expected Cost calculated: 734.709

Optimization finished.
Optimal Parameters: gamma=[0.785 0.11 ], beta=[0.474 3.824]
Minimum Expected Cost found: 707.388

STEP 4: Running QAOA circuit with optimal parameters...

STEP 5: Processing results and saving to CSV...
All measurement counts from 1024 shots:
{'010110': 21, '110011': 17, '010001': 16, '111001': 21, '010000': 17, '001110': 11, '110111': 15, '110101': 28, '011011': 10, '111111': 16, '111100': 23, '101010': 18, '010111': 22, '001000': 10, '001010': 20, '111000': 17, '001100': 21, '010100': 9, '001001': 15, '100100': 10, '100010': 11, '000110': 9, '101001': 36, '000001': 13, '100000': 15, '101111': 19, '111110': 21, '110100': 18, '101000': 17, '000000': 11, '011010': 13, '011111': 24, '110110': 8, '111010': 19, '011100': 19, '001011': 20, '100001': 22, '000011': 24, '101101': 17, '000010': 13, '110001': 16, '110000': 11, '011110': 26, '011000': 14, '100110': 16, '111011': 17, '001101': 16, '101100': 13, '101011': 16, '111101': 16, '000100': 17, '011001': 16, '000101': 14, '001111': 5, '100101': 15, '101110': 16, '010011': 15, '010101': 12, '000111': 14, '110010': 13, '100111': 10, '011101': 14, '010010': 8, '100011': 8}

Calculating classical benchmark costs (brute-force)...
Classical minimum cost found: 17.974

Results for this run have been appended to 'out.csv'
Experiment finished successfully!
Experiment for entry 25 marked as 'done'.
Checkpoint saved to 'out_20250828_111815.csv'
