Log started for experiment: node_visit_time, waste_collection_area, 103, P=3, Shots=512

--- Running Experiment: Method=node_visit_time, Cluster=waste_collection_area, ID=103, P=3, Shots=512 ---

STEP 0: Loading VRP data for waste_collection_area ID 103...
VRP data loaded successfully for Waste Collection Area ID 103.
Nodes: [103, 180, 614, 814]
Depot: 103
Customers: [180, 614, 814]

STEP 1: Qubit Allocation (Node-Visit-Time Encoding)
Total Qubits required: 6

STEP 2: Loading IBM Quantum credentials and choosing a backend...
Backend selected: ibm_brisbane
Sampler initialized.

STEP 3: Starting classical optimization for QAOA (p=3 layers)...
  [QAOA Obj] Current parameters: gamma=[0.593 0.42  0.27 ], beta=[2.974 5.248 3.464]
  [QAOA Obj] Expected Cost calculated: 704.052
  [QAOA Obj] Current parameters: gamma=[1.593 0.42  0.27 ], beta=[2.974 5.248 3.464]
  [QAOA Obj] Expected Cost calculated: 700.145
  [QAOA Obj] Current parameters: gamma=[1.593 1.42  0.27 ], beta=[2.974 5.248 3.464]
  [QAOA Obj] Expected Cost calculated: 655.224
  [QAOA Obj] Current parameters: gamma=[1.593 1.42  1.27 ], beta=[2.974 5.248 3.464]
  [QAOA Obj] Expected Cost calculated: 688.427
  [QAOA Obj] Current parameters: gamma=[1.593 1.42  0.27 ], beta=[3.974 5.248 3.464]
  [QAOA Obj] Expected Cost calculated: 690.380
  [QAOA Obj] Current parameters: gamma=[1.593 1.42  0.27 ], beta=[2.974 6.248 3.464]
  [QAOA Obj] Expected Cost calculated: 706.005
  [QAOA Obj] Current parameters: gamma=[1.593 1.42  0.27 ], beta=[2.974 5.248 4.464]
  [QAOA Obj] Expected Cost calculated: 674.755
  [QAOA Obj] Current parameters: gamma=[0.647 0.785 0.   ], beta=[2.492 4.551 3.196]
  [QAOA Obj] Expected Cost calculated: 639.599
  [QAOA Obj] Current parameters: gamma=[ 0.785  0.785 -0.   ], beta=[1.456 2.897 2.779]
  [QAOA Obj] Expected Cost calculated: 694.286

Optimization finished.
Optimal Parameters: gamma=[0.647 0.785 0.   ], beta=[2.492 4.551 3.196]
Minimum Expected Cost found: 639.599

STEP 4: Running QAOA circuit with optimal parameters...

STEP 5: Processing results and saving to CSV...
All measurement counts from 512 shots:
{'110100': 11, '000101': 10, '010101': 10, '010111': 6, '001010': 6, '110010': 9, '101101': 13, '100110': 14, '011110': 9, '101010': 6, '000001': 7, '111001': 11, '110101': 9, '100001': 9, '000100': 11, '101111': 5, '100100': 10, '011100': 8, '101000': 9, '001110': 7, '011111': 15, '010010': 8, '010110': 7, '111111': 9, '101001': 11, '100101': 9, '111000': 13, '010011': 10, '010100': 11, '001111': 5, '101100': 9, '000111': 8, '000000': 9, '110110': 10, '110011': 6, '111110': 9, '111010': 10, '000110': 10, '001001': 4, '100111': 9, '111100': 11, '110000': 7, '111011': 5, '010001': 7, '110001': 7, '001100': 5, '011011': 6, '101011': 5, '010000': 8, '100011': 6, '011000': 5, '000011': 3, '000010': 3, '100000': 5, '011101': 9, '011010': 7, '101110': 7, '001011': 6, '011001': 7, '100010': 5, '001000': 3, '110111': 7, '001101': 6, '111101': 10}

Calculating classical benchmark costs (brute-force)...
Classical minimum cost found: 4.833

Results for this run have been appended to 'out.csv'
Experiment finished successfully!
Experiment for entry 10 marked as 'done'.
Checkpoint saved to 'out_20250922_082837.csv'
