Log started for experiment: node_visit_time, waste_collection_area, 56, P=2, Shots=128

--- Running Experiment: Method=node_visit_time, Cluster=waste_collection_area, ID=56, P=2, Shots=128 ---

STEP 0: Loading VRP data for waste_collection_area ID 56...
VRP data loaded successfully for Waste Collection Area ID 56.
Nodes: [33, 34, 56, 789]
Depot: 56
Customers: [33, 34, 789]

STEP 1: Qubit Allocation (Node-Visit-Time Encoding)
Total Qubits required: 6

STEP 2: Loading IBM Quantum credentials and choosing a backend...
Backend selected: ibm_brisbane
Sampler initialized.

STEP 3: Starting classical optimization for QAOA (p=2 layers)...
  [QAOA Obj] Current parameters: gamma=[0.296 0.423], beta=[1.142 0.721]
  [QAOA Obj] Expected Cost calculated: 776.601
  [QAOA Obj] Current parameters: gamma=[1.296 0.423], beta=[1.142 0.721]
  [QAOA Obj] Expected Cost calculated: 893.682
  [QAOA Obj] Current parameters: gamma=[0.296 1.423], beta=[1.142 0.721]
  [QAOA Obj] Expected Cost calculated: 698.601
  [QAOA Obj] Current parameters: gamma=[0.296 1.423], beta=[2.142 0.721]
  [QAOA Obj] Expected Cost calculated: 675.027
  [QAOA Obj] Current parameters: gamma=[0.296 1.423], beta=[2.142 1.721]
  [QAOA Obj] Expected Cost calculated: 729.839
  [QAOA Obj] Current parameters: gamma=[0.    0.785], beta=[1.653 0.   ]
  [QAOA Obj] Expected Cost calculated: 706.391
  [QAOA Obj] Current parameters: gamma=[-0.     0.785], beta=[2.616 0.267]
  [QAOA Obj] Expected Cost calculated: 620.521

Optimization finished.
Optimal Parameters: gamma=[-0.     0.785], beta=[2.616 0.267]
Minimum Expected Cost found: 620.521

STEP 4: Running QAOA circuit with optimal parameters...

STEP 5: Processing results and saving to CSV...
All measurement counts from 128 shots:
{'010111': 2, '010011': 2, '100001': 5, '111011': 1, '101001': 1, '111101': 2, '010100': 3, '011100': 2, '010110': 5, '110100': 5, '010000': 1, '000101': 1, '000110': 3, '001100': 3, '001011': 3, '100010': 3, '001101': 4, '001110': 4, '101110': 3, '001010': 6, '001001': 2, '110111': 4, '010101': 3, '101010': 1, '011010': 4, '100110': 2, '001000': 1, '011101': 2, '101101': 1, '011110': 3, '110001': 4, '011001': 1, '111110': 2, '101000': 2, '000111': 2, '110010': 4, '111001': 1, '000011': 1, '110110': 2, '011000': 4, '010001': 2, '000000': 1, '000010': 3, '101100': 3, '111000': 1, '111010': 2, '001111': 1, '110101': 2, '010010': 1, '100000': 2, '101011': 2, '000001': 1, '110000': 1, '100011': 1}

Calculating classical benchmark costs (brute-force)...
Classical minimum cost found: 17.974

Results for this run have been appended to 'out.csv'
Experiment finished successfully!
Experiment for entry 23 marked as 'done'.
Checkpoint saved to 'out_20250828_111644.csv'
