Log started for experiment: node_visit_time, waste_collection_area, 56, P=5, Shots=512

--- Running Experiment: Method=node_visit_time, Cluster=waste_collection_area, ID=56, P=5, Shots=512 ---

STEP 0: Loading VRP data for waste_collection_area ID 56...
VRP data loaded successfully for Waste Collection Area ID 56.
Nodes: [33, 34, 56, 789]
Depot: 56
Customers: [33, 34, 789]

STEP 1: Qubit Allocation (Node-Visit-Time Encoding)
Total Qubits required: 6

STEP 2: Loading IBM Quantum credentials and choosing a backend...
Backend selected: ibm_brisbane
Sampler initialized.

STEP 3: Starting classical optimization for QAOA (p=5 layers)...
  [QAOA Obj] Current parameters: gamma=[0.519 0.242 0.691 0.297 0.591], beta=[5.119 5.574 0.664 5.019 4.807]
  [QAOA Obj] Expected Cost calculated: 661.513
  [QAOA Obj] Current parameters: gamma=[1.519 0.242 0.691 0.297 0.591], beta=[5.119 5.574 0.664 5.019 4.807]
  [QAOA Obj] Expected Cost calculated: 733.771
  [QAOA Obj] Current parameters: gamma=[0.519 1.242 0.691 0.297 0.591], beta=[5.119 5.574 0.664 5.019 4.807]
  [QAOA Obj] Expected Cost calculated: 696.639
  [QAOA Obj] Current parameters: gamma=[0.519 0.242 1.691 0.297 0.591], beta=[5.119 5.574 0.664 5.019 4.807]
  [QAOA Obj] Expected Cost calculated: 696.586
  [QAOA Obj] Current parameters: gamma=[0.519 0.242 0.691 1.297 0.591], beta=[5.119 5.574 0.664 5.019 4.807]
  [QAOA Obj] Expected Cost calculated: 688.797
  [QAOA Obj] Current parameters: gamma=[0.519 0.242 0.691 0.297 1.591], beta=[5.119 5.574 0.664 5.019 4.807]
  [QAOA Obj] Expected Cost calculated: 704.451
  [QAOA Obj] Current parameters: gamma=[0.519 0.242 0.691 0.297 0.591], beta=[6.119 5.574 0.664 5.019 4.807]
  [QAOA Obj] Expected Cost calculated: 667.215
  [QAOA Obj] Current parameters: gamma=[0.519 0.242 0.691 0.297 0.591], beta=[5.119 6.574 0.664 5.019 4.807]
  [QAOA Obj] Expected Cost calculated: 686.854
  [QAOA Obj] Current parameters: gamma=[0.519 0.242 0.691 0.297 0.591], beta=[5.119 5.574 1.664 5.019 4.807]
  [QAOA Obj] Expected Cost calculated: 722.035
  [QAOA Obj] Current parameters: gamma=[0.519 0.242 0.691 0.297 0.591], beta=[5.119 5.574 0.664 6.019 4.807]
  [QAOA Obj] Expected Cost calculated: 739.599
  [QAOA Obj] Current parameters: gamma=[0.519 0.242 0.691 0.297 0.591], beta=[5.119 5.574 0.664 5.019 5.807]
  [QAOA Obj] Expected Cost calculated: 722.014
  [QAOA Obj] Current parameters: gamma=[0.056 0.017 0.467 0.122 0.316], beta=[5.082 5.411 0.276 4.518 4.42 ]
  [QAOA Obj] Expected Cost calculated: 692.728
  [QAOA Obj] Current parameters: gamma=[0.408 0.188 0.638 0.255 0.525], beta=[5.11  5.535 0.571 5.474 4.714]
  [QAOA Obj] Expected Cost calculated: 692.713

Optimization finished.
Optimal Parameters: gamma=[0.519 0.242 0.691 0.297 0.591], beta=[5.119 5.574 0.664 5.019 4.807]
Minimum Expected Cost found: 661.513

STEP 4: Running QAOA circuit with optimal parameters...

STEP 5: Processing results and saving to CSV...
All measurement counts from 512 shots:
{'011111': 11, '000001': 4, '110100': 8, '010100': 9, '101100': 8, '011110': 17, '101111': 5, '100110': 13, '001010': 17, '010000': 11, '001011': 8, '010001': 5, '011000': 8, '001111': 14, '110111': 3, '011001': 3, '111010': 13, '000010': 14, '010011': 11, '001001': 8, '101011': 6, '101010': 7, '111100': 7, '111110': 11, '000100': 17, '111001': 4, '010110': 6, '110000': 8, '100001': 3, '110001': 2, '011101': 4, '010101': 4, '011011': 6, '011010': 13, '010111': 7, '110010': 14, '010010': 17, '001110': 12, '110011': 6, '000101': 5, '111000': 13, '101000': 6, '101001': 5, '111101': 2, '100100': 6, '110101': 3, '001000': 10, '000110': 6, '000111': 14, '000011': 7, '001100': 10, '111111': 6, '001101': 6, '100000': 6, '011100': 4, '111011': 5, '000000': 6, '101110': 8, '100111': 9, '110110': 9, '100101': 10, '100010': 5, '100011': 6, '101101': 1}

Calculating classical benchmark costs (brute-force)...
Classical minimum cost found: 17.974

Results for this run have been appended to 'out.csv'
Experiment finished successfully!
Experiment for entry 22 marked as 'done'.
Checkpoint saved to 'out_20250828_083957.csv'
