Nodes: [5, 22, 48, 57, 70, 87]
Trial params (first 4): [ 0.55   0.72  -0.932  0.644]  -> cost: 29.30461999226523
Trial params (first 4): [ 1.55   0.72  -0.932  0.644]  -> cost: 43.215722992076856
Trial params (first 4): [ 0.55   1.72  -0.932  0.644]  -> cost: 41.02226711736324
Trial params (first 4): [0.55  0.72  0.068 0.644]  -> cost: 39.94969190531795
Trial params (first 4): [ 0.55   0.72  -0.932  1.644]  -> cost: 41.02226711736324
Trial params (first 4): [ 0.55   0.72  -0.932  0.644]  -> cost: 29.38484551953281
Trial params (first 4): [ 0.55   0.72  -0.932  0.644]  -> cost: 29.304619992265238
Trial params (first 4): [ 0.55   0.72  -0.932  0.644]  -> cost: 28.274159921538796
Trial params (first 4): [ 0.55   0.72  -0.932  0.644]  -> cost: 28.274159921538796
Trial params (first 4): [ 0.55   0.72  -0.932  0.644]  -> cost: 42.17506785667611
Trial params (first 4): [ 0.55   0.72  -0.932  0.644]  -> cost: 27.14927450350033
Trial params (first 4): [ 0.55   0.72  -0.932  0.644]  -> cost: 43.257838133395715
Trial params (first 4): [ 0.55   0.72  -0.932  0.644]  -> cost: 41.022267117363235
Trial params (first 4): [ 0.153  0.385 -1.236  0.31 ]  -> cost: 29.30461999226523
Trial params (first 4): [ 0.659  0.846 -0.797  0.77 ]  -> cost: 27.14927450350033
Trial params (first 4): [ 0.449  0.736 -0.915  0.661]  -> cost: 28.274159921538796
Trial params (first 4): [ 0.683  0.67  -0.977  0.594]  -> cost: 42.13295271535725
Trial params (first 4): [ 0.543  0.673 -0.926  0.65 ]  -> cost: 28.27415992153879
Trial params (first 4): [ 0.509  0.751 -0.953  0.622]  -> cost: 42.17506785667611
Trial params (first 4): [ 0.55   0.72  -0.969  0.678]  -> cost: 28.27415992153879
Trial params (first 4): [ 0.565  0.726 -0.872  0.706]  -> cost: 43.25783813339571
Trial params (first 4): [ 0.55   0.72  -0.932  0.644]  -> cost: 26.038588905506316
Trial params (first 4): [ 0.563  0.726 -0.938  0.63 ]  -> cost: 42.13295271535725
Trial params (first 4): [ 0.55   0.72  -0.932  0.644]  -> cost: 27.191389644819186
Trial params (first 4): [ 0.558  0.723 -0.936  0.635]  -> cost: 26.038588905506316
Trial params (first 4): [ 0.55   0.72  -0.932  0.644]  -> cost: 26.03858890550631
Trial params (first 4): [ 0.522  0.675 -0.961  0.687]  -> cost: 27.191389644819186
Trial params (first 4): [ 0.549  0.719 -0.933  0.645]  -> cost: 27.149274503500322
Trial params (first 4): [ 0.544  0.703 -0.948  0.656]  -> cost: 43.257838133395715
Trial params (first 4): [ 0.562  0.733 -0.919  0.654]  -> cost: 27.14927450350033
Trial params (first 4): [ 0.576  0.713 -0.956  0.598]  -> cost: 42.17506785667611
Trial params (first 4): [ 0.558  0.725 -0.902  0.672]  -> cost: 41.02226711736324
Trial params (first 4): [ 0.559  0.716 -0.935  0.644]  -> cost: 27.14927450350033
Trial params (first 4): [ 0.536  0.726 -0.936  0.635]  -> cost: 27.191389644819182
Trial params (first 4): [ 0.55   0.72  -0.932  0.643]  -> cost: 41.02226711736324
Trial params (first 4): [ 0.548  0.719 -0.933  0.645]  -> cost: 42.13295271535725
Trial params (first 4): [ 0.551  0.722 -0.931  0.642]  -> cost: 42.17506785667611
Trial params (first 4): [ 0.548  0.718 -0.933  0.646]  -> cost: 27.191389644819186
Trial params (first 4): [ 0.549  0.719 -0.932  0.646]  -> cost: 28.274159921538796
Trial params (first 4): [ 0.548  0.716 -0.935  0.646]  -> cost: 42.13295271535725
Trial params (first 4): [ 0.549  0.717 -0.929  0.642]  -> cost: 28.274159921538796
Trial params (first 4): [ 0.552  0.724 -0.932  0.639]  -> cost: 42.13295271535725
Trial params (first 4): [ 0.55   0.723 -0.932  0.644]  -> cost: 26.03858890550631
Trial params (first 4): [ 0.55   0.721 -0.926  0.649]  -> cost: 41.02226711736324
Trial params (first 4): [ 0.55   0.72  -0.932  0.644]  -> cost: 42.13295271535725
Trial params (first 4): [ 0.552  0.723 -0.933  0.64 ]  -> cost: 27.14927450350033
Trial params (first 4): [ 0.548  0.718 -0.934  0.643]  -> cost: 42.13295271535725
Trial params (first 4): [ 0.552  0.723 -0.931  0.642]  -> cost: 26.03858890550631
Trial params (first 4): [ 0.55   0.72  -0.932  0.644]  -> cost: 41.02226711736324
Trial params (first 4): [ 0.55   0.719 -0.934  0.646]  -> cost: 26.03858890550631
Trial params (first 4): [ 0.552  0.719 -0.931  0.646]  -> cost: 42.17506785667611
Trial params (first 4): [ 0.546  0.719 -0.936  0.64 ]  -> cost: 26.038588905506312
Trial params (first 4): [ 0.548  0.72  -0.934  0.643]  -> cost: 26.03858890550631
Trial params (first 4): [ 0.549  0.72  -0.932  0.644]  -> cost: 28.274159921538796
Trial params (first 4): [ 0.55   0.72  -0.933  0.643]  -> cost: 26.03858890550631
Trial params (first 4): [ 0.549  0.719 -0.932  0.644]  -> cost: 42.13295271535725
Trial params (first 4): [ 0.55   0.72  -0.932  0.644]  -> cost: 27.191389644819186
Trial params (first 4): [ 0.549  0.72  -0.932  0.644]  -> cost: 42.13295271535725
Trial params (first 4): [ 0.55   0.72  -0.932  0.644]  -> cost: 27.14927450350033
Trial params (first 4): [ 0.55   0.72  -0.932  0.644]  -> cost: 41.02226711736324
Trial params (first 4): [ 0.55   0.72  -0.932  0.644]  -> cost: 42.13295271535725
Trial params (first 4): [ 0.55   0.72  -0.932  0.644]  -> cost: 42.13295271535725
Trial params (first 4): [ 0.549  0.719 -0.932  0.644]  -> cost: 42.17506785667611
Trial params (first 4): [ 0.55   0.72  -0.932  0.644]  -> cost: 42.17506785667611
Trial params (first 4): [ 0.549  0.72  -0.932  0.644]  -> cost: 28.274159921538796
Trial params (first 4): [ 0.549  0.72  -0.932  0.644]  -> cost: 41.02226711736324
Trial params (first 4): [ 0.55   0.72  -0.932  0.644]  -> cost: 26.03858890550631
Trial params (first 4): [ 0.549  0.719 -0.932  0.644]  -> cost: 42.17506785667611
Trial params (first 4): [ 0.55   0.72  -0.932  0.644]  -> cost: 27.191389644819186
Trial params (first 4): [ 0.55   0.72  -0.932  0.644]  -> cost: 42.13295271535725
Trial params (first 4): [ 0.549  0.72  -0.932  0.644]  -> cost: 26.03858890550631
Trial params (first 4): [ 0.55   0.72  -0.932  0.644]  -> cost: 26.03858890550631
Trial params (first 4): [ 0.55   0.719 -0.932  0.644]  -> cost: 28.274159921538796
Trial params (first 4): [ 0.55   0.72  -0.932  0.644]  -> cost: 26.03858890550631
Trial params (first 4): [ 0.55   0.72  -0.933  0.644]  -> cost: 28.274159921538796
Trial params (first 4): [ 0.55   0.72  -0.932  0.644]  -> cost: 26.03858890550631
Trial params (first 4): [ 0.55   0.72  -0.932  0.644]  -> cost: 42.13295271535725
Trial params (first 4): [ 0.549  0.72  -0.932  0.644]  -> cost: 42.13295271535725
Trial params (first 4): [ 0.55   0.72  -0.932  0.644]  -> cost: 26.03858890550631
Trial params (first 4): [ 0.55   0.72  -0.932  0.644]  -> cost: 42.13295271535725
Trial params (first 4): [ 0.55   0.72  -0.932  0.644]  -> cost: 38.866921628598334
Trial params (first 4): [ 0.55   0.72  -0.932  0.644]  -> cost: 26.03858890550631
Trial params (first 4): [ 0.55   0.72  -0.932  0.644]  -> cost: 41.02226711736324
Trial params (first 4): [ 0.55   0.72  -0.932  0.644]  -> cost: 38.86692162859833
Trial params (first 4): [ 0.55   0.72  -0.932  0.644]  -> cost: 42.13295271535725
Trial params (first 4): [ 0.549  0.72  -0.932  0.644]  -> cost: 41.02226711736324
Trial params (first 4): [ 0.55   0.72  -0.932  0.644]  -> cost: 41.02226711736324
Trial params (first 4): [ 0.55   0.72  -0.932  0.644]  -> cost: 42.13295271535725
Trial params (first 4): [ 0.55   0.72  -0.932  0.644]  -> cost: 28.274159921538796
Trial params (first 4): [ 0.55   0.72  -0.932  0.644]  -> cost: 38.866921628598334
Trial params (first 4): [ 0.55   0.72  -0.932  0.644]  -> cost: 28.274159921538796
Trial params (first 4): [ 0.55   0.72  -0.932  0.644]  -> cost: 42.17506785667611
Trial params (first 4): [ 0.55   0.72  -0.932  0.644]  -> cost: 42.13295271535725
Trial params (first 4): [ 0.55   0.72  -0.932  0.644]  -> cost: 41.02226711736324
Trial params (first 4): [ 0.55   0.72  -0.932  0.644]  -> cost: 26.03858890550631
Trial params (first 4): [ 0.549  0.72  -0.932  0.644]  -> cost: 27.14927450350033
Trial params (first 4): [ 0.55   0.72  -0.932  0.644]  -> cost: 38.86692162859833
Trial params (first 4): [ 0.55   0.72  -0.932  0.644]  -> cost: 41.02226711736324
Trial params (first 4): [ 0.55   0.72  -0.932  0.644]  -> cost: 42.13295271535725
Trial params (first 4): [ 0.55   0.72  -0.932  0.644]  -> cost: 42.13295271535725
Optimization finished (COBYLA). Best params (first 8): [ 0.55   0.72  -0.932  0.644  0.303 -0.69   0.667  0.616]
Final candidate route: [5, 87, 70, 48, 57, 22] cost: 28.274159921538796
Done; route: [5, 87, 70, 48, 57, 22] cost: 28.274159921538796
