Log started for experiment: naive_adjacency, waste_collection_area, 108, P=3, Shots=512

--- Running Experiment: Method=naive_adjacency, Cluster=waste_collection_area, ID=108, P=3, Shots=512 ---

STEP 0: Loading VRP data for waste_collection_area ID 108...
VRP data loaded successfully for Waste Collection Area ID 108.
Nodes: [108, 129, 294]
Depot: 108
Customers: [129, 294]

STEP 1: Qubit Allocation (QUBO Encoding)
Total Qubits required (N^2): 9

STEP 2: Loading IBM Quantum credentials and choosing a backend...
Backend selected: ibm_brisbane
Sampler initialized.

STEP 3: Starting classical optimization for QAOA (p=3 layers)...
  [QAOA Obj] Current parameters: gamma=[0.612 0.116 0.365], beta=[2.321 0.948 3.672]
  [QAOA Obj] Expected Cost calculated: 7871.094
  [QAOA Obj] Current parameters: gamma=[1.612 0.116 0.365], beta=[2.321 0.948 3.672]
  [QAOA Obj] Expected Cost calculated: 7933.594
  [QAOA Obj] Current parameters: gamma=[0.612 1.116 0.365], beta=[2.321 0.948 3.672]
  [QAOA Obj] Expected Cost calculated: 7869.141
  [QAOA Obj] Current parameters: gamma=[0.612 1.116 1.365], beta=[2.321 0.948 3.672]
  [QAOA Obj] Expected Cost calculated: 7867.188
  [QAOA Obj] Current parameters: gamma=[0.612 1.116 1.365], beta=[3.321 0.948 3.672]
  [QAOA Obj] Expected Cost calculated: 7888.672
  [QAOA Obj] Current parameters: gamma=[0.612 1.116 1.365], beta=[2.321 1.948 3.672]
  [QAOA Obj] Expected Cost calculated: 7884.766
  [QAOA Obj] Current parameters: gamma=[0.612 1.116 1.365], beta=[2.321 0.948 4.672]
  [QAOA Obj] Expected Cost calculated: 7931.641
  [QAOA Obj] Current parameters: gamma=[0.    0.138 0.387], beta=[2.079 0.751 2.947]
  [QAOA Obj] Expected Cost calculated: 7826.172
  [QAOA Obj] Current parameters: gamma=[0.    0.208 0.457], beta=[1.313 0.124 3.05 ]
  [QAOA Obj] Expected Cost calculated: 7888.672

Optimization finished.
Optimal Parameters: gamma=[0.    0.138 0.387], beta=[2.079 0.751 2.947]
Minimum Expected Cost found: 7826.172

STEP 4: Running QAOA circuit with optimal parameters...

STEP 5: Processing results and saving to CSV...
All measurement counts from 512 shots:
{'011000011': 4, '010001101': 1, '011111011': 2, '100101001': 1, '000000101': 1, '010010001': 3, '011000000': 1, '100010000': 2, '010110000': 1, '001000111': 2, '001010100': 2, '111110010': 3, '001100001': 1, '110001010': 2, '100111100': 2, '100000001': 3, '111001011': 2, '010011011': 1, '011011110': 2, '111100000': 3, '101001101': 4, '010001010': 3, '101110010': 1, '111100101': 2, '001001010': 3, '001011001': 1, '100100100': 2, '011001011': 1, '000001001': 2, '110100011': 2, '110100010': 1, '110010010': 2, '011100010': 4, '010100011': 3, '101101001': 2, '010110100': 1, '101010011': 3, '001100011': 3, '011111111': 2, '000000010': 1, '110000010': 2, '111110000': 2, '111011111': 1, '110010000': 1, '101110111': 3, '010101101': 2, '110110111': 1, '100111111': 2, '101011010': 2, '110101010': 1, '011010011': 3, '011111000': 1, '000111111': 2, '101000001': 2, '111111111': 1, '011100110': 1, '100100010': 2, '100000110': 1, '101100111': 1, '000100101': 3, '100110001': 3, '111101100': 1, '101011001': 3, '000001110': 2, '000110011': 2, '000110010': 2, '100010001': 1, '001110100': 1, '010010110': 2, '111101111': 2, '101101110': 2, '011100011': 4, '001110110': 1, '101100000': 4, '111000001': 2, '011010100': 2, '001011101': 3, '111101011': 3, '011000010': 2, '010111100': 3, '111111001': 1, '110111001': 2, '011111101': 2, '000101011': 1, '001010010': 3, '101011101': 2, '100010110': 2, '001001110': 1, '110011101': 1, '001000001': 4, '110101100': 3, '101011100': 3, '000111000': 2, '110111111': 2, '100100000': 2, '001101101': 3, '110001011': 2, '110011110': 2, '111010010': 2, '110100110': 2, '110110011': 2, '101001010': 2, '100000101': 2, '001011010': 2, '010101111': 2, '110110001': 1, '100111101': 1, '001000100': 1, '010011000': 1, '100100111': 1, '111110001': 1, '001110000': 1, '010111000': 1, '110000100': 2, '001101010': 2, '111011011': 5, '001000000': 3, '000001011': 2, '110000110': 2, '100010010': 2, '111101000': 1, '101111010': 1, '110010111': 2, '010001001': 2, '111101110': 2, '000110101': 1, '100110010': 2, '101110001': 2, '011101000': 1, '010100000': 2, '000000000': 3, '001100000': 1, '001011000': 1, '001101000': 1, '101000101': 4, '001101001': 2, '001010101': 1, '000110000': 3, '111000110': 2, '100011011': 1, '110001100': 2, '011100101': 2, '111010000': 1, '011010010': 1, '010000100': 1, '101001000': 1, '110011010': 1, '101010010': 3, '110110000': 1, '111101101': 2, '111011100': 1, '100001000': 1, '100010101': 1, '011010110': 1, '101100101': 2, '110100100': 1, '101101010': 2, '111110111': 2, '000010111': 2, '100011000': 1, '011011011': 3, '101100010': 2, '110111011': 2, '011001110': 1, '000111011': 1, '101010110': 1, '011100000': 3, '010101011': 1, '111111100': 1, '001101011': 1, '000000001': 3, '111010100': 2, '101110100': 2, '010001000': 1, '100001010': 2, '000111001': 3, '100101010': 1, '010101000': 1, '000010001': 1, '111000100': 4, '000011110': 2, '001000010': 2, '000010100': 2, '011100100': 2, '001011011': 3, '001110011': 1, '011000100': 2, '111011000': 3, '000100100': 1, '010111010': 2, '100010111': 1, '011110011': 1, '101101101': 1, '001010001': 1, '101000000': 1, '010011001': 1, '100101100': 1, '010101100': 1, '110000000': 1, '101000110': 1, '101010100': 1, '010011101': 1, '111110100': 1, '110001111': 1, '010110110': 2, '110101001': 1, '100111010': 1, '001000110': 1, '101101011': 1, '000010000': 1, '100110011': 1, '100100110': 1, '100011010': 3, '010010101': 2, '111011110': 1, '101011111': 1, '001100110': 1, '000011001': 2, '100001001': 2, '011011101': 1, '000110110': 1, '001001011': 1, '010000010': 2, '110111000': 1, '011001010': 2, '010111011': 2, '010110010': 1, '011010000': 1, '010100001': 1, '001001101': 2, '111110101': 1, '100000010': 1, '010110011': 1, '100000100': 1, '101111011': 1, '010001100': 1, '010111110': 1, '000000011': 1, '010000011': 2, '010001011': 1, '111110011': 1, '000001000': 1, '010111001': 1, '011101001': 1, '011101101': 2, '100111011': 1, '110111110': 2, '101110000': 1, '111011010': 1, '111000010': 2, '111111010': 1, '001111001': 1, '101110011': 1, '111000011': 1, '110100101': 1, '011111100': 1, '011010111': 1, '111111101': 1, '111001000': 2, '110100000': 3, '000011000': 1, '011110000': 1, '010010000': 1, '001100101': 1, '011000001': 1, '111101010': 1, '101001011': 1, '001010000': 2, '110001000': 2, '111100010': 1, '000101001': 2, '011010101': 1, '100010011': 1, '011111010': 2, '000010010': 1, '000101100': 1, '000000111': 2, '001010011': 2, '100001101': 1, '011101011': 2, '110010011': 1, '001111111': 1, '001110001': 2, '111001101': 1, '111010110': 1, '011110001': 1, '101000010': 2, '100110111': 1, '010100010': 2, '000110001': 1, '010111111': 1, '101000100': 1, '010001110': 1, '000001010': 1, '011011111': 1, '001101110': 1, '011110111': 3, '110010100': 1, '101000111': 1, '010100110': 1, '111010011': 1, '100110101': 1, '001100111': 1, '100101111': 1, '001011100': 1, '010000111': 1, '010100111': 1, '110001001': 1, '100011111': 1, '001001001': 1, '110000011': 1, '011001111': 1, '001011111': 1, '110000101': 1}

Calculating classical benchmark costs (brute-force for QUBO)...
Classical minimum cost found: 14.050
Classical average cost: 14.050
Classical maximum cost: 14.050

Results for this run have been appended to 'out.csv'
Experiment finished successfully!
Experiment for entry 3 marked as 'done'.
Checkpoint saved to 'out_20250922_081930.csv'
