Log started for experiment: naive_adjacency, waste_collection_area, 21, P=3, Shots=512

--- Running Experiment: Method=naive_adjacency, Cluster=waste_collection_area, ID=21, P=3, Shots=512 ---

STEP 0: Loading VRP data for waste_collection_area ID 21...
VRP data loaded successfully for Waste Collection Area ID 21.
Nodes: [21, 297, 474]
Depot: 21
Customers: [297, 474]

STEP 1: Qubit Allocation (QUBO Encoding)
Total Qubits required (N^2): 9

STEP 2: Loading IBM Quantum credentials and choosing a backend...
Backend selected: ibm_brisbane
Sampler initialized.

STEP 3: Starting classical optimization for QAOA (p=3 layers)...
  [QAOA Obj] Current parameters: gamma=[0.717 0.127 0.27 ], beta=[0.62  5.167 5.139]
  [QAOA Obj] Expected Cost calculated: 7875.000
  [QAOA Obj] Current parameters: gamma=[1.717 0.127 0.27 ], beta=[0.62  5.167 5.139]
  [QAOA Obj] Expected Cost calculated: 7853.516
  [QAOA Obj] Current parameters: gamma=[1.717 1.127 0.27 ], beta=[0.62  5.167 5.139]
  [QAOA Obj] Expected Cost calculated: 7892.578
  [QAOA Obj] Current parameters: gamma=[1.717 0.127 1.27 ], beta=[0.62  5.167 5.139]
  [QAOA Obj] Expected Cost calculated: 7828.125
  [QAOA Obj] Current parameters: gamma=[1.717 0.127 1.27 ], beta=[1.62  5.167 5.139]
  [QAOA Obj] Expected Cost calculated: 7986.328
  [QAOA Obj] Current parameters: gamma=[1.717 0.127 1.27 ], beta=[0.62  6.167 5.139]
  [QAOA Obj] Expected Cost calculated: 7822.266
  [QAOA Obj] Current parameters: gamma=[1.717 0.127 1.27 ], beta=[0.62  6.167 6.139]
  [QAOA Obj] Expected Cost calculated: 7878.906
  [QAOA Obj] Current parameters: gamma=[0.785 0.    0.584], beta=[0.    5.24  4.438]
  [QAOA Obj] Expected Cost calculated: 7875.000
  [QAOA Obj] Current parameters: gamma=[0.764 0.043 0.325], beta=[0.278 5.18  5.487]
  [QAOA Obj] Expected Cost calculated: 7847.656

Optimization finished.
Optimal Parameters: gamma=[0.764 0.043 0.325], beta=[0.278 5.18  5.487]
Minimum Expected Cost found: 7847.656

STEP 4: Running QAOA circuit with optimal parameters...

STEP 5: Processing results and saving to CSV...
All measurement counts from 512 shots:
{'010011000': 1, '010000110': 1, '001000000': 1, '011101000': 1, '101010000': 2, '000110001': 1, '010100001': 1, '011010101': 2, '011111111': 2, '011101101': 1, '111011000': 1, '100111010': 2, '111111100': 4, '100001101': 1, '001011000': 2, '101001110': 1, '111110110': 2, '000001110': 4, '011101111': 2, '010100010': 2, '101000001': 3, '011101001': 1, '001010011': 2, '100000000': 3, '011000101': 1, '000000000': 2, '110101000': 2, '100000011': 1, '101011110': 1, '010010100': 2, '000011110': 1, '111010000': 1, '000001011': 4, '110110000': 4, '010011110': 1, '100110001': 3, '111111001': 2, '111011001': 3, '010110010': 4, '011101100': 3, '100011101': 2, '111110010': 1, '100111101': 2, '001100110': 2, '010101100': 2, '011000110': 2, '001110111': 3, '100011000': 1, '100010001': 1, '110001001': 4, '001011011': 1, '011110010': 3, '010000000': 1, '011110100': 1, '001111110': 2, '000011001': 4, '101011010': 1, '111101010': 4, '001110000': 3, '111001100': 3, '010111000': 2, '101110100': 2, '000110000': 2, '001001000': 2, '110101100': 3, '111011011': 2, '111000001': 1, '101011101': 1, '000000010': 2, '001100011': 4, '011100101': 1, '001111000': 1, '100110110': 1, '010110000': 1, '010110100': 2, '000010110': 2, '101011100': 3, '000010001': 2, '111100001': 1, '100100110': 2, '000011100': 3, '111011110': 3, '001111010': 1, '011100000': 1, '001011001': 1, '101101000': 5, '110001111': 3, '011011111': 1, '111101111': 2, '110110010': 1, '101110010': 1, '001111100': 2, '010101000': 3, '001010111': 3, '001001101': 2, '110100001': 1, '101010001': 1, '101011000': 2, '100101010': 2, '100110101': 3, '001011010': 2, '110111100': 1, '010000001': 2, '011011000': 2, '010001010': 3, '111110001': 2, '011111010': 1, '110100010': 1, '011110111': 2, '010101101': 1, '111101110': 2, '101011111': 1, '001000111': 1, '011010111': 3, '100110000': 1, '111010010': 1, '101010011': 1, '100111111': 1, '001110100': 2, '101101001': 4, '101001111': 1, '011010000': 2, '000010100': 5, '010100111': 2, '111001001': 1, '100011110': 1, '100011111': 1, '110111011': 3, '111011010': 1, '100000101': 1, '101001011': 2, '110011011': 1, '011001001': 2, '010111110': 1, '011011011': 4, '111111010': 1, '010101110': 1, '011111001': 1, '110000111': 1, '110011101': 2, '011100100': 4, '111110011': 1, '100001111': 1, '111100011': 1, '101100000': 3, '100011011': 2, '011011101': 3, '000010000': 1, '000101100': 2, '010011010': 2, '110001010': 1, '010100100': 1, '110110100': 4, '111110000': 1, '101000000': 1, '000100011': 1, '111110100': 1, '010010101': 1, '001000100': 2, '011011010': 1, '011100011': 1, '000001010': 3, '010001011': 1, '010001101': 2, '011100010': 1, '001001010': 2, '010111001': 2, '011111100': 3, '010001001': 1, '100100000': 1, '110001011': 1, '010101011': 1, '001011111': 1, '000100001': 1, '000101001': 2, '000001100': 1, '001000101': 1, '010000011': 1, '100111011': 1, '000101000': 2, '111100000': 2, '010010010': 3, '000000110': 1, '110000000': 1, '001101010': 4, '000010111': 2, '101011011': 1, '101000100': 1, '001010001': 2, '101001100': 1, '000111110': 2, '110101111': 1, '010010011': 2, '101111110': 1, '110001100': 1, '110000110': 3, '011100110': 1, '101100011': 2, '111010110': 3, '001101000': 2, '100101110': 2, '100100001': 1, '100111100': 1, '101110110': 1, '111100110': 2, '000110110': 1, '011001101': 2, '001110010': 2, '000011101': 1, '010110110': 2, '110000011': 1, '000110101': 2, '100000010': 2, '010001100': 2, '100110111': 1, '010001111': 2, '111101100': 1, '100010100': 2, '110100110': 1, '000101010': 1, '111010111': 2, '001100101': 1, '101111001': 2, '010110101': 1, '111010001': 1, '000000001': 2, '011001011': 1, '101000110': 1, '000001111': 1, '101100010': 2, '011111110': 2, '000110100': 1, '100011001': 1, '111111000': 2, '000101011': 1, '100101111': 1, '001010100': 1, '001011110': 1, '010011001': 2, '100010000': 3, '101110000': 3, '000001001': 1, '101000010': 1, '001101001': 1, '001101111': 1, '101000011': 1, '010001110': 2, '111001101': 1, '111000000': 1, '110010100': 3, '001111011': 1, '001000001': 2, '001110011': 1, '000111010': 1, '001101100': 2, '110111010': 1, '110111110': 1, '101101010': 1, '100111000': 4, '011000100': 1, '001100100': 2, '111100010': 3, '110011000': 1, '111010101': 1, '010010000': 1, '010101001': 1, '110110111': 2, '100000001': 1, '000001101': 1, '001100111': 2, '001110001': 3, '111010011': 1, '110010111': 1, '000111101': 1, '111110111': 1, '101101101': 1, '001110110': 2, '110000101': 1, '011000001': 1, '101001001': 1, '101001101': 1, '110101101': 1, '110111001': 1, '011011001': 1, '010100101': 1, '111101001': 1, '101101111': 1, '000110010': 1, '001001100': 1, '101101100': 1, '111100101': 1, '100010110': 2, '000101101': 1, '010100000': 1, '010011100': 2, '100000100': 1, '001000011': 1, '100001001': 1, '110011110': 1, '000101111': 1, '100001000': 1, '111100100': 1, '000000111': 1, '101000101': 1, '000000100': 1, '010011111': 1, '011110101': 1}

Calculating classical benchmark costs (brute-force for QUBO)...
Classical minimum cost found: 5.184
Classical average cost: 5.184
Classical maximum cost: 5.184

Results for this run have been appended to 'out.csv'
Experiment finished successfully!
Experiment for entry 15 marked as 'done'.
Checkpoint saved to 'out_20250922_083405.csv'
