Log started for experiment: naive_adjacency, waste_collection_area, 56, P=3, Shots=128

--- Running Experiment: Method=naive_adjacency, Cluster=waste_collection_area, ID=56, P=3, Shots=128 ---

STEP 0: Loading VRP data for waste_collection_area ID 56...
VRP data loaded successfully for Waste Collection Area ID 56.
Nodes: [33, 34, 56, 789]
Depot: 56
Customers: [33, 34, 789]

STEP 1: Qubit Allocation (QUBO Encoding)
Total Qubits required (N^2): 16

STEP 2: Loading IBM Quantum credentials and choosing a backend...
Backend selected: ibm_brisbane
Sampler initialized.

STEP 3: Starting classical optimization for QAOA (p=3 layers)...
  [QAOA Obj] Current parameters: gamma=[0.409 0.206 0.506], beta=[5.653 1.701 5.739]
  [QAOA Obj] Expected Cost calculated: 10890.625
  [QAOA Obj] Current parameters: gamma=[1.409 0.206 0.506], beta=[5.653 1.701 5.739]
  [QAOA Obj] Expected Cost calculated: 10968.750
  [QAOA Obj] Current parameters: gamma=[0.409 1.206 0.506], beta=[5.653 1.701 5.739]
  [QAOA Obj] Expected Cost calculated: 10820.312
  [QAOA Obj] Current parameters: gamma=[0.409 1.206 1.506], beta=[5.653 1.701 5.739]
  [QAOA Obj] Expected Cost calculated: 11085.938
  [QAOA Obj] Current parameters: gamma=[0.409 1.206 0.506], beta=[6.653 1.701 5.739]
  [QAOA Obj] Expected Cost calculated: 11007.812
  [QAOA Obj] Current parameters: gamma=[0.409 1.206 0.506], beta=[5.653 2.701 5.739]
  [QAOA Obj] Expected Cost calculated: 11117.188
  [QAOA Obj] Current parameters: gamma=[0.409 1.206 0.506], beta=[5.653 1.701 6.739]
  [QAOA Obj] Expected Cost calculated: 11031.250
  [QAOA Obj] Current parameters: gamma=[0.25  0.349 0.   ], beta=[5.27  1.095 5.309]
  [QAOA Obj] Expected Cost calculated: 10984.375
  [QAOA Obj] Current parameters: gamma=[0.171 0.    0.57 ], beta=[5.956 1.67  5.971]
  [QAOA Obj] Expected Cost calculated: 11046.875

Optimization finished.
Optimal Parameters: gamma=[0.409 0.206 0.506], beta=[5.653 1.701 5.739]
Minimum Expected Cost found: 10890.625

STEP 4: Running QAOA circuit with optimal parameters...

STEP 5: Processing results and saving to CSV...
All measurement counts from 128 shots:
{'1001000010011010': 1, '1110101111011101': 1, '0010011111001010': 1, '0110000100101000': 1, '1011011011111100': 1, '1011111100101001': 1, '1000111100100000': 1, '0100010001111110': 1, '0010111000001110': 1, '1110011101011100': 1, '1100000111010010': 1, '0011011001101110': 1, '1100000000101001': 1, '1110111010100111': 1, '1000100110101011': 1, '1010110011100011': 1, '0000110001100111': 1, '0011000000101100': 1, '1000100101110101': 1, '0110010100101101': 1, '1000001000001011': 1, '0110011011101000': 1, '1101000011101101': 1, '0100011011001100': 1, '0001011100011001': 1, '0000100101111111': 1, '0110101100001011': 1, '1110001100101001': 1, '1110001010101011': 1, '0100011100111001': 1, '1110010001111100': 1, '0100010111100110': 1, '0100000000011010': 1, '1011000011011110': 1, '1101000110001001': 1, '0100100110000111': 1, '0110101111110110': 1, '0010111100001101': 1, '0001101010101011': 1, '0101001111111111': 1, '0111000101001110': 1, '1101011111111011': 1, '1000011100000110': 1, '0001100010111010': 1, '0100000010100110': 1, '0100001001101001': 1, '1000001001001111': 1, '0000011101001000': 1, '1110111101101010': 1, '0010101111111011': 1, '1000100101110011': 1, '0001111100010000': 1, '1100110010000101': 1, '0000000011101011': 1, '1011110111101001': 1, '1101010100001000': 1, '0010010100001011': 1, '0010110001101011': 1, '0001101000101110': 1, '1011100111101101': 1, '0100100110101110': 1, '1100110110011111': 1, '1011111000101000': 1, '1101000100001101': 1, '0010010010111011': 1, '1100111110100011': 1, '0010001001101001': 1, '1001001011110010': 1, '0101111011001111': 1, '1100001111100101': 1, '0011010101001011': 1, '1101101010101101': 1, '1100001101001110': 1, '1101100111111010': 1, '0111000100110111': 1, '1010100110101101': 1, '0110111110111001': 1, '0100111100001010': 1, '1110100011011111': 1, '1100101111101010': 1, '1100011110000111': 1, '0011111100001111': 1, '0001010001100011': 1, '1010100101101011': 1, '0010110010001010': 1, '0100111010111011': 1, '0110010110100011': 1, '0011000011111000': 1, '1101000110001000': 1, '0010001111111001': 1, '1110000001001001': 1, '1100011111101000': 1, '1111111011011000': 1, '1100101000100010': 1, '0001010101101101': 1, '0110000010001000': 1, '1100111110101011': 1, '0010101010101111': 1, '0100111011011001': 1, '0100100100010110': 1, '0100010000000001': 1, '0110110101101001': 1, '1010100000101011': 1, '0010001010011010': 1, '1000010110100000': 1, '1100111111100101': 1, '0111001110010100': 1, '1101100110110011': 1, '0011101101111000': 1, '0101010101001111': 1, '1101100110101110': 1, '1001110011111010': 1, '0011101000001110': 1, '1000111100011111': 1, '1111001110011000': 1, '1010011001101111': 1, '1100001000001110': 1, '1011110011011111': 1, '0101010011101100': 1, '0101001110001010': 1, '0101110110001111': 1, '0100101000101011': 1, '0110100010011101': 1, '0111011100100101': 1, '1001001011001001': 1, '1010010001001110': 1, '0101111100001001': 1, '0000111000011110': 1}

Calculating classical benchmark costs (brute-force for QUBO)...
Classical minimum cost found: 17.974
Classical average cost: 18.946
Classical maximum cost: 19.877

Results for this run have been appended to 'out.csv'
Experiment finished successfully!
Experiment for entry 29 marked as 'done'.
Checkpoint saved to 'out_20250922_085423.csv'
