Log started for experiment: node_visit_time, waste_collection_area, 56, P=3, Shots=128

--- Running Experiment: Method=node_visit_time, Cluster=waste_collection_area, ID=56, P=3, Shots=128 ---

STEP 0: Loading VRP data for waste_collection_area ID 56...
VRP data loaded successfully for Waste Collection Area ID 56.
Nodes: [33, 34, 56, 789]
Depot: 56
Customers: [33, 34, 789]

STEP 1: Qubit Allocation (Node-Visit-Time Encoding)
Total Qubits required: 6

STEP 2: Loading IBM Quantum credentials and choosing a backend...
Backend selected: ibm_brisbane
Sampler initialized.

STEP 3: Starting classical optimization for QAOA (p=3 layers)...
  [QAOA Obj] Current parameters: gamma=[0.501 0.587 0.104], beta=[1.616 0.36  4.893]
  [QAOA Obj] Expected Cost calculated: 675.099
  [QAOA Obj] Current parameters: gamma=[1.501 0.587 0.104], beta=[1.616 0.36  4.893]
  [QAOA Obj] Expected Cost calculated: 612.676
  [QAOA Obj] Current parameters: gamma=[1.501 1.587 0.104], beta=[1.616 0.36  4.893]
  [QAOA Obj] Expected Cost calculated: 737.769
  [QAOA Obj] Current parameters: gamma=[1.501 0.587 1.104], beta=[1.616 0.36  4.893]
  [QAOA Obj] Expected Cost calculated: 722.050
  [QAOA Obj] Current parameters: gamma=[1.501 0.587 0.104], beta=[2.616 0.36  4.893]
  [QAOA Obj] Expected Cost calculated: 698.753
  [QAOA Obj] Current parameters: gamma=[1.501 0.587 0.104], beta=[1.616 1.36  4.893]
  [QAOA Obj] Expected Cost calculated: 643.851
  [QAOA Obj] Current parameters: gamma=[1.501 0.587 0.104], beta=[1.616 0.36  5.893]
  [QAOA Obj] Expected Cost calculated: 636.072
  [QAOA Obj] Current parameters: gamma=[0.785 0.    0.   ], beta=[0.932 0.112 4.707]
  [QAOA Obj] Expected Cost calculated: 784.554
  [QAOA Obj] Current parameters: gamma=[0.297 0.615 0.176], beta=[1.754 0.652 5.207]
  [QAOA Obj] Expected Cost calculated: 612.740

Optimization finished.
Optimal Parameters: gamma=[0.297 0.615 0.176], beta=[1.754 0.652 5.207]
Minimum Expected Cost found: 612.740

STEP 4: Running QAOA circuit with optimal parameters...

STEP 5: Processing results and saving to CSV...
All measurement counts from 128 shots:
{'000011': 3, '011000': 3, '000001': 3, '010000': 2, '101101': 1, '110110': 4, '011010': 2, '100110': 8, '111110': 2, '000100': 5, '101100': 2, '111010': 1, '111111': 3, '000000': 2, '001110': 2, '101010': 2, '111100': 2, '100101': 1, '001000': 2, '010111': 3, '010010': 2, '111011': 2, '110000': 3, '111000': 3, '011110': 3, '010101': 4, '000110': 4, '110101': 1, '110010': 2, '010110': 3, '100001': 2, '001011': 2, '100011': 3, '100000': 1, '101111': 1, '011111': 2, '000010': 2, '001101': 2, '101011': 1, '001001': 2, '110001': 3, '100010': 3, '001010': 2, '000101': 3, '100111': 1, '101000': 2, '011001': 2, '111001': 3, '000111': 1, '111101': 1, '101110': 2, '001100': 2, '010001': 1, '110111': 2, '011100': 1, '010100': 1}

Calculating classical benchmark costs (brute-force)...
Classical minimum cost found: 17.974

Results for this run have been appended to 'out.csv'
Experiment finished successfully!
Experiment for entry 35 marked as 'done'.
Checkpoint saved to 'out_20250922_091514.csv'
