Log started for experiment: node_visit_time, waste_collection_area, 79, P=3, Shots=512

--- Running Experiment: Method=node_visit_time, Cluster=waste_collection_area, ID=79, P=3, Shots=512 ---

STEP 0: Loading VRP data for waste_collection_area ID 79...
VRP data loaded successfully for Waste Collection Area ID 79.
Nodes: [79, 133, 475, 476, 775]
Depot: 79
Customers: [133, 475, 476, 775]

STEP 1: Qubit Allocation (Node-Visit-Time Encoding)
Total Qubits required: 12

STEP 2: Loading IBM Quantum credentials and choosing a backend...
Backend selected: ibm_brisbane
Sampler initialized.

STEP 3: Starting classical optimization for QAOA (p=3 layers)...
  [QAOA Obj] Current parameters: gamma=[0.605 0.496 0.711], beta=[4.309 3.173 0.355]
  [QAOA Obj] Expected Cost calculated: 2261.478
  [QAOA Obj] Current parameters: gamma=[1.605 0.496 0.711], beta=[4.309 3.173 0.355]
  [QAOA Obj] Expected Cost calculated: 2181.393
  [QAOA Obj] Current parameters: gamma=[1.605 1.496 0.711], beta=[4.309 3.173 0.355]
  [QAOA Obj] Expected Cost calculated: 2273.184
  [QAOA Obj] Current parameters: gamma=[1.605 0.496 1.711], beta=[4.309 3.173 0.355]
  [QAOA Obj] Expected Cost calculated: 2253.660
  [QAOA Obj] Current parameters: gamma=[1.605 0.496 0.711], beta=[5.309 3.173 0.355]
  [QAOA Obj] Expected Cost calculated: 2214.607
  [QAOA Obj] Current parameters: gamma=[1.605 0.496 0.711], beta=[4.309 4.173 0.355]
  [QAOA Obj] Expected Cost calculated: 2288.812
  [QAOA Obj] Current parameters: gamma=[1.605 0.496 0.711], beta=[4.309 3.173 1.355]
  [QAOA Obj] Expected Cost calculated: 2173.583
  [QAOA Obj] Current parameters: gamma=[0.785 0.    0.252], beta=[4.099 2.492 0.405]
  [QAOA Obj] Expected Cost calculated: 2351.312
  [QAOA Obj] Current parameters: gamma=[0.465 0.605 0.785], beta=[4.573 3.242 0.727]
  [QAOA Obj] Expected Cost calculated: 2417.719

Optimization finished.
Optimal Parameters: gamma=[0.605 0.496 0.711], beta=[4.309 3.173 0.355]
Minimum Expected Cost found: 2261.478

STEP 4: Running QAOA circuit with optimal parameters...

STEP 5: Processing results and saving to CSV...
All measurement counts from 512 shots:
{'111111110101': 1, '000101010110': 1, '101110100111': 1, '100101011101': 2, '100110011100': 1, '100111000111': 1, '000101010011': 1, '011000111010': 1, '110111000110': 1, '101111010000': 1, '011110001010': 1, '011010011010': 1, '001110110111': 1, '111111000100': 1, '110110110100': 1, '101100110111': 1, '100100100010': 1, '011110011100': 1, '001100011000': 1, '001100011011': 1, '110001101100': 1, '011100100001': 1, '110110010100': 1, '010001110010': 1, '101101110101': 1, '110100000101': 1, '000011010110': 1, '010101100000': 1, '101101000000': 1, '110010111010': 1, '011001101001': 2, '000000000111': 1, '010000100111': 1, '110110010110': 1, '000100000110': 1, '011001110001': 2, '100110110010': 1, '101110011111': 1, '110100010111': 1, '110100110001': 1, '011101001111': 2, '101101011010': 1, '010100000000': 1, '011100011101': 1, '101010110001': 1, '100111111010': 1, '111110010111': 1, '110011011000': 1, '001011011010': 1, '110011000101': 1, '100111011101': 1, '011111011100': 1, '001110110110': 1, '101111011101': 1, '100100001001': 1, '010101100100': 1, '010000011111': 1, '010001001011': 1, '000000011100': 1, '111110000101': 2, '100001110101': 1, '000101101100': 1, '011000010011': 1, '001010000000': 1, '111111101101': 1, '011110101100': 1, '001000001101': 1, '101111110011': 1, '100001110110': 1, '111000011101': 1, '000101100110': 1, '100100110101': 2, '000100000101': 1, '100011001111': 1, '100111100011': 1, '100011010110': 1, '101000010110': 1, '001001100111': 1, '010101001010': 1, '101000011111': 1, '100000100010': 1, '001011000001': 1, '010101010011': 1, '001011101000': 1, '111000110001': 1, '000100111111': 1, '010010110111': 1, '001111101010': 1, '101101100011': 1, '011111000001': 1, '110111011000': 1, '010001010100': 1, '111000011000': 1, '101101011110': 1, '110001110011': 1, '110100010000': 1, '111111011001': 1, '010101011100': 1, '001000011000': 2, '110100110000': 1, '110110100000': 1, '000000110111': 1, '010111000000': 1, '101100101111': 1, '000111000010': 1, '110001010000': 1, '110011111011': 1, '000000001011': 1, '011010101001': 1, '100010010101': 1, '110101100111': 1, '010011101101': 1, '011001111110': 1, '010000101011': 1, '000100010000': 1, '111000000011': 1, '110110101000': 1, '111000001111': 1, '001101011000': 1, '110011010101': 1, '101011010001': 1, '010100101101': 1, '110111111100': 1, '111011110100': 1, '100011111010': 1, '100010101111': 1, '010011100000': 1, '110001000000': 1, '110001101011': 1, '000100101001': 1, '000010011011': 1, '100001010011': 1, '101011000001': 1, '011000001010': 2, '011111011110': 1, '000111111010': 2, '010101001110': 1, '010111011001': 1, '000111011011': 1, '001100100100': 1, '001011110101': 1, '110011111111': 1, '100110011001': 1, '011111101111': 1, '110011101100': 1, '110100010010': 1, '000111101110': 1, '000011010000': 1, '001111000101': 1, '100101100110': 1, '110101000000': 2, '111011011001': 1, '010111111010': 1, '100100110011': 1, '100000111000': 1, '010011001101': 1, '101110111011': 1, '000110111001': 1, '111000110011': 1, '110000101110': 1, '010010100010': 1, '100001001000': 1, '100100011101': 2, '000100100011': 2, '000111110100': 1, '100111101111': 1, '110000001111': 1, '110111001111': 2, '000000111111': 1, '000111011111': 1, '000010111010': 1, '011010111110': 2, '100101010100': 2, '010000001110': 1, '101011011000': 1, '110000110100': 1, '001011010111': 1, '001001101010': 1, '110101010111': 1, '111011000101': 1, '100000100011': 1, '001000001000': 1, '111010001111': 1, '111011000011': 1, '011111111000': 1, '111000111110': 1, '110101011110': 1, '010011010001': 2, '101001010011': 1, '011110100011': 1, '010010011111': 1, '001011011110': 1, '010100100001': 1, '000101011011': 1, '110000100010': 1, '100110010011': 1, '110110010011': 1, '100010111111': 1, '100010100000': 1, '010101101111': 1, '101100011110': 1, '111010110001': 1, '110011111110': 1, '111101001100': 1, '011010100110': 1, '101110001000': 1, '100101100000': 1, '000000111010': 1, '010100001000': 1, '011111011011': 1, '111100000011': 1, '011001001000': 1, '011011011001': 1, '110011110011': 1, '000010100110': 1, '111000011110': 1, '011000100010': 1, '000010001101': 1, '010110110000': 1, '010100011011': 1, '010111111001': 1, '111111101010': 1, '011101010000': 1, '001100111000': 1, '010011101110': 1, '100000001000': 1, '000110100010': 1, '011001001010': 1, '101011101010': 1, '011011001010': 1, '100011011001': 1, '000110111000': 2, '000111001101': 1, '101100010110': 1, '001000110001': 1, '000000000001': 1, '000101111110': 1, '010000011110': 1, '110011000011': 1, '100110000011': 1, '110001101110': 1, '000100110101': 2, '011011100011': 2, '010111111101': 1, '110011101111': 1, '110111000100': 1, '110110110101': 1, '100010111000': 1, '010111111111': 1, '101110110000': 1, '110101110000': 1, '010000100011': 1, '010011000101': 1, '111101000101': 1, '110000000110': 1, '111100110010': 1, '101110000010': 1, '100101011010': 1, '001001001101': 1, '010001001001': 1, '010000011011': 1, '100111110000': 1, '110011011001': 1, '001100111101': 1, '100100001011': 1, '100100101010': 1, '010110101111': 1, '110000111110': 1, '001000100100': 1, '111001001101': 1, '101100000100': 1, '010100011010': 1, '100011001110': 1, '101111111111': 1, '000010000010': 1, '010111101110': 1, '001101000000': 1, '000111101001': 1, '110001010101': 1, '001101011111': 1, '000000001000': 1, '000111111011': 1, '111010110101': 1, '011111111001': 1, '000100111110': 1, '001101010010': 1, '000011111100': 1, '010010000101': 1, '000101010100': 1, '100101110111': 1, '111100011100': 1, '100110111010': 1, '111101101110': 1, '000010111100': 1, '010101100110': 1, '110110111101': 1, '110110011100': 1, '101001000101': 1, '011001100101': 1, '000010100011': 1, '011100101010': 1, '011110011000': 1, '010101101011': 1, '101100110001': 1, '111111111011': 1, '101000001111': 1, '100010001000': 1, '111110100111': 1, '100101101010': 1, '000100010101': 1, '101000101111': 1, '100101101111': 1, '011101100101': 1, '000011100001': 1, '100110111110': 1, '000110100011': 1, '000000101111': 1, '111110111110': 1, '010011000100': 1, '011100000011': 1, '000010010010': 1, '011100111111': 2, '001111001111': 1, '110100011001': 1, '101000011110': 1, '001101010011': 1, '111110010001': 1, '011110111110': 1, '010101001100': 1, '011011010001': 1, '011110110110': 1, '000000101011': 1, '001001111100': 1, '000000010011': 1, '000110001101': 1, '101101010100': 1, '110001010010': 1, '111010011000': 1, '100011010001': 1, '010111101101': 1, '011111110011': 1, '000011000011': 1, '011101100010': 1, '000101101010': 1, '100110111111': 1, '110010100011': 1, '110010101000': 1, '111101111100': 1, '010101011101': 1, '111000111001': 1, '010010001111': 1, '110001100110': 1, '010100010111': 1, '001001001110': 1, '101101111000': 1, '010011100001': 1, '010100001101': 1, '011010110011': 1, '011110001001': 1, '000101000010': 1, '111101011010': 2, '001100000110': 2, '011110110111': 1, '100011001010': 1, '101101111100': 1, '001001001100': 2, '010101101100': 1, '110111111000': 1, '010001101000': 1, '001101000010': 1, '111101010001': 1, '101000101010': 1, '111100010011': 1, '010101111111': 1, '001111111010': 1, '001110111100': 1, '001001011111': 1, '100101000100': 1, '110000010100': 1, '001011000100': 1, '101000100110': 1, '010100000111': 1, '010101110100': 1, '101110001010': 1, '000100011010': 1, '000110101010': 1, '010111010001': 1, '011100101111': 1, '101110000101': 1, '110010101110': 1, '110000100000': 1, '000001010010': 1, '110111110110': 1, '100000010101': 1, '110111010100': 1, '011100001010': 1, '110100110111': 1, '000010111001': 1, '110010000001': 1, '000100100111': 1, '100101111011': 1, '000110011110': 1, '111100110100': 1, '111011010001': 1, '000000011000': 1, '100111001010': 1, '010001001000': 1, '100100101001': 1, '010001010010': 1, '111100101000': 1, '011000100011': 1, '011011111111': 1, '101111011111': 1, '010011000111': 1, '001010110001': 1, '000000111001': 1, '111010011110': 1, '100000011110': 1, '111110101111': 1, '011110011110': 1, '010110100110': 1, '011111100011': 1, '100110010100': 1, '100000010100': 1, '110101110011': 1, '010100110011': 1, '000100000000': 1, '001001001111': 1, '001001111101': 1, '101011110011': 1, '110001011010': 1, '100111001111': 1, '100011101000': 1, '000111010010': 1, '010110111010': 1, '000011101010': 1, '111010111100': 1, '101111110111': 1, '111111011110': 1, '101111011100': 1, '001111100011': 1, '111010011001': 1, '011000001111': 1, '100111101000': 1, '000100001011': 1, '110111111101': 1, '100101110011': 1, '001011000110': 1, '011100011010': 1, '110101000111': 1, '111110100101': 1, '001011010000': 1, '110110110111': 1, '000100001001': 1, '101011100001': 1, '100110001100': 1, '110110100101': 1, '111101110010': 1, '111001110100': 1, '111010101110': 1, '110100111011': 1, '010110000110': 1, '111100110011': 1, '100111000100': 1, '101001010101': 1, '110111011111': 1, '011100000101': 1, '001110111000': 1, '010011100110': 1, '001101100110': 1, '000101000000': 1, '111000111000': 1, '001000001001': 1, '001110101010': 1, '001110100010': 1, '111110011010': 1, '010010010100': 1, '110001101000': 1, '110110110110': 1, '110001001111': 1, '001010010100': 1, '000001011011': 1, '111000101110': 1, '001111101100': 1, '010000110101': 1, '111101111010': 1, '101000111111': 1, '011101110111': 1, '100110100000': 1}

Calculating classical benchmark costs (brute-force)...
Classical minimum cost found: 5.160

Results for this run have been appended to 'out.csv'
Experiment finished successfully!
Experiment for entry 22 marked as 'done'.
Checkpoint saved to 'out_20250922_084449.csv'
