Log started for experiment: node_visit_time, waste_collection_area, 108, P=3, Shots=512

--- Running Experiment: Method=node_visit_time, Cluster=waste_collection_area, ID=108, P=3, Shots=512 ---

STEP 0: Loading VRP data for waste_collection_area ID 108...
VRP data loaded successfully for Waste Collection Area ID 108.
Nodes: [108, 129, 294]
Depot: 108
Customers: [129, 294]

STEP 1: Qubit Allocation (Node-Visit-Time Encoding)
Total Qubits required: 4

STEP 2: Loading IBM Quantum credentials and choosing a backend...
Backend selected: ibm_brisbane
Sampler initialized.

STEP 3: Starting classical optimization for QAOA (p=3 layers)...
  [QAOA Obj] Current parameters: gamma=[0.043 0.75  0.448], beta=[3.459 4.306 4.349]
  [QAOA Obj] Expected Cost calculated: 767.956
  [QAOA Obj] Current parameters: gamma=[1.043 0.75  0.448], beta=[3.459 4.306 4.349]
  [QAOA Obj] Expected Cost calculated: 748.425
  [QAOA Obj] Current parameters: gamma=[1.043 1.75  0.448], beta=[3.459 4.306 4.349]
  [QAOA Obj] Expected Cost calculated: 689.831
  [QAOA Obj] Current parameters: gamma=[1.043 1.75  1.448], beta=[3.459 4.306 4.349]
  [QAOA Obj] Expected Cost calculated: 799.206
  [QAOA Obj] Current parameters: gamma=[1.043 1.75  0.448], beta=[4.459 4.306 4.349]
  [QAOA Obj] Expected Cost calculated: 910.534
  [QAOA Obj] Current parameters: gamma=[1.043 1.75  0.448], beta=[3.459 5.306 4.349]
  [QAOA Obj] Expected Cost calculated: 885.143
  [QAOA Obj] Current parameters: gamma=[1.043 1.75  0.448], beta=[3.459 4.306 5.349]
  [QAOA Obj] Expected Cost calculated: 767.956
  [QAOA Obj] Current parameters: gamma=[0.103 0.785 0.111], beta=[2.779 3.704 4.109]
  [QAOA Obj] Expected Cost calculated: 793.347
  [QAOA Obj] Current parameters: gamma=[0.095 0.412 0.651], beta=[3.366 4.28  4.636]
  [QAOA Obj] Expected Cost calculated: 830.456

Optimization finished.
Optimal Parameters: gamma=[0.043 0.75  0.448], beta=[3.459 4.306 4.349]
Minimum Expected Cost found: 767.956

STEP 4: Running QAOA circuit with optimal parameters...

STEP 5: Processing results and saving to CSV...
All measurement counts from 512 shots:
{'1101': 49, '1011': 42, '0100': 32, '1110': 32, '0110': 29, '0111': 23, '1000': 35, '0011': 33, '1001': 22, '0101': 34, '0001': 52, '0010': 30, '1010': 21, '1111': 26, '1100': 30, '0000': 22}

Calculating classical benchmark costs (brute-force)...
Classical minimum cost found: 14.050

Results for this run have been appended to 'out.csv'
Experiment finished successfully!
Experiment for entry 4 marked as 'done'.
Checkpoint saved to 'out_20250922_082026.csv'
