Log started for experiment: node_visit_time, waste_collection_area, 45, P=3, Shots=512

--- Running Experiment: Method=node_visit_time, Cluster=waste_collection_area, ID=45, P=3, Shots=512 ---

STEP 0: Loading VRP data for waste_collection_area ID 45...
VRP data loaded successfully for Waste Collection Area ID 45.
Nodes: [26, 27, 28, 45, 503]
Depot: 45
Customers: [26, 27, 28, 503]

STEP 1: Qubit Allocation (Node-Visit-Time Encoding)
Total Qubits required: 12

STEP 2: Loading IBM Quantum credentials and choosing a backend...
Backend selected: ibm_brisbane
Sampler initialized.

STEP 3: Starting classical optimization for QAOA (p=3 layers)...
  [QAOA Obj] Current parameters: gamma=[0.238 0.65  0.196], beta=[6.238 5.817 4.104]
  [QAOA Obj] Expected Cost calculated: inf
  [QAOA Obj] Current parameters: gamma=[1.238 0.65  0.196], beta=[6.238 5.817 4.104]
  [QAOA Obj] Expected Cost calculated: inf
  [QAOA Obj] Current parameters: gamma=[0.238 1.65  0.196], beta=[6.238 5.817 4.104]
  [QAOA Obj] Expected Cost calculated: inf
  [QAOA Obj] Current parameters: gamma=[0.238 0.65  1.196], beta=[6.238 5.817 4.104]
  [QAOA Obj] Expected Cost calculated: inf
  [QAOA Obj] Current parameters: gamma=[0.238 0.65  0.196], beta=[7.238 5.817 4.104]
  [QAOA Obj] Expected Cost calculated: inf
  [QAOA Obj] Current parameters: gamma=[0.238 0.65  0.196], beta=[6.238 6.817 4.104]
  [QAOA Obj] Expected Cost calculated: inf
  [QAOA Obj] Current parameters: gamma=[0.238 0.65  0.196], beta=[6.238 5.817 5.104]
  [QAOA Obj] Expected Cost calculated: inf
  [QAOA Obj] Current parameters: gamma=[0.243 0.65  0.196], beta=[6.238 5.817 4.104]
  [QAOA Obj] Expected Cost calculated: inf
  [QAOA Obj] Current parameters: gamma=[0.238 0.655 0.196], beta=[6.238 5.817 4.104]
  [QAOA Obj] Expected Cost calculated: inf

Optimization finished.
Optimal Parameters: gamma=[0.238 0.65  0.196], beta=[6.238 5.817 5.104]
Minimum Expected Cost found: 1000000000000000019884624838656.000

STEP 4: Running QAOA circuit with optimal parameters...

STEP 5: Processing results and saving to CSV...
All measurement counts from 512 shots:
{'000001101101': 1, '101010001111': 1, '111011100001': 1, '111011101001': 1, '101000010100': 1, '110100001110': 1, '100101111110': 1, '100110011011': 1, '010101000101': 1, '010010011001': 1, '110000100000': 1, '111101100101': 1, '110000000001': 1, '101000011000': 1, '110100001010': 1, '010000000000': 1, '111000000010': 2, '010100100011': 1, '110100111010': 1, '110101101011': 1, '100101000001': 1, '011101000010': 1, '100111101110': 1, '001011011010': 1, '110000101100': 1, '110011011001': 1, '101010010101': 1, '001011101111': 1, '111111101010': 1, '101000010111': 2, '101001110110': 1, '100010110111': 1, '000011111000': 1, '100100101011': 1, '111111110111': 1, '101001111110': 1, '000100101101': 1, '100000101100': 1, '001001010100': 1, '110011100000': 1, '011000011111': 1, '010011110110': 1, '000000011000': 1, '101111100101': 1, '010100100110': 1, '001100101011': 1, '111010101011': 1, '101111100010': 3, '000101101111': 1, '011010000011': 1, '110001111010': 1, '101100000011': 1, '110010110001': 1, '100010111001': 1, '110100011010': 1, '101000101110': 1, '110110000010': 1, '110101010101': 2, '101111111110': 1, '011110011101': 1, '011110111101': 1, '001111000101': 1, '000101110111': 1, '011110101100': 1, '000111110110': 1, '001110110000': 1, '111110001101': 1, '000001011000': 1, '001010000000': 1, '100110011010': 1, '111110000010': 1, '101110001100': 1, '000101100110': 2, '101001100010': 1, '010011100000': 1, '110100000011': 1, '011001110000': 2, '011111011001': 1, '001011000101': 1, '100101111011': 1, '000110011011': 2, '000000000100': 1, '110001110111': 1, '101010110001': 1, '011110111010': 1, '111000110101': 1, '100101101010': 1, '110000001111': 1, '110100010111': 1, '100100110110': 2, '011100111000': 1, '111101000000': 1, '111101111000': 1, '000101100001': 1, '000001011011': 1, '100000100111': 1, '010010101100': 1, '111011100101': 1, '111001011100': 1, '010101000001': 1, '111010101101': 1, '101011010100': 1, '000010101010': 1, '110111110100': 2, '100101011001': 1, '101111100111': 1, '001011000001': 1, '110000000010': 2, '010101001010': 1, '101101110001': 1, '101101100101': 2, '101101100100': 1, '010100100111': 1, '011101110011': 2, '010100000011': 1, '101000100011': 1, '010000011001': 1, '000001100001': 1, '100010111110': 1, '000111001000': 2, '010110110110': 1, '000100111010': 1, '001100001011': 1, '101100110001': 1, '100111111101': 1, '101000110111': 1, '111001001111': 1, '000110000011': 1, '100001011110': 1, '110101011101': 1, '000001100100': 1, '100110101101': 1, '101110100001': 1, '101100100111': 2, '101000100000': 1, '000111100101': 2, '000100101011': 2, '011010111101': 1, '011011000101': 1, '101100011011': 1, '111111101101': 1, '010000000111': 1, '101001000000': 1, '101100000110': 1, '101101100000': 1, '111010010110': 1, '001000010110': 1, '100100010101': 1, '110100110101': 1, '011011101110': 1, '111001010101': 1, '000100101110': 1, '010101110011': 1, '101001011111': 1, '101110110111': 1, '101100111110': 1, '100111000111': 1, '010110111101': 1, '111000101100': 1, '001100100111': 1, '011011110100': 1, '100110101110': 1, '110111101101': 1, '010001100110': 1, '010111100011': 1, '111110111001': 1, '010111011001': 1, '001001111111': 1, '010101011100': 1, '011111000010': 1, '011100001111': 1, '010010100111': 1, '001111100101': 1, '110101000011': 1, '011001111011': 2, '100100101100': 1, '111000111100': 1, '011101111110': 1, '100001010010': 1, '101101101010': 1, '110010000111': 1, '000100101010': 1, '111000101101': 1, '110011001000': 1, '001110111101': 1, '100011111001': 1, '100001000101': 1, '100101111100': 1, '111100010011': 1, '010111101010': 1, '001001010010': 1, '011010000001': 1, '000110101011': 1, '011001111010': 1, '100111010100': 1, '001011101001': 1, '000010111100': 1, '000111111110': 2, '001010111011': 1, '100011101100': 1, '100001111010': 1, '010010011110': 1, '111011010010': 1, '101000010001': 1, '001000011011': 1, '110000101010': 1, '100001000100': 1, '001111001110': 1, '100110111110': 1, '100001100101': 1, '001101111111': 1, '010001101100': 1, '000001110001': 1, '111011101010': 1, '110100110001': 2, '111010010001': 1, '000010101000': 1, '101101001101': 1, '110100111100': 1, '001010100001': 1, '110011111001': 1, '110100111111': 1, '001011111111': 1, '000110101101': 1, '111001000001': 1, '011101111111': 1, '001110100110': 1, '000011011110': 1, '101001000001': 1, '000111100011': 1, '000111011111': 1, '001001000001': 1, '000111100100': 1, '010101100100': 1, '101001100011': 1, '111000110011': 1, '110111011010': 1, '101010000101': 1, '001101001000': 1, '011001111001': 1, '000100001001': 1, '100100000000': 1, '001001010111': 1, '011100110000': 1, '001000111011': 1, '111000101010': 1, '111011110010': 1, '000111101110': 2, '111011010111': 1, '010110101100': 1, '100101110110': 2, '011101110110': 2, '011011100001': 1, '010001101101': 1, '011001010011': 1, '100100100100': 1, '101111110100': 1, '110001100111': 1, '100100011110': 1, '000110100100': 1, '000010011011': 1, '010111011101': 1, '001101111110': 1, '000001001000': 1, '101101111111': 1, '100011111010': 1, '110101011000': 1, '001101111011': 1, '100101100011': 1, '000111011100': 1, '011010000100': 1, '101000011111': 2, '000011111111': 2, '010100000100': 1, '110000110011': 1, '001011011110': 2, '100001110110': 1, '100111100110': 1, '101011000000': 1, '100100001101': 1, '111101011110': 1, '111001011110': 2, '010001101010': 1, '001111001100': 1, '110000000110': 1, '100001101101': 1, '110011010011': 1, '001000110111': 1, '110010010010': 1, '010100111110': 1, '000011001010': 1, '110010000011': 1, '011010011111': 1, '101110000010': 1, '001111111011': 1, '011110111011': 1, '110110110101': 1, '101011001011': 1, '100100001111': 1, '110001001010': 1, '101001100000': 1, '001110111110': 1, '011011110111': 1, '100110100110': 1, '011101011100': 1, '011000111110': 1, '011100001000': 1, '010010010100': 1, '101011001111': 1, '101100100000': 1, '010001010010': 1, '001011010110': 1, '100101001101': 1, '101000100010': 1, '001011100111': 1, '111110001111': 1, '001101000111': 1, '011010111011': 1, '011011010110': 1, '100001010100': 1, '001101101011': 1, '111011011101': 1, '100101101111': 1, '101101100001': 1, '100100011111': 1, '111010000111': 1, '100000011111': 1, '010110001001': 1, '111011010000': 1, '111000000001': 1, '100110001001': 1, '110100101110': 1, '110001001110': 1, '010101111101': 1, '111100001000': 1, '001101001111': 1, '001000010001': 1, '000001110111': 1, '000011101001': 1, '110000001000': 1, '000111010001': 1, '011111011110': 1, '010110011001': 1, '101000101011': 1, '101011100111': 1, '111000110111': 1, '100111010000': 1, '100011110000': 1, '000101111000': 1, '010111001001': 1, '011100100111': 1, '000111001010': 1, '110101010011': 1, '011000111101': 1, '101001111111': 1, '001111001010': 1, '010010101110': 1, '110110110011': 1, '000000001101': 1, '001000010111': 1, '110111100100': 1, '000110111011': 1, '011011101111': 1, '100110101011': 1, '000100100100': 1, '011110101111': 1, '100000101011': 1, '100111101100': 1, '010100001100': 1, '110100010000': 1, '000010001101': 1, '011110100111': 1, '111101000011': 1, '100101000000': 1, '001000000110': 1, '110000111100': 2, '000011111001': 2, '010110100101': 1, '100000110101': 1, '110000111000': 1, '000100010100': 1, '010111110000': 1, '100011000100': 1, '111100001011': 1, '101111001000': 1, '100111100000': 1, '000110011111': 1, '110101001010': 1, '110001111110': 1, '100110101001': 1, '101001111000': 1, '100111101111': 1, '001011001001': 1, '101000000100': 1, '010000100111': 2, '010100010111': 1, '001011101010': 1, '110000000111': 1, '000111110000': 1, '110111001011': 1, '101110101110': 1, '010100011100': 1, '101011101111': 1, '111101001010': 1, '001101000011': 1, '111110110000': 1, '111110110110': 1, '000010111010': 1, '101101100010': 1, '101000110101': 1, '100110111000': 1, '001011101101': 1, '111110110111': 1, '101101101111': 1, '111101110011': 1, '010100000111': 1, '001110000010': 1, '011111111100': 1, '010010001110': 1, '101000100110': 1, '001101010111': 1, '111110010100': 1, '111010100110': 1, '110011001110': 1, '001010111000': 1, '001001011000': 1, '000011001001': 1, '110011110110': 1, '111110101111': 1, '111001001010': 1, '100111101011': 1, '011101011011': 1, '000111101011': 1, '001010101110': 1, '111001111000': 1, '010101011010': 1, '010101111111': 1, '010110110011': 1, '101001000110': 1, '010100000001': 1, '110110110001': 1, '110011100001': 1, '001010100101': 1, '001111001101': 1, '001111101110': 1, '110111011101': 1, '001100010010': 1, '111110101000': 1, '111111000010': 1, '000101110100': 1, '101101100111': 1, '111101111110': 1, '010101101100': 1, '100000111100': 1, '101001110101': 1, '101010011011': 1, '110001011111': 1, '100100001100': 1, '100010010010': 1, '001110010111': 1, '001101111100': 1, '110100011000': 1, '100011100100': 1, '101100101111': 1, '100111111110': 1, '000100010011': 1, '001100001101': 1, '011000101011': 1, '110100100001': 1, '100101111010': 1, '111011010001': 1, '000101000100': 1, '110110100111': 1, '100110100111': 1, '111000001111': 1, '101101010011': 1, '011101000110': 1, '101100011010': 1, '110111110001': 1, '011100001010': 1, '000011101111': 1, '011011110000': 1}

Calculating classical benchmark costs (brute-force)...

Results for this run have been appended to 'out.csv'
Experiment finished successfully!
Experiment for entry 24 marked as 'done'.
Checkpoint saved to 'out_20250922_084717.csv'
