Log started for experiment: node_visit_time, waste_collection_area, 56, P=2, Shots=1024

--- Running Experiment: Method=node_visit_time, Cluster=waste_collection_area, ID=56, P=2, Shots=1024 ---

STEP 0: Loading VRP data for waste_collection_area ID 56...
VRP data loaded successfully for Waste Collection Area ID 56.
Nodes: [33, 34, 56, 789]
Depot: 56
Customers: [33, 34, 789]

STEP 1: Qubit Allocation (Node-Visit-Time Encoding)
Total Qubits required: 6

STEP 2: Loading IBM Quantum credentials and choosing a backend...
Backend selected: ibm_brisbane
Sampler initialized.

STEP 3: Starting classical optimization for QAOA (p=2 layers)...
  [QAOA Obj] Current parameters: gamma=[0.402 0.288], beta=[3.087 2.214]
  [QAOA Obj] Expected Cost calculated: 683.941
  [QAOA Obj] Current parameters: gamma=[1.402 0.288], beta=[3.087 2.214]
  [QAOA Obj] Expected Cost calculated: 716.222
  [QAOA Obj] Current parameters: gamma=[0.402 1.288], beta=[3.087 2.214]
  [QAOA Obj] Expected Cost calculated: 738.593
  [QAOA Obj] Current parameters: gamma=[0.402 0.288], beta=[4.087 2.214]
  [QAOA Obj] Expected Cost calculated: 686.889
  [QAOA Obj] Current parameters: gamma=[0.402 0.288], beta=[3.087 3.214]
  [QAOA Obj] Expected Cost calculated: 730.745
  [QAOA Obj] Current parameters: gamma=[ 0. -0.], beta=[3.032 1.347]
  [QAOA Obj] Expected Cost calculated: 702.445
  [QAOA Obj] Current parameters: gamma=[0.194 0.   ], beta=[3.068 2.566]
  [QAOA Obj] Expected Cost calculated: 680.026

Optimization finished.
Optimal Parameters: gamma=[0.194 0.   ], beta=[3.068 2.566]
Minimum Expected Cost found: 680.026

STEP 4: Running QAOA circuit with optimal parameters...

STEP 5: Processing results and saving to CSV...
All measurement counts from 1024 shots:
{'110101': 29, '010001': 22, '110011': 16, '101001': 76, '010011': 22, '010111': 20, '001010': 6, '010101': 21, '011101': 7, '110001': 26, '100100': 11, '101100': 12, '100011': 21, '100110': 14, '101011': 36, '000000': 10, '101101': 27, '111001': 19, '000110': 14, '010100': 9, '000010': 3, '000111': 12, '010110': 9, '001000': 12, '000101': 15, '001111': 17, '011111': 6, '100001': 47, '110100': 22, '101110': 10, '000100': 9, '111111': 7, '110111': 21, '011001': 19, '011100': 18, '111010': 12, '011110': 11, '111011': 8, '001101': 30, '110000': 8, '101010': 9, '001001': 60, '111000': 14, '100010': 9, '111101': 9, '001110': 6, '011000': 9, '101111': 12, '110010': 7, '001100': 6, '000001': 22, '110110': 11, '100111': 8, '001011': 18, '010010': 7, '011010': 9, '000011': 15, '111100': 13, '111110': 11, '101000': 10, '100000': 16, '100101': 13, '010000': 8, '011011': 8}

Calculating classical benchmark costs (brute-force)...
Classical minimum cost found: 17.974

Results for this run have been appended to 'out.csv'
Experiment finished successfully!
Experiment for entry 42 marked as 'done'.
Checkpoint saved to 'out_20250922_100507.csv'
