Log started for experiment: node_visit_time, waste_collection_area, 56, P=4, Shots=1024

--- Running Experiment: Method=node_visit_time, Cluster=waste_collection_area, ID=56, P=4, Shots=1024 ---

STEP 0: Loading VRP data for waste_collection_area ID 56...
VRP data loaded successfully for Waste Collection Area ID 56.
Nodes: [33, 34, 56, 789]
Depot: 56
Customers: [33, 34, 789]

STEP 1: Qubit Allocation (Node-Visit-Time Encoding)
Total Qubits required: 6

STEP 2: Loading IBM Quantum credentials and choosing a backend...
Backend selected: ibm_brisbane
Sampler initialized.

STEP 3: Starting classical optimization for QAOA (p=4 layers)...
  [QAOA Obj] Current parameters: gamma=[0.674 0.656 0.702 0.645], beta=[3.49  4.302 0.241 2.399]
  [QAOA Obj] Expected Cost calculated: 699.539
  [QAOA Obj] Current parameters: gamma=[1.674 0.656 0.702 0.645], beta=[3.49  4.302 0.241 2.399]
  [QAOA Obj] Expected Cost calculated: 728.878
  [QAOA Obj] Current parameters: gamma=[0.674 1.656 0.702 0.645], beta=[3.49  4.302 0.241 2.399]
  [QAOA Obj] Expected Cost calculated: 696.585
  [QAOA Obj] Current parameters: gamma=[0.674 1.656 1.702 0.645], beta=[3.49  4.302 0.241 2.399]
  [QAOA Obj] Expected Cost calculated: 712.193
  [QAOA Obj] Current parameters: gamma=[0.674 1.656 0.702 1.645], beta=[3.49  4.302 0.241 2.399]
  [QAOA Obj] Expected Cost calculated: 690.767
  [QAOA Obj] Current parameters: gamma=[0.674 1.656 0.702 1.645], beta=[4.49  4.302 0.241 2.399]
  [QAOA Obj] Expected Cost calculated: 679.076
  [QAOA Obj] Current parameters: gamma=[0.674 1.656 0.702 1.645], beta=[4.49  5.302 0.241 2.399]
  [QAOA Obj] Expected Cost calculated: 681.933
  [QAOA Obj] Current parameters: gamma=[0.674 1.656 0.702 1.645], beta=[4.49  4.302 1.241 2.399]
  [QAOA Obj] Expected Cost calculated: 731.752
  [QAOA Obj] Current parameters: gamma=[0.674 1.656 0.702 1.645], beta=[4.49  4.302 0.241 3.399]
  [QAOA Obj] Expected Cost calculated: 710.298
  [QAOA Obj] Current parameters: gamma=[0.076 0.717 0.383 0.764], beta=[3.728 4.243 0.    1.762]
  [QAOA Obj] Expected Cost calculated: 718.161
  [QAOA Obj] Current parameters: gamma=[0.524 0.672 0.621 0.675], beta=[3.211 4.626 0.31  2.577]
  [QAOA Obj] Expected Cost calculated: 714.230

Optimization finished.
Optimal Parameters: gamma=[0.674 0.656 0.702 0.645], beta=[3.49  4.302 0.241 2.399]
Minimum Expected Cost found: 699.539

STEP 4: Running QAOA circuit with optimal parameters...

STEP 5: Processing results and saving to CSV...
All measurement counts from 1024 shots:
{'001110': 21, '010111': 11, '110111': 18, '011001': 20, '111111': 19, '011100': 12, '101000': 17, '011000': 28, '110011': 18, '101110': 17, '101010': 21, '110010': 26, '000011': 19, '001111': 16, '101001': 14, '111110': 20, '111100': 13, '101011': 16, '110100': 24, '110000': 16, '111000': 24, '011011': 17, '101100': 19, '011110': 17, '010001': 20, '001011': 18, '010010': 16, '000000': 25, '100010': 17, '010100': 14, '001001': 18, '000010': 21, '100110': 18, '111011': 11, '000100': 22, '000111': 9, '000001': 11, '111101': 24, '100011': 16, '110101': 14, '111001': 16, '011010': 14, '001010': 19, '110001': 11, '010101': 9, '001101': 13, '101101': 16, '001100': 11, '100111': 7, '100100': 11, '011111': 10, '000110': 13, '010110': 13, '111010': 21, '000101': 17, '101111': 12, '001000': 7, '010011': 15, '100000': 15, '100101': 10, '100001': 13, '011101': 13, '110110': 11, '010000': 10}

Calculating classical benchmark costs (brute-force)...
Classical minimum cost found: 17.974

Results for this run have been appended to 'out.csv'
Experiment finished successfully!
Experiment for entry 46 marked as 'done'.
Checkpoint saved to 'out_20250922_092810.csv'
