Starting QAOA for VRP script (using QUBO formulation)...

STEP 0: Loading VRP data for waste_facility ID 5...
VRP data loaded successfully for Waste Facility ID 5.
Nodes: [5, 22, 48, 57, 70, 87]
Depot: 5
Customers: [22, 48, 57, 70, 87]

STEP 1: Qubit Allocation (QUBO Encoding)
Total Cities (N for QUBO): 6
Total Qubits required (N^2): 36

STEP 2: Loading IBM Quantum credentials and choosing a backend...
Backend selected: ibm_brisbane
Sampler initialized.

STEP 3: Starting classical optimization for QAOA (p=4 layers)...
  [QAOA Obj] Current parameters: gamma=[0.65 0.56 0.23 0.05], beta=[2.28 0.3  0.99 2.15]
  [QAOA Obj] Creating QAOA circuit (QUBO formulation)...
  [QAOA Obj] Circuit created. Transpiling...
  [QAOA Obj] Circuit transpiled. Running on Sampler...
  [QAOA Obj] Sampler job completed in 49.30 seconds. Processing results...
  [QAOA Obj] Calculating expected cost from measurements...
  [QAOA Obj] Expected Cost calculated: 17011.719
Expected Cost: 17011.719
C:\Users\Lenovo\AppData\Local\Programs\Python\Python311\Lib\site-packages\scipy\_lib\pyprima\common\preproc.py:68: UserWarning: COBYLA: Invalid MAXFUN; it should be at least num_vars + 2; it is set to 10
  warn(f'{solver}: Invalid MAXFUN; it should be at least {min_maxfun_str}; it is set to {maxfun}')
  [QAOA Obj] Current parameters: gamma=[1.65 0.56 0.23 0.05], beta=[2.28 0.3  0.99 2.15]
  [QAOA Obj] Creating QAOA circuit (QUBO formulation)...
  [QAOA Obj] Circuit created. Transpiling...
  [QAOA Obj] Circuit transpiled. Running on Sampler...
  [QAOA Obj] Sampler job completed in 9.74 seconds. Processing results...
  [QAOA Obj] Calculating expected cost from measurements...
  [QAOA Obj] Expected Cost calculated: 17314.453
Expected Cost: 17314.453
  [QAOA Obj] Current parameters: gamma=[0.65 1.56 0.23 0.05], beta=[2.28 0.3  0.99 2.15]
  [QAOA Obj] Creating QAOA circuit (QUBO formulation)...
  [QAOA Obj] Circuit created. Transpiling...
  [QAOA Obj] Circuit transpiled. Running on Sampler...
  [QAOA Obj] Sampler job completed in 10.17 seconds. Processing results...
  [QAOA Obj] Calculating expected cost from measurements...
  [QAOA Obj] Expected Cost calculated: 16929.688
Expected Cost: 16929.688
  [QAOA Obj] Current parameters: gamma=[0.65 1.56 1.23 0.05], beta=[2.28 0.3  0.99 2.15]
  [QAOA Obj] Creating QAOA circuit (QUBO formulation)...
  [QAOA Obj] Circuit created. Transpiling...
  [QAOA Obj] Circuit transpiled. Running on Sampler...
  [QAOA Obj] Sampler job completed in 9.72 seconds. Processing results...
  [QAOA Obj] Calculating expected cost from measurements...
  [QAOA Obj] Expected Cost calculated: 17119.141
Expected Cost: 17119.141
  [QAOA Obj] Current parameters: gamma=[0.65 1.56 0.23 1.05], beta=[2.28 0.3  0.99 2.15]
  [QAOA Obj] Creating QAOA circuit (QUBO formulation)...
  [QAOA Obj] Circuit created. Transpiling...
  [QAOA Obj] Circuit transpiled. Running on Sampler...
  [QAOA Obj] Sampler job completed in 9.79 seconds. Processing results...
  [QAOA Obj] Calculating expected cost from measurements...
  [QAOA Obj] Expected Cost calculated: 17021.484
Expected Cost: 17021.484
  [QAOA Obj] Current parameters: gamma=[0.65 1.56 0.23 0.05], beta=[3.28 0.3  0.99 2.15]
  [QAOA Obj] Creating QAOA circuit (QUBO formulation)...
  [QAOA Obj] Circuit created. Transpiling...
  [QAOA Obj] Circuit transpiled. Running on Sampler...
  [QAOA Obj] Sampler job completed in 10.37 seconds. Processing results...
  [QAOA Obj] Calculating expected cost from measurements...
  [QAOA Obj] Expected Cost calculated: 17265.625
Expected Cost: 17265.625
  [QAOA Obj] Current parameters: gamma=[0.65 1.56 0.23 0.05], beta=[2.28 1.3  0.99 2.15]
  [QAOA Obj] Creating QAOA circuit (QUBO formulation)...
  [QAOA Obj] Circuit created. Transpiling...
  [QAOA Obj] Circuit transpiled. Running on Sampler...
  [QAOA Obj] Sampler job completed in 10.13 seconds. Processing results...
  [QAOA Obj] Calculating expected cost from measurements...
  [QAOA Obj] Expected Cost calculated: 17328.125
Expected Cost: 17328.125
  [QAOA Obj] Current parameters: gamma=[0.65 1.56 0.23 0.05], beta=[2.28 0.3  1.99 2.15]
  [QAOA Obj] Creating QAOA circuit (QUBO formulation)...
  [QAOA Obj] Circuit created. Transpiling...
  [QAOA Obj] Circuit transpiled. Running on Sampler...
  [QAOA Obj] Sampler job completed in 10.95 seconds. Processing results...
  [QAOA Obj] Calculating expected cost from measurements...
  [QAOA Obj] Expected Cost calculated: 17144.531
Expected Cost: 17144.531
  [QAOA Obj] Current parameters: gamma=[0.65 1.56 0.23 0.05], beta=[2.28 0.3  0.99 3.15]
  [QAOA Obj] Creating QAOA circuit (QUBO formulation)...
  [QAOA Obj] Circuit created. Transpiling...
  [QAOA Obj] Circuit transpiled. Running on Sampler...
  [QAOA Obj] Sampler job completed in 11.62 seconds. Processing results...
  [QAOA Obj] Calculating expected cost from measurements...
  [QAOA Obj] Expected Cost calculated: 17453.125
Expected Cost: 17453.125
  [QAOA Obj] Current parameters: gamma=[0.26 0.66 0.   0.  ], beta=[1.85 0.   0.71 1.48]
  [QAOA Obj] Creating QAOA circuit (QUBO formulation)...
  [QAOA Obj] Circuit created. Transpiling...
  [QAOA Obj] Circuit transpiled. Running on Sampler...
  [QAOA Obj] Sampler job completed in 7.93 seconds. Processing results...
  [QAOA Obj] Calculating expected cost from measurements...
  [QAOA Obj] Expected Cost calculated: 17136.719
Expected Cost: 17136.719

Optimization finished.
Optimal Parameters: gamma=[0.647 0.555 0.226 0.05 ], beta=[2.281 0.295 0.986 2.149]
Minimum Expected Cost found: 17011.719

STEP 4: Running QAOA circuit with optimal parameters...

STEP 5: Processing results and interpreting optimal route...
Most probable bitstring: 010110110110000000110001001110100110 (Count: 1, Probability: 0.002)
Optimal VRP Route (decoded from QUBO): -1 -> -1 -> 4 -> -1 -> -1 -> 3
Total Cost of Optimal Route (Distance + Penalties, QUBO): 16000.000

Script finished successfully!