D:\riset\Research Project MCS-100\implementation\6_quantum vrp_pennylane>py quantum_vrp.py
Starting QAOA for VRP script...

STEP 0: Loading VRP data for waste_facility ID 5...
VRP data loaded successfully for Waste Facility ID 5.
Nodes: [5, 22, 48, 57, 70, 87]
Depot: 5
Customers: [22, 48, 57, 70, 87]

STEP 1: Qubit Allocation (Node-Visit-Time Encoding)
Total Nodes (N): 6
Number of Customers (n): 5
Bits per node (ceil(log2(N))): 3
Total Qubits required: 15

STEP 2: Loading IBM Quantum credentials and choosing a backend...
Backend selected: ibm_brisbane
Sampler initialized.

STEP 3: Starting classical optimization for QAOA (p=2 layers)...
  [QAOA Obj] Current parameters: gamma=[0.44 0.46], beta=[5.91 2.75]
  [QAOA Obj] Creating QAOA circuit...
  [QAOA Obj] Circuit created. Transpiling...
  [QAOA Obj] Circuit transpiled. Running on Sampler...
  [QAOA Obj] Sampler job completed in 4.74 seconds. Processing results...
  [QAOA Obj] Calculating expected cost from measurements...
  [QAOA Obj] Expected Cost calculated: 2504.294
Expected Cost: 2504.294
  [QAOA Obj] Current parameters: gamma=[1.44 0.46], beta=[5.91 2.75]
  [QAOA Obj] Creating QAOA circuit...
  [QAOA Obj] Circuit created. Transpiling...
  [QAOA Obj] Circuit transpiled. Running on Sampler...
  [QAOA Obj] Sampler job completed in 4.79 seconds. Processing results...
  [QAOA Obj] Calculating expected cost from measurements...
  [QAOA Obj] Expected Cost calculated: 2426.704
Expected Cost: 2426.704
  [QAOA Obj] Current parameters: gamma=[1.44 1.46], beta=[5.91 2.75]
  [QAOA Obj] Creating QAOA circuit...
  [QAOA Obj] Circuit created. Transpiling...
  [QAOA Obj] Circuit transpiled. Running on Sampler...
  [QAOA Obj] Sampler job completed in 4.32 seconds. Processing results...
  [QAOA Obj] Calculating expected cost from measurements...
  [QAOA Obj] Expected Cost calculated: 2605.988
Expected Cost: 2605.988
  [QAOA Obj] Current parameters: gamma=[1.44 0.46], beta=[6.91 2.75]
  [QAOA Obj] Creating QAOA circuit...
  [QAOA Obj] Circuit created. Transpiling...
  [QAOA Obj] Circuit transpiled. Running on Sampler...
  [QAOA Obj] Sampler job completed in 4.77 seconds. Processing results...
  [QAOA Obj] Calculating expected cost from measurements...
  [QAOA Obj] Expected Cost calculated: 2230.109
Expected Cost: 2230.109
  [QAOA Obj] Current parameters: gamma=[1.44 0.46], beta=[6.91 3.75]
  [QAOA Obj] Creating QAOA circuit...
  [QAOA Obj] Circuit created. Transpiling...
  [QAOA Obj] Circuit transpiled. Running on Sampler...
  [QAOA Obj] Sampler job completed in 48.19 seconds. Processing results...
  [QAOA Obj] Calculating expected cost from measurements...
  [QAOA Obj] Expected Cost calculated: 2449.512
Expected Cost: 2449.512
  [QAOA Obj] Current parameters: gamma=[0.79 0.19], beta=[6.28 2.43]
  [QAOA Obj] Creating QAOA circuit...
  [QAOA Obj] Circuit created. Transpiling...
  [QAOA Obj] Circuit transpiled. Running on Sampler...
  [QAOA Obj] Sampler job completed in 4.73 seconds. Processing results...
  [QAOA Obj] Calculating expected cost from measurements...
  [QAOA Obj] Expected Cost calculated: 2504.460
Expected Cost: 2504.460
  [QAOA Obj] Current parameters: gamma=[ 0.79 -0.  ], beta=[6.28 1.96]
  [QAOA Obj] Creating QAOA circuit...
  [QAOA Obj] Circuit created. Transpiling...
  [QAOA Obj] Circuit transpiled. Running on Sampler...
  [QAOA Obj] Sampler job completed in 4.63 seconds. Processing results...
  [QAOA Obj] Calculating expected cost from measurements...
  [QAOA Obj] Expected Cost calculated: 2630.240
Expected Cost: 2630.240

Optimization finished.
Optimal Parameters: gamma=[0.435 0.455], beta=[5.915 2.755]
Minimum Expected Cost found: 2504.294

STEP 4: Running QAOA circuit with optimal parameters...

STEP 5: Processing results and interpreting optimal route...
Most probable bitstring: 010001100001110 (Count: 1, Probability: 0.008)
Decoded visit times for customers [22, 48, 57, 70, 87]: [2, 1, 4, 1, 6]
Optimal VRP Route: 5 -> 48 -> 70 -> 22 -> 57 -> 87 -> 5
Total Cost of Optimal Route (Distance + Penalties): 2027.191

Script finished successfully!

D:\riset\Research Project MCS-100\implementation\6_quantum vrp_pennylane>cd ..

D:\riset\Research Project MCS-100\implementation>cd "4_completed graph data"

D:\riset\Research Project MCS-100\implementation\4_completed graph data>py naive_vrp.py

--- Waste Facility ID: 5 ---
Optimal Path: 5 -> 22 -> 57 -> 87 -> 70 -> 48 -> 5
Minimum Distance = 26.039 km
Worst Distance (Maximum) = 44.369 km
Average Distance = 36.151 km
Potential Distance Saving (Max - Min) = 18.330 km
Average Distance Saving (Avg - Min) = 10.112 km
Time processed: 0.0008 seconds

D:\riset\Research Project MCS-100\implementation\4_completed graph data>